{"ts": "2026-08-17T00:04:17.043516337Z", "container": "prefect-postgres", "msg": "2026-08-17 00:04:17.043 UTC [27] LOG:  checkpoint starting: time"}
{"ts": "2026-08-17T00:04:20.175935028Z", "container": "prefect-postgres", "msg": "2026-08-17 00:04:20.175 UTC [27] LOG:  checkpoint complete: wrote 31 buffers (0.2%); 0 WAL file(s) added, 0 removed, 0 recycled; write=3.107 s, sync=0.013 s, total=3.133 s; sync files=141, longest=0.003 s, average=0.001 s; distance=3148 kB, estimate=3148 kB; lsn=1/496E74E0, redo lsn=1/496DBC90"}
{"ts": "2026-08-17T00:09:17.276043415Z", "container": "prefect-postgres", "msg": "2026-08-17 00:09:17.275 UTC [27] LOG:  checkpoint starting: time"}
{"ts": "2026-08-17T00:09:20.113413707Z", "container": "prefect-postgres", "msg": "2026-08-17 00:09:20.113 UTC [27] LOG:  checkpoint complete: wrote 29 buffers (0.2%); 0 WAL file(s) added, 0 removed, 0 recycled; write=2.808 s, sync=0.017 s, total=2.838 s; sync files=28, longest=0.003 s, average=0.001 s; distance=1059 kB, estimate=2939 kB; lsn=1/497F3600, redo lsn=1/497E4B08"}
{"ts": "2026-08-17T00:14:17.211612001Z", "container": "prefect-postgres", "msg": "2026-08-17 00:14:17.211 UTC [27] LOG:  checkpoint starting: time"}
{"ts": "2026-08-17T00:14:20.939602797Z", "container": "prefect-postgres", "msg": "2026-08-17 00:14:20.939 UTC [27] LOG:  checkpoint complete: wrote 38 buffers (0.2%); 0 WAL file(s) added, 0 removed, 0 recycled; write=3.710 s, sync=0.008 s, total=3.729 s; sync files=28, longest=0.003 s, average=0.001 s; distance=1100 kB, estimate=2755 kB; lsn=1/49903708, redo lsn=1/498F7BC0"}
{"ts": "2026-08-17T00:19:18.039492295Z", "container": "prefect-postgres", "msg": "2026-08-17 00:19:18.039 UTC [27] LOG:  checkpoint starting: time"}
{"ts": "2026-08-17T00:19:22.481409391Z", "container": "prefect-postgres", "msg": "2026-08-17 00:19:22.481 UTC [27] LOG:  checkpoint complete: wrote 39 buffers (0.2%); 0 WAL file(s) added, 0 removed, 0 recycled; write=4.415 s, sync=0.015 s, total=4.442 s; sync files=141, longest=0.003 s, average=0.001 s; distance=3190 kB, estimate=3190 kB; lsn=1/49C1CAC8, redo lsn=1/49C156A8"}
{"ts": "2026-08-17T00:24:18.580111704Z", "container": "prefect-postgres", "msg": "2026-08-17 00:24:18.580 UTC [27] LOG:  checkpoint starting: time"}
{"ts": "2026-08-17T00:24:22.514380802Z", "container": "prefect-postgres", "msg": "2026-08-17 00:24:22.514 UTC [27] LOG:  checkpoint complete: wrote 39 buffers (0.2%); 0 WAL file(s) added, 0 removed, 0 recycled; write=3.911 s, sync=0.012 s, total=3.935 s; sync files=28, longest=0.004 s, average=0.001 s; distance=1098 kB, estimate=2981 kB; lsn=1/49D315D8, redo lsn=1/49D28170"}
{"ts": "2026-08-17T00:29:18.611487313Z", "container": "prefect-postgres", "msg": "2026-08-17 00:29:18.611 UTC [27] LOG:  checkpoint starting: time"}
{"ts": "2026-08-17T00:29:23.251432191Z", "container": "prefect-postgres", "msg": "2026-08-17 00:29:23.251 UTC [27] LOG:  checkpoint complete: wrote 45 buffers (0.3%); 0 WAL file(s) added, 0 removed, 0 recycled; write=4.617 s, sync=0.013 s, total=4.640 s; sync files=42, longest=0.003 s, average=0.001 s; distance=1455 kB, estimate=2828 kB; lsn=1/49E99CB0, redo lsn=1/49E93D70"}
{"ts": "2026-08-17T00:34:18.351530798Z", "container": "prefect-postgres", "msg": "2026-08-17 00:34:18.351 UTC [27] LOG:  checkpoint starting: time"}
{"ts": "2026-08-17T00:34:20.888484762Z", "container": "prefect-postgres", "msg": "2026-08-17 00:34:20.888 UTC [27] LOG:  checkpoint complete: wrote 25 buffers (0.2%); 0 WAL file(s) added, 0 removed, 1 recycled; write=2.507 s, sync=0.019 s, total=2.537 s; sync files=135, longest=0.003 s, average=0.001 s; distance=2555 kB, estimate=2801 kB; lsn=1/4A11D408, redo lsn=1/4A112B98"}
{"ts": "2026-08-17T00:39:18.987493041Z", "container": "prefect-postgres", "msg": "2026-08-17 00:39:18.987 UTC [27] LOG:  checkpoint starting: time"}
{"ts": "2026-08-17T00:39:21.423172049Z", "container": "prefect-postgres", "msg": "2026-08-17 00:39:21.423 UTC [27] LOG:  checkpoint complete: wrote 25 buffers (0.2%); 0 WAL file(s) added, 0 removed, 0 recycled; write=2.414 s, sync=0.009 s, total=2.436 s; sync files=28, longest=0.003 s, average=0.001 s; distance=1079 kB, estimate=2629 kB; lsn=1/4A223A00, redo lsn=1/4A220B10"}
{"ts": "2026-08-17T00:44:18.520188867Z", "container": "prefect-postgres", "msg": "2026-08-17 00:44:18.520 UTC [27] LOG:  checkpoint starting: time"}
{"ts": "2026-08-17T00:44:23.161390655Z", "container": "prefect-postgres", "msg": "2026-08-17 00:44:23.161 UTC [27] LOG:  checkpoint complete: wrote 46 buffers (0.3%); 0 WAL file(s) added, 0 removed, 0 recycled; write=4.616 s, sync=0.014 s, total=4.642 s; sync files=32, longest=0.003 s, average=0.001 s; distance=1504 kB, estimate=2516 kB; lsn=1/4A3A52D8, redo lsn=1/4A398D70"}
{"ts": "2026-08-17T00:49:18.259493972Z", "container": "prefect-postgres", "msg": "2026-08-17 00:49:18.259 UTC [27] LOG:  checkpoint starting: time"}
{"ts": "2026-08-17T00:49:21.297776833Z", "container": "prefect-postgres", "msg": "2026-08-17 00:49:21.297 UTC [27] LOG:  checkpoint complete: wrote 30 buffers (0.2%); 0 WAL file(s) added, 0 removed, 0 recycled; write=3.010 s, sync=0.017 s, total=3.039 s; sync files=133, longest=0.003 s, average=0.001 s; distance=2575 kB, estimate=2575 kB; lsn=1/4A6280C0, redo lsn=1/4A61CA38"}
{"ts": "2026-08-17T00:54:18.395439162Z", "container": "prefect-postgres", "msg": "2026-08-17 00:54:18.395 UTC [27] LOG:  checkpoint starting: time"}
{"ts": "2026-08-17T00:54:23.026744432Z", "container": "prefect-postgres", "msg": "2026-08-17 00:54:23.026 UTC [27] LOG:  checkpoint complete: wrote 47 buffers (0.3%); 0 WAL file(s) added, 0 removed, 0 recycled; write=4.616 s, sync=0.006 s, total=4.632 s; sync files=28, longest=0.004 s, average=0.001 s; distance=1093 kB, estimate=2427 kB; lsn=1/4A73DA90, redo lsn=1/4A72E090"}
{"ts": "2026-08-17T00:59:18.125550172Z", "container": "prefect-postgres", "msg": "2026-08-17 00:59:18.125 UTC [27] LOG:  checkpoint starting: time"}
{"ts": "2026-08-17T00:59:19.963100884Z", "container": "prefect-postgres", "msg": "2026-08-17 00:59:19.963 UTC [27] LOG:  checkpoint complete: wrote 18 buffers (0.1%); 0 WAL file(s) added, 0 removed, 0 recycled; write=1.805 s, sync=0.021 s, total=1.838 s; sync files=31, longest=0.004 s, average=0.001 s; distance=1140 kB, estimate=2298 kB; lsn=1/4A851748, redo lsn=1/4A84B418"}
{"ts": "2026-08-17T01:04:19.056795324Z", "container": "prefect-postgres", "msg": "2026-08-17 01:04:19.056 UTC [27] LOG:  checkpoint starting: time"}
{"ts": "2026-08-17T01:04:22.196113950Z", "container": "prefect-postgres", "msg": "2026-08-17 01:04:22.196 UTC [27] LOG:  checkpoint complete: wrote 26 buffers (0.2%); 0 WAL file(s) added, 0 removed, 0 recycled; write=3.109 s, sync=0.021 s, total=3.140 s; sync files=28, longest=0.003 s, average=0.001 s; distance=1049 kB, estimate=2173 kB; lsn=1/4A957A20, redo lsn=1/4A951AF0"}
{"ts": "2026-08-17T01:09:19.296207373Z", "container": "prefect-postgres", "msg": "2026-08-17 01:09:19.296 UTC [27] LOG:  checkpoint starting: time"}
{"ts": "2026-08-17T01:09:24.338077516Z", "container": "prefect-postgres", "msg": "2026-08-17 01:09:24.337 UTC [27] LOG:  checkpoint complete: wrote 43 buffers (0.3%); 0 WAL file(s) added, 0 removed, 0 recycled; write=5.012 s, sync=0.019 s, total=5.042 s; sync files=28, longest=0.003 s, average=0.001 s; distance=1073 kB, estimate=2063 kB; lsn=1/4AA6F878, redo lsn=1/4AA5E088"}
{"ts": "2026-08-17T01:14:19.436840137Z", "container": "prefect-postgres", "msg": "2026-08-17 01:14:19.436 UTC [27] LOG:  checkpoint starting: time"}
{"ts": "2026-08-17T01:14:24.876847801Z", "container": "prefect-postgres", "msg": "2026-08-17 01:14:24.876 UTC [27] LOG:  checkpoint complete: wrote 48 buffers (0.3%); 0 WAL file(s) added, 0 removed, 0 recycled; write=5.413 s, sync=0.015 s, total=5.441 s; sync files=29, longest=0.003 s, average=0.001 s; distance=1102 kB, estimate=1967 kB; lsn=1/4AB7E838, redo lsn=1/4AB71980"}
{"ts": "2026-08-17T01:19:19.975461816Z", "container": "prefect-postgres", "msg": "2026-08-17 01:19:19.975 UTC [27] LOG:  checkpoint starting: time"}
{"ts": "2026-08-17T01:19:23.904344547Z", "container": "prefect-postgres", "msg": "2026-08-17 01:19:23.904 UTC [27] LOG:  checkpoint complete: wrote 37 buffers (0.2%); 0 WAL file(s) added, 0 removed, 0 recycled; write=3.910 s, sync=0.009 s, total=3.929 s; sync files=28, longest=0.003 s, average=0.001 s; distance=1093 kB, estimate=1880 kB; lsn=1/4AC88B50, redo lsn=1/4AC82F98"}
{"ts": "2026-08-17T01:24:19.988243942Z", "container": "prefect-postgres", "msg": "2026-08-17 01:24:19.988 UTC [27] LOG:  checkpoint starting: time"}
{"ts": "2026-08-17T01:24:23.529925913Z", "container": "prefect-postgres", "msg": "2026-08-17 01:24:23.529 UTC [27] LOG:  checkpoint complete: wrote 36 buffers (0.2%); 0 WAL file(s) added, 0 removed, 0 recycled; write=3.509 s, sync=0.023 s, total=3.542 s; sync files=29, longest=0.004 s, average=0.001 s; distance=1118 kB, estimate=1803 kB; lsn=1/4ADA9C88, redo lsn=1/4AD9AA38"}
{"ts": "2026-08-17T01:29:19.627476923Z", "container": "prefect-postgres", "msg": "2026-08-17 01:29:19.627 UTC [27] LOG:  checkpoint starting: time"}
{"ts": "2026-08-17T01:29:25.368009161Z", "container": "prefect-postgres", "msg": "2026-08-17 01:29:25.367 UTC [27] LOG:  checkpoint complete: wrote 50 buffers (0.3%); 0 WAL file(s) added, 0 removed, 0 recycled; write=5.713 s, sync=0.016 s, total=5.741 s; sync files=39, longest=0.003 s, average=0.001 s; distance=1275 kB, estimate=1751 kB; lsn=1/4AEE3C80, redo lsn=1/4AED96C0"}
{"ts": "2026-08-17T01:34:19.467472100Z", "container": "prefect-postgres", "msg": "2026-08-17 01:34:19.467 UTC [27] LOG:  checkpoint starting: time"}
{"ts": "2026-08-17T01:34:22.101933183Z", "container": "prefect-postgres", "msg": "2026-08-17 01:34:22.101 UTC [27] LOG:  checkpoint complete: wrote 26 buffers (0.2%); 0 WAL file(s) added, 0 removed, 0 recycled; write=2.606 s, sync=0.018 s, total=2.635 s; sync files=28, longest=0.003 s, average=0.001 s; distance=1091 kB, estimate=1685 kB; lsn=1/4AFF41B0, redo lsn=1/4AFEA670"}
{"ts": "2026-08-17T01:39:19.199444591Z", "container": "prefect-postgres", "msg": "2026-08-17 01:39:19.199 UTC [27] LOG:  checkpoint starting: time"}
{"ts": "2026-08-17T01:39:23.130143598Z", "container": "prefect-postgres", "msg": "2026-08-17 01:39:23.130 UTC [27] LOG:  checkpoint complete: wrote 37 buffers (0.2%); 0 WAL file(s) added, 0 removed, 1 recycled; write=3.910 s, sync=0.007 s, total=3.931 s; sync files=28, longest=0.003 s, average=0.001 s; distance=1096 kB, estimate=1626 kB; lsn=1/4B103968, redo lsn=1/4B0FCA58"}
{"ts": "2026-08-17T01:44:19.227496129Z", "container": "prefect-postgres", "msg": "2026-08-17 01:44:19.227 UTC [27] LOG:  checkpoint starting: time"}
{"ts": "2026-08-17T01:44:22.867055391Z", "container": "prefect-postgres", "msg": "2026-08-17 01:44:22.866 UTC [27] LOG:  checkpoint complete: wrote 36 buffers (0.2%); 0 WAL file(s) added, 0 removed, 0 recycled; write=3.614 s, sync=0.014 s, total=3.640 s; sync files=28, longest=0.003 s, average=0.001 s; distance=1127 kB, estimate=1576 kB; lsn=1/4B222818, redo lsn=1/4B216838"}
{"ts": "2026-08-17T01:49:19.922420394Z", "container": "prefect-postgres", "msg": "2026-08-17 01:49:19.922 UTC [27] LOG:  checkpoint starting: time"}
{"ts": "2026-08-17T01:49:23.257737210Z", "container": "prefect-postgres", "msg": "2026-08-17 01:49:23.257 UTC [27] LOG:  checkpoint complete: wrote 27 buffers (0.2%); 0 WAL file(s) added, 0 removed, 0 recycled; write=3.311 s, sync=0.012 s, total=3.336 s; sync files=28, longest=0.003 s, average=0.001 s; distance=1078 kB, estimate=1526 kB; lsn=1/4B32C5D0, redo lsn=1/4B324258"}
{"ts": "2026-08-17T01:54:19.355463868Z", "container": "prefect-postgres", "msg": "2026-08-17 01:54:19.355 UTC [27] LOG:  checkpoint starting: time"}
{"ts": "2026-08-17T01:54:22.791948451Z", "container": "prefect-postgres", "msg": "2026-08-17 01:54:22.791 UTC [27] LOG:  checkpoint complete: wrote 29 buffers (0.2%); 0 WAL file(s) added, 0 removed, 0 recycled; write=3.413 s, sync=0.013 s, total=3.437 s; sync files=29, longest=0.004 s, average=0.001 s; distance=1132 kB, estimate=1487 kB; lsn=1/4B446BC0, redo lsn=1/4B43F320"}
{"ts": "2026-08-17T01:59:19.891486072Z", "container": "prefect-postgres", "msg": "2026-08-17 01:59:19.891 UTC [27] LOG:  checkpoint starting: time"}
{"ts": "2026-08-17T01:59:22.919902569Z", "container": "prefect-postgres", "msg": "2026-08-17 01:59:22.919 UTC [27] LOG:  checkpoint complete: wrote 30 buffers (0.2%); 0 WAL file(s) added, 0 removed, 0 recycled; write=3.009 s, sync=0.008 s, total=3.029 s; sync files=28, longest=0.003 s, average=0.001 s; distance=1098 kB, estimate=1448 kB; lsn=1/4B555638, redo lsn=1/4B551B70"}
{"ts": "2026-08-17T02:04:20.013314722Z", "container": "prefect-postgres", "msg": "2026-08-17 02:04:20.013 UTC [27] LOG:  checkpoint starting: time"}
{"ts": "2026-08-17T02:04:24.142474376Z", "container": "prefect-postgres", "msg": "2026-08-17 02:04:24.142 UTC [27] LOG:  checkpoint complete: wrote 39 buffers (0.2%); 0 WAL file(s) added, 0 removed, 0 recycled; write=4.109 s, sync=0.008 s, total=4.130 s; sync files=27, longest=0.003 s, average=0.001 s; distance=1112 kB, estimate=1414 kB; lsn=1/4B674690, redo lsn=1/4B667B78"}
{"ts": "2026-08-17T02:09:20.239466901Z", "container": "prefect-postgres", "msg": "2026-08-17 02:09:20.239 UTC [27] LOG:  checkpoint starting: time"}
{"ts": "2026-08-17T02:09:22.669641091Z", "container": "prefect-postgres", "msg": "2026-08-17 02:09:22.669 UTC [27] LOG:  checkpoint complete: wrote 25 buffers (0.2%); 0 WAL file(s) added, 0 removed, 0 recycled; write=2.407 s, sync=0.013 s, total=2.431 s; sync files=28, longest=0.004 s, average=0.001 s; distance=1080 kB, estimate=1381 kB; lsn=1/4B77A348, redo lsn=1/4B775DC0"}
{"ts": "2026-08-17T02:14:20.767498398Z", "container": "prefect-postgres", "msg": "2026-08-17 02:14:20.767 UTC [27] LOG:  checkpoint starting: time"}
{"ts": "2026-08-17T02:14:23.494518055Z", "container": "prefect-postgres", "msg": "2026-08-17 02:14:23.494 UTC [27] LOG:  checkpoint complete: wrote 27 buffers (0.2%); 0 WAL file(s) added, 0 removed, 0 recycled; write=2.707 s, sync=0.012 s, total=2.727 s; sync files=28, longest=0.004 s, average=0.001 s; distance=1133 kB, estimate=1356 kB; lsn=1/4B89AAB8, redo lsn=1/4B891510"}
{"ts": "2026-08-17T02:19:20.593446028Z", "container": "prefect-postgres", "msg": "2026-08-17 02:19:20.593 UTC [27] LOG:  checkpoint starting: time"}
{"ts": "2026-08-17T02:19:23.427935804Z", "container": "prefect-postgres", "msg": "2026-08-17 02:19:23.427 UTC [27] LOG:  checkpoint complete: wrote 28 buffers (0.2%); 0 WAL file(s) added, 0 removed, 0 recycled; write=2.811 s, sync=0.012 s, total=2.835 s; sync files=28, longest=0.003 s, average=0.001 s; distance=1121 kB, estimate=1332 kB; lsn=1/4B9AE678, redo lsn=1/4B9A9B30"}
{"ts": "2026-08-17T02:24:20.527470233Z", "container": "prefect-postgres", "msg": "2026-08-17 02:24:20.527 UTC [27] LOG:  checkpoint starting: time"}
{"ts": "2026-08-17T02:24:24.473563082Z", "container": "prefect-postgres", "msg": "2026-08-17 02:24:24.473 UTC [27] LOG:  checkpoint complete: wrote 33 buffers (0.2%); 0 WAL file(s) added, 0 removed, 0 recycled; write=3.915 s, sync=0.020 s, total=3.947 s; sync files=28, longest=0.003 s, average=0.001 s; distance=1117 kB, estimate=1311 kB; lsn=1/4BACA208, redo lsn=1/4BAC1308"}
{"ts": "2026-08-17T02:29:20.571470783Z", "container": "prefect-postgres", "msg": "2026-08-17 02:29:20.571 UTC [27] LOG:  checkpoint starting: time"}
{"ts": "2026-08-17T02:29:24.102296977Z", "container": "prefect-postgres", "msg": "2026-08-17 02:29:24.102 UTC [27] LOG:  checkpoint complete: wrote 35 buffers (0.2%); 0 WAL file(s) added, 0 removed, 0 recycled; write=3.511 s, sync=0.010 s, total=3.531 s; sync files=35, longest=0.003 s, average=0.001 s; distance=1115 kB, estimate=1291 kB; lsn=1/4BBDD9C8, redo lsn=1/4BBD7FC8"}
{"ts": "2026-08-17T02:34:20.198610861Z", "container": "prefect-postgres", "msg": "2026-08-17 02:34:20.198 UTC [27] LOG:  checkpoint starting: time"}
{"ts": "2026-08-17T02:34:25.329669171Z", "container": "prefect-postgres", "msg": "2026-08-17 02:34:25.329 UTC [27] LOG:  checkpoint complete: wrote 49 buffers (0.3%); 0 WAL file(s) added, 0 removed, 0 recycled; write=5.112 s, sync=0.009 s, total=5.132 s; sync files=28, longest=0.003 s, average=0.001 s; distance=1051 kB, estimate=1267 kB; lsn=1/4BCE9400, redo lsn=1/4BCDEC90"}
{"ts": "2026-08-17T02:39:20.427441354Z", "container": "prefect-postgres", "msg": "2026-08-17 02:39:20.427 UTC [27] LOG:  checkpoint starting: time"}
{"ts": "2026-08-17T02:39:23.658067502Z", "container": "prefect-postgres", "msg": "2026-08-17 02:39:23.657 UTC [27] LOG:  checkpoint complete: wrote 27 buffers (0.2%); 0 WAL file(s) added, 0 removed, 0 recycled; write=3.209 s, sync=0.013 s, total=3.231 s; sync files=28, longest=0.004 s, average=0.001 s; distance=1152 kB, estimate=1256 kB; lsn=1/4BE031B8, redo lsn=1/4BDFF048"}
{"ts": "2026-08-17T02:44:20.751995902Z", "container": "prefect-postgres", "msg": "2026-08-17 02:44:20.751 UTC [27] LOG:  checkpoint starting: time"}
{"ts": "2026-08-17T02:44:22.981315357Z", "container": "prefect-postgres", "msg": "2026-08-17 02:44:22.981 UTC [27] LOG:  checkpoint complete: wrote 23 buffers (0.1%); 0 WAL file(s) added, 0 removed, 0 recycled; write=2.211 s, sync=0.006 s, total=2.230 s; sync files=28, longest=0.003 s, average=0.001 s; distance=1089 kB, estimate=1239 kB; lsn=1/4BF17A00, redo lsn=1/4BF0F830"}
{"ts": "2026-08-17T02:49:21.079519699Z", "container": "prefect-postgres", "msg": "2026-08-17 02:49:21.079 UTC [27] LOG:  checkpoint starting: time"}
{"ts": "2026-08-17T02:49:24.022885481Z", "container": "prefect-postgres", "msg": "2026-08-17 02:49:24.022 UTC [27] LOG:  checkpoint complete: wrote 29 buffers (0.2%); 0 WAL file(s) added, 0 removed, 1 recycled; write=2.908 s, sync=0.024 s, total=2.944 s; sync files=30, longest=0.004 s, average=0.001 s; distance=1118 kB, estimate=1227 kB; lsn=1/4C0361E0, redo lsn=1/4C027238"}
{"ts": "2026-08-17T02:54:21.119438457Z", "container": "prefect-postgres", "msg": "2026-08-17 02:54:21.119 UTC [27] LOG:  checkpoint starting: time"}
{"ts": "2026-08-17T02:54:25.152317548Z", "container": "prefect-postgres", "msg": "2026-08-17 02:54:25.152 UTC [27] LOG:  checkpoint complete: wrote 41 buffers (0.3%); 0 WAL file(s) added, 0 removed, 0 recycled; write=4.010 s, sync=0.011 s, total=4.033 s; sync files=28, longest=0.003 s, average=0.001 s; distance=1080 kB, estimate=1212 kB; lsn=1/4C13F448, redo lsn=1/4C135288"}
{"ts": "2026-08-17T02:59:21.251515377Z", "container": "prefect-postgres", "msg": "2026-08-17 02:59:21.251 UTC [27] LOG:  checkpoint starting: time"}
{"ts": "2026-08-17T02:59:23.197621603Z", "container": "prefect-postgres", "msg": "2026-08-17 02:59:23.197 UTC [27] LOG:  checkpoint complete: wrote 15 buffers (0.1%); 0 WAL file(s) added, 0 removed, 0 recycled; write=1.907 s, sync=0.028 s, total=1.947 s; sync files=28, longest=0.004 s, average=0.001 s; distance=1138 kB, estimate=1205 kB; lsn=1/4C254DB0, redo lsn=1/4C251AA0"}
{"ts": "2026-08-17T03:04:21.295456741Z", "container": "prefect-postgres", "msg": "2026-08-17 03:04:21.295 UTC [27] LOG:  checkpoint starting: time"}
{"ts": "2026-08-17T03:04:23.831988962Z", "container": "prefect-postgres", "msg": "2026-08-17 03:04:23.831 UTC [27] LOG:  checkpoint complete: wrote 24 buffers (0.1%); 0 WAL file(s) added, 0 removed, 0 recycled; write=2.514 s, sync=0.010 s, total=2.537 s; sync files=28, longest=0.003 s, average=0.001 s; distance=1066 kB, estimate=1191 kB; lsn=1/4C35FCE0, redo lsn=1/4C35C448"}
{"ts": "2026-08-17T03:09:21.931435598Z", "container": "prefect-postgres", "msg": "2026-08-17 03:09:21.931 UTC [27] LOG:  checkpoint starting: time"}
{"ts": "2026-08-17T03:09:25.865856820Z", "container": "prefect-postgres", "msg": "2026-08-17 03:09:25.865 UTC [27] LOG:  checkpoint complete: wrote 29 buffers (0.2%); 0 WAL file(s) added, 0 removed, 0 recycled; write=3.908 s, sync=0.017 s, total=3.935 s; sync files=28, longest=0.003 s, average=0.001 s; distance=1119 kB, estimate=1184 kB; lsn=1/4C47E920, redo lsn=1/4C4743E0"}
{"ts": "2026-08-17T03:14:21.939580200Z", "container": "prefect-postgres", "msg": "2026-08-17 03:14:21.939 UTC [27] LOG:  checkpoint starting: time"}
{"ts": "2026-08-17T03:14:26.977342176Z", "container": "prefect-postgres", "msg": "2026-08-17 03:14:26.977 UTC [27] LOG:  checkpoint complete: wrote 39 buffers (0.2%); 0 WAL file(s) added, 0 removed, 0 recycled; write=5.012 s, sync=0.015 s, total=5.038 s; sync files=27, longest=0.003 s, average=0.001 s; distance=1130 kB, estimate=1178 kB; lsn=1/4C5A0468, redo lsn=1/4C58EDB8"}
{"ts": "2026-08-17T03:19:22.077483986Z", "container": "prefect-postgres", "msg": "2026-08-17 03:19:22.077 UTC [27] LOG:  checkpoint starting: time"}
{"ts": "2026-08-17T03:19:25.112753433Z", "container": "prefect-postgres", "msg": "2026-08-17 03:19:25.112 UTC [27] LOG:  checkpoint complete: wrote 30 buffers (0.2%); 0 WAL file(s) added, 0 removed, 0 recycled; write=3.009 s, sync=0.017 s, total=3.036 s; sync files=30, longest=0.003 s, average=0.001 s; distance=1126 kB, estimate=1173 kB; lsn=1/4C6B89A8, redo lsn=1/4C6A8628"}
{"ts": "2026-08-17T03:24:22.206789159Z", "container": "prefect-postgres", "msg": "2026-08-17 03:24:22.206 UTC [27] LOG:  checkpoint starting: time"}
{"ts": "2026-08-17T03:24:27.847364032Z", "container": "prefect-postgres", "msg": "2026-08-17 03:24:27.847 UTC [27] LOG:  checkpoint complete: wrote 52 buffers (0.3%); 0 WAL file(s) added, 0 removed, 0 recycled; write=5.612 s, sync=0.018 s, total=5.641 s; sync files=28, longest=0.003 s, average=0.001 s; distance=1155 kB, estimate=1171 kB; lsn=1/4C7CE730, redo lsn=1/4C7C9488"}
{"ts": "2026-08-17T03:29:22.943466909Z", "container": "prefect-postgres", "msg": "2026-08-17 03:29:22.943 UTC [27] LOG:  checkpoint starting: time"}
{"ts": "2026-08-17T03:29:27.489804506Z", "container": "prefect-postgres", "msg": "2026-08-17 03:29:27.489 UTC [27] LOG:  checkpoint complete: wrote 40 buffers (0.2%); 0 WAL file(s) added, 0 removed, 0 recycled; write=4.515 s, sync=0.020 s, total=4.547 s; sync files=28, longest=0.003 s, average=0.001 s; distance=1067 kB, estimate=1161 kB; lsn=1/4C8E3200, redo lsn=1/4C8D42B0"}
{"ts": "2026-08-17T03:34:22.586829088Z", "container": "prefect-postgres", "msg": "2026-08-17 03:34:22.586 UTC [27] LOG:  checkpoint starting: time"}
{"ts": "2026-08-17T03:34:25.219500820Z", "container": "prefect-postgres", "msg": "2026-08-17 03:34:25.219 UTC [27] LOG:  checkpoint complete: wrote 27 buffers (0.2%); 0 WAL file(s) added, 0 removed, 0 recycled; write=2.607 s, sync=0.016 s, total=2.633 s; sync files=28, longest=0.003 s, average=0.001 s; distance=1104 kB, estimate=1155 kB; lsn=1/4C9F3640, redo lsn=1/4C9E8318"}
{"ts": "2026-08-17T03:39:22.315441239Z", "container": "prefect-postgres", "msg": "2026-08-17 03:39:22.315 UTC [27] LOG:  checkpoint starting: time"}
{"ts": "2026-08-17T03:39:25.958701548Z", "container": "prefect-postgres", "msg": "2026-08-17 03:39:25.958 UTC [27] LOG:  checkpoint complete: wrote 37 buffers (0.2%); 0 WAL file(s) added, 0 removed, 0 recycled; write=3.617 s, sync=0.014 s, total=3.644 s; sync files=28, longest=0.003 s, average=0.001 s; distance=1132 kB, estimate=1153 kB; lsn=1/4CB094D0, redo lsn=1/4CB03398"}
{"ts": "2026-08-17T03:44:23.055447528Z", "container": "prefect-postgres", "msg": "2026-08-17 03:44:23.055 UTC [27] LOG:  checkpoint starting: time"}
{"ts": "2026-08-17T03:44:28.802511134Z", "container": "prefect-postgres", "msg": "2026-08-17 03:44:28.802 UTC [27] LOG:  checkpoint complete: wrote 49 buffers (0.3%); 0 WAL file(s) added, 0 removed, 0 recycled; write=5.717 s, sync=0.019 s, total=5.748 s; sync files=28, longest=0.003 s, average=0.001 s; distance=1140 kB, estimate=1152 kB; lsn=1/4CC280B8, redo lsn=1/4CC205B0"}
{"ts": "2026-08-17T03:49:23.900663684Z", "container": "prefect-postgres", "msg": "2026-08-17 03:49:23.900 UTC [27] LOG:  checkpoint starting: time"}
{"ts": "2026-08-17T03:49:28.138805170Z", "container": "prefect-postgres", "msg": "2026-08-17 03:49:28.138 UTC [27] LOG:  checkpoint complete: wrote 41 buffers (0.3%); 0 WAL file(s) added, 0 removed, 0 recycled; write=4.211 s, sync=0.016 s, total=4.239 s; sync files=29, longest=0.004 s, average=0.001 s; distance=1097 kB, estimate=1146 kB; lsn=1/4CD40038, redo lsn=1/4CD32CF8"}
{"ts": "2026-08-17T03:54:23.235446826Z", "container": "prefect-postgres", "msg": "2026-08-17 03:54:23.235 UTC [27] LOG:  checkpoint starting: time"}
{"ts": "2026-08-17T03:54:27.070004606Z", "container": "prefect-postgres", "msg": "2026-08-17 03:54:27.069 UTC [27] LOG:  checkpoint complete: wrote 37 buffers (0.2%); 0 WAL file(s) added, 0 removed, 0 recycled; write=3.812 s, sync=0.011 s, total=3.835 s; sync files=28, longest=0.003 s, average=0.001 s; distance=1124 kB, estimate=1144 kB; lsn=1/4CE56110, redo lsn=1/4CE4BEB8"}
{"ts": "2026-08-17T03:59:23.168653928Z", "container": "prefect-postgres", "msg": "2026-08-17 03:59:23.168 UTC [27] LOG:  checkpoint starting: time"}
{"ts": "2026-08-17T03:59:26.705108845Z", "container": "prefect-postgres", "msg": "2026-08-17 03:59:26.704 UTC [27] LOG:  checkpoint complete: wrote 36 buffers (0.2%); 0 WAL file(s) added, 0 removed, 0 recycled; write=3.516 s, sync=0.009 s, total=3.537 s; sync files=29, longest=0.003 s, average=0.001 s; distance=1067 kB, estimate=1136 kB; lsn=1/4CF5CFC0, redo lsn=1/4CF56BA0"}
{"ts": "2026-08-17T04:04:23.805248644Z", "container": "prefect-postgres", "msg": "2026-08-17 04:04:23.805 UTC [27] LOG:  checkpoint starting: time"}
{"ts": "2026-08-17T04:04:27.053412573Z", "container": "prefect-postgres", "msg": "2026-08-17 04:04:27.053 UTC [27] LOG:  checkpoint complete: wrote 26 buffers (0.2%); 0 WAL file(s) added, 0 removed, 1 recycled; write=3.214 s, sync=0.020 s, total=3.249 s; sync files=145, longest=0.003 s, average=0.001 s; distance=3307 kB, estimate=3307 kB; lsn=1/4D29D0C0, redo lsn=1/4D291810"}
{"ts": "2026-08-17T04:09:23.060560450Z", "container": "prefect-postgres", "msg": "2026-08-17 04:09:23.060 UTC [27] LOG:  checkpoint starting: time"}
{"ts": "2026-08-17T04:09:26.895986062Z", "container": "prefect-postgres", "msg": "2026-08-17 04:09:26.895 UTC [27] LOG:  checkpoint complete: wrote 36 buffers (0.2%); 0 WAL file(s) added, 0 removed, 0 recycled; write=3.815 s, sync=0.010 s, total=3.836 s; sync files=28, longest=0.003 s, average=0.001 s; distance=1146 kB, estimate=3091 kB; lsn=1/4D3B7488, redo lsn=1/4D3B0080"}
{"ts": "2026-08-17T04:14:23.995463620Z", "container": "prefect-postgres", "msg": "2026-08-17 04:14:23.995 UTC [27] LOG:  checkpoint starting: time"}
{"ts": "2026-08-17T04:14:29.026534900Z", "container": "prefect-postgres", "msg": "2026-08-17 04:14:29.026 UTC [27] LOG:  checkpoint complete: wrote 50 buffers (0.3%); 0 WAL file(s) added, 0 removed, 0 recycled; write=5.010 s, sync=0.009 s, total=5.032 s; sync files=28, longest=0.002 s, average=0.001 s; distance=1118 kB, estimate=2893 kB; lsn=1/4D4CC4A0, redo lsn=1/4D4C7A40"}
{"ts": "2026-08-17T04:19:23.123505194Z", "container": "prefect-postgres", "msg": "2026-08-17 04:19:23.123 UTC [27] LOG:  checkpoint starting: time"}
{"ts": "2026-08-17T04:19:26.256024395Z", "container": "prefect-postgres", "msg": "2026-08-17 04:19:26.255 UTC [27] LOG:  checkpoint complete: wrote 32 buffers (0.2%); 0 WAL file(s) added, 0 removed, 0 recycled; write=3.115 s, sync=0.008 s, total=3.133 s; sync files=141, longest=0.004 s, average=0.001 s; distance=3204 kB, estimate=3204 kB; lsn=1/4D7EC498, redo lsn=1/4D7E8C60"}
{"ts": "2026-08-17T04:24:23.355417022Z", "container": "prefect-postgres", "msg": "2026-08-17 04:24:23.355 UTC [27] LOG:  checkpoint starting: time"}
{"ts": "2026-08-17T04:24:28.292592734Z", "container": "prefect-postgres", "msg": "2026-08-17 04:24:28.292 UTC [27] LOG:  checkpoint complete: wrote 49 buffers (0.3%); 0 WAL file(s) added, 0 removed, 0 recycled; write=4.912 s, sync=0.015 s, total=4.938 s; sync files=28, longest=0.004 s, average=0.001 s; distance=1093 kB, estimate=2993 kB; lsn=1/4D905A10, redo lsn=1/4D8FA398"}
{"ts": "2026-08-17T04:29:23.386053051Z", "container": "prefect-postgres", "msg": "2026-08-17 04:29:23.385 UTC [27] LOG:  checkpoint starting: time"}
{"ts": "2026-08-17T04:29:26.232299321Z", "container": "prefect-postgres", "msg": "2026-08-17 04:29:26.232 UTC [27] LOG:  checkpoint complete: wrote 29 buffers (0.2%); 0 WAL file(s) added, 0 removed, 0 recycled; write=2.813 s, sync=0.021 s, total=2.847 s; sync files=33, longest=0.004 s, average=0.001 s; distance=1323 kB, estimate=2826 kB; lsn=1/4DA4CD30, redo lsn=1/4DA451B8"}
{"ts": "2026-08-17T04:34:23.331511711Z", "container": "prefect-postgres", "msg": "2026-08-17 04:34:23.331 UTC [27] LOG:  checkpoint starting: time"}
{"ts": "2026-08-17T04:34:27.067676908Z", "container": "prefect-postgres", "msg": "2026-08-17 04:34:27.067 UTC [27] LOG:  checkpoint complete: wrote 33 buffers (0.2%); 0 WAL file(s) added, 0 removed, 0 recycled; write=3.710 s, sync=0.017 s, total=3.737 s; sync files=134, longest=0.004 s, average=0.001 s; distance=2676 kB, estimate=2811 kB; lsn=1/4DCE7358, redo lsn=1/4DCE22C0"}
{"ts": "2026-08-17T04:39:23.167469229Z", "container": "prefect-postgres", "msg": "2026-08-17 04:39:23.167 UTC [27] LOG:  checkpoint starting: time"}
{"ts": "2026-08-17T04:39:26.400990012Z", "container": "prefect-postgres", "msg": "2026-08-17 04:39:26.400 UTC [27] LOG:  checkpoint complete: wrote 33 buffers (0.2%); 0 WAL file(s) added, 0 removed, 0 recycled; write=3.214 s, sync=0.008 s, total=3.234 s; sync files=28, longest=0.003 s, average=0.001 s; distance=1133 kB, estimate=2643 kB; lsn=1/4DE05A70, redo lsn=1/4DDFD7F0"}
{"ts": "2026-08-17T04:44:23.499835819Z", "container": "prefect-postgres", "msg": "2026-08-17 04:44:23.499 UTC [27] LOG:  checkpoint starting: time"}
{"ts": "2026-08-17T04:44:26.635356797Z", "container": "prefect-postgres", "msg": "2026-08-17 04:44:26.635 UTC [27] LOG:  checkpoint complete: wrote 31 buffers (0.2%); 0 WAL file(s) added, 0 removed, 0 recycled; write=3.110 s, sync=0.015 s, total=3.136 s; sync files=29, longest=0.004 s, average=0.001 s; distance=1096 kB, estimate=2488 kB; lsn=1/4DF1E0F8, redo lsn=1/4DF0F7F8"}
{"ts": "2026-08-17T04:49:23.735494019Z", "container": "prefect-postgres", "msg": "2026-08-17 04:49:23.735 UTC [27] LOG:  checkpoint starting: time"}
{"ts": "2026-08-17T04:49:26.380512847Z", "container": "prefect-postgres", "msg": "2026-08-17 04:49:26.380 UTC [27] LOG:  checkpoint complete: wrote 24 buffers (0.1%); 0 WAL file(s) added, 0 removed, 1 recycled; write=2.612 s, sync=0.019 s, total=2.645 s; sync files=134, longest=0.003 s, average=0.001 s; distance=2642 kB, estimate=2642 kB; lsn=1/4E1B2668, redo lsn=1/4E1A41C0"}
{"ts": "2026-08-17T04:54:23.480568196Z", "container": "prefect-postgres", "msg": "2026-08-17 04:54:23.480 UTC [27] LOG:  checkpoint starting: time"}
{"ts": "2026-08-17T04:54:26.905511345Z", "container": "prefect-postgres", "msg": "2026-08-17 04:54:26.905 UTC [27] LOG:  checkpoint complete: wrote 35 buffers (0.2%); 0 WAL file(s) added, 0 removed, 0 recycled; write=3.408 s, sync=0.005 s, total=3.425 s; sync files=28, longest=0.003 s, average=0.001 s; distance=1151 kB, estimate=2493 kB; lsn=1/4E2CC418, redo lsn=1/4E2C3EC0"}
{"ts": "2026-08-17T04:59:24.003460389Z", "container": "prefect-postgres", "msg": "2026-08-17 04:59:24.003 UTC [27] LOG:  checkpoint starting: time"}
{"ts": "2026-08-17T04:59:25.927702903Z", "container": "prefect-postgres", "msg": "2026-08-17 04:59:25.927 UTC [27] LOG:  checkpoint complete: wrote 18 buffers (0.1%); 0 WAL file(s) added, 0 removed, 0 recycled; write=1.906 s, sync=0.006 s, total=1.925 s; sync files=28, longest=0.004 s, average=0.001 s; distance=1155 kB, estimate=2359 kB; lsn=1/4E3F5798, redo lsn=1/4E3E4EA0"}
{"ts": "2026-08-17T05:04:25.027537973Z", "container": "prefect-postgres", "msg": "2026-08-17 05:04:25.027 UTC [27] LOG:  checkpoint starting: time"}
{"ts": "2026-08-17T05:04:27.059893492Z", "container": "prefect-postgres", "msg": "2026-08-17 05:04:27.059 UTC [27] LOG:  checkpoint complete: wrote 22 buffers (0.1%); 0 WAL file(s) added, 0 removed, 0 recycled; write=2.010 s, sync=0.011 s, total=2.033 s; sync files=96, longest=0.004 s, average=0.001 s; distance=2363 kB, estimate=2363 kB; lsn=1/4E63CD68, redo lsn=1/4E633B08"}
{"ts": "2026-08-17T05:09:25.159493405Z", "container": "prefect-postgres", "msg": "2026-08-17 05:09:25.159 UTC [27] LOG:  checkpoint starting: time"}
{"ts": "2026-08-17T05:09:27.396066763Z", "container": "prefect-postgres", "msg": "2026-08-17 05:09:27.395 UTC [27] LOG:  checkpoint complete: wrote 23 buffers (0.1%); 0 WAL file(s) added, 0 removed, 0 recycled; write=2.212 s, sync=0.013 s, total=2.237 s; sync files=29, longest=0.003 s, average=0.001 s; distance=1155 kB, estimate=2242 kB; lsn=1/4E757268, redo lsn=1/4E7547D0"}
{"ts": "2026-08-17T05:14:25.495450453Z", "container": "prefect-postgres", "msg": "2026-08-17 05:14:25.495 UTC [27] LOG:  checkpoint starting: time"}
{"ts": "2026-08-17T05:14:30.121300069Z", "container": "prefect-postgres", "msg": "2026-08-17 05:14:30.121 UTC [27] LOG:  checkpoint complete: wrote 35 buffers (0.2%); 0 WAL file(s) added, 0 removed, 0 recycled; write=4.611 s, sync=0.005 s, total=4.626 s; sync files=27, longest=0.003 s, average=0.001 s; distance=1101 kB, estimate=2128 kB; lsn=1/4E86F3F8, redo lsn=1/4E867F38"}
{"ts": "2026-08-17T05:19:25.219453679Z", "container": "prefect-postgres", "msg": "2026-08-17 05:19:25.219 UTC [27] LOG:  checkpoint starting: time"}
{"ts": "2026-08-17T05:19:27.755920403Z", "container": "prefect-postgres", "msg": "2026-08-17 05:19:27.755 UTC [27] LOG:  checkpoint complete: wrote 26 buffers (0.2%); 0 WAL file(s) added, 0 removed, 0 recycled; write=2.513 s, sync=0.014 s, total=2.537 s; sync files=28, longest=0.004 s, average=0.001 s; distance=1146 kB, estimate=2030 kB; lsn=1/4E990FB0, redo lsn=1/4E986920"}
{"ts": "2026-08-17T05:24:25.855486729Z", "container": "prefect-postgres", "msg": "2026-08-17 05:24:25.855 UTC [27] LOG:  checkpoint starting: time"}
{"ts": "2026-08-17T05:24:28.386555926Z", "container": "prefect-postgres", "msg": "2026-08-17 05:24:28.386 UTC [27] LOG:  checkpoint complete: wrote 25 buffers (0.2%); 0 WAL file(s) added, 0 removed, 0 recycled; write=2.509 s, sync=0.010 s, total=2.532 s; sync files=100, longest=0.003 s, average=0.001 s; distance=2066 kB, estimate=2066 kB; lsn=1/4EB8EE70, redo lsn=1/4EB8B318"}
{"ts": "2026-08-17T05:29:25.485766610Z", "container": "prefect-postgres", "msg": "2026-08-17 05:29:25.485 UTC [27] LOG:  checkpoint starting: time"}
{"ts": "2026-08-17T05:29:27.821163111Z", "container": "prefect-postgres", "msg": "2026-08-17 05:29:27.821 UTC [27] LOG:  checkpoint complete: wrote 22 buffers (0.1%); 0 WAL file(s) added, 0 removed, 0 recycled; write=2.307 s, sync=0.018 s, total=2.336 s; sync files=38, longest=0.004 s, average=0.001 s; distance=1381 kB, estimate=1997 kB; lsn=1/4ECEAC20, redo lsn=1/4ECE4918"}
{"ts": "2026-08-17T05:34:25.913371336Z", "container": "prefect-postgres", "msg": "2026-08-17 05:34:25.913 UTC [27] LOG:  checkpoint starting: time"}
{"ts": "2026-08-17T05:34:29.046886581Z", "container": "prefect-postgres", "msg": "2026-08-17 05:34:29.046 UTC [27] LOG:  checkpoint complete: wrote 31 buffers (0.2%); 0 WAL file(s) added, 0 removed, 0 recycled; write=3.111 s, sync=0.011 s, total=3.134 s; sync files=28, longest=0.003 s, average=0.001 s; distance=1131 kB, estimate=1911 kB; lsn=1/4EE07540, redo lsn=1/4EDFF770"}
{"ts": "2026-08-17T05:39:25.146993490Z", "container": "prefect-postgres", "msg": "2026-08-17 05:39:25.146 UTC [27] LOG:  checkpoint starting: time"}
{"ts": "2026-08-17T05:39:27.377721700Z", "container": "prefect-postgres", "msg": "2026-08-17 05:39:27.377 UTC [27] LOG:  checkpoint complete: wrote 21 buffers (0.1%); 0 WAL file(s) added, 0 removed, 0 recycled; write=2.207 s, sync=0.015 s, total=2.231 s; sync files=29, longest=0.003 s, average=0.001 s; distance=1140 kB, estimate=1834 kB; lsn=1/4EF228F8, redo lsn=1/4EF1C9B0"}
{"ts": "2026-08-17T05:44:25.477844100Z", "container": "prefect-postgres", "msg": "2026-08-17 05:44:25.477 UTC [27] LOG:  checkpoint starting: time"}
{"ts": "2026-08-17T05:44:28.005824022Z", "container": "prefect-postgres", "msg": "2026-08-17 05:44:28.005 UTC [27] LOG:  checkpoint complete: wrote 26 buffers (0.2%); 0 WAL file(s) added, 0 removed, 1 recycled; write=2.507 s, sync=0.007 s, total=2.528 s; sync files=28, longest=0.004 s, average=0.001 s; distance=1149 kB, estimate=1765 kB; lsn=1/4F048A08, redo lsn=1/4F03C180"}
{"ts": "2026-08-17T05:49:25.103449104Z", "container": "prefect-postgres", "msg": "2026-08-17 05:49:25.103 UTC [27] LOG:  checkpoint starting: time"}
{"ts": "2026-08-17T05:49:27.832711352Z", "container": "prefect-postgres", "msg": "2026-08-17 05:49:27.832 UTC [27] LOG:  checkpoint complete: wrote 29 buffers (0.2%); 0 WAL file(s) added, 0 removed, 0 recycled; write=2.711 s, sync=0.008 s, total=2.730 s; sync files=28, longest=0.003 s, average=0.001 s; distance=1126 kB, estimate=1701 kB; lsn=1/4F15BE78, redo lsn=1/4F155A88"}
{"ts": "2026-08-17T05:54:25.931467470Z", "container": "prefect-postgres", "msg": "2026-08-17 05:54:25.931 UTC [27] LOG:  checkpoint starting: time"}
{"ts": "2026-08-17T05:54:29.667837265Z", "container": "prefect-postgres", "msg": "2026-08-17 05:54:29.667 UTC [27] LOG:  checkpoint complete: wrote 29 buffers (0.2%); 0 WAL file(s) added, 0 removed, 0 recycled; write=3.712 s, sync=0.013 s, total=3.737 s; sync files=28, longest=0.004 s, average=0.001 s; distance=1172 kB, estimate=1648 kB; lsn=1/4F283278, redo lsn=1/4F27AE08"}
{"ts": "2026-08-17T05:59:25.767449234Z", "container": "prefect-postgres", "msg": "2026-08-17 05:59:25.767 UTC [27] LOG:  checkpoint starting: time"}
{"ts": "2026-08-17T05:59:30.901358932Z", "container": "prefect-postgres", "msg": "2026-08-17 05:59:30.901 UTC [27] LOG:  checkpoint complete: wrote 52 buffers (0.3%); 0 WAL file(s) added, 0 removed, 0 recycled; write=5.111 s, sync=0.013 s, total=5.134 s; sync files=28, longest=0.002 s, average=0.001 s; distance=1154 kB, estimate=1599 kB; lsn=1/4F3A5F08, redo lsn=1/4F39B7B8"}
{"ts": "2026-08-17T06:04:25.999453853Z", "container": "prefect-postgres", "msg": "2026-08-17 06:04:25.999 UTC [27] LOG:  checkpoint starting: time"}
{"ts": "2026-08-17T06:04:31.727186322Z", "container": "prefect-postgres", "msg": "2026-08-17 06:04:31.727 UTC [27] LOG:  checkpoint complete: wrote 56 buffers (0.3%); 0 WAL file(s) added, 0 removed, 0 recycled; write=5.714 s, sync=0.005 s, total=5.728 s; sync files=29, longest=0.002 s, average=0.001 s; distance=1131 kB, estimate=1552 kB; lsn=1/4F4BD860, redo lsn=1/4F4B65D8"}
{"ts": "2026-08-17T06:09:25.827276654Z", "container": "prefect-postgres", "msg": "2026-08-17 06:09:25.827 UTC [27] LOG:  checkpoint starting: time"}
{"ts": "2026-08-17T06:09:29.969108537Z", "container": "prefect-postgres", "msg": "2026-08-17 06:09:29.968 UTC [27] LOG:  checkpoint complete: wrote 35 buffers (0.2%); 0 WAL file(s) added, 0 removed, 0 recycled; write=4.113 s, sync=0.018 s, total=4.142 s; sync files=28, longest=0.004 s, average=0.001 s; distance=1135 kB, estimate=1510 kB; lsn=1/4F5D6D10, redo lsn=1/4F5D2308"}
