nohup: ignoring input
>> soak: http://localhost:8000/recommend_bid  rate=3000/min  duration=2.0h  sample=60s  out=soak_metrics.csv
>> min  ok  err  req/min  p50  p95  p99  cpu%  mem  predlog  shaplag  pgconn
>>   1.0   3001    0    3001    32   51   64  229.70  977.2MiB    101551   30886     39
>>   2.0   3001    0    3001    32   49   62  178.18  978.7MiB    104551   33688     28
>>   3.0   3000    0    3000    32   48   63  182.65  979.8MiB    107551   36506     29
>>   4.0   3000    0    3000    32   47   58  173.94  979.8MiB    110552   39337     28
>>   5.0   3000    0    3000    32   50   67  177.88  980.6MiB    113551   42176     29
>>   6.0   3000    0    3000    32   49   62  179.11  981.1MiB    116551   45024     28
>>   7.0   3000    0    3000    32   47   62  180.80  981.7MiB    119550   47878     28
>>   8.0   3000    0    3000    31   47   58  190.28  981.9MiB    122553   50741     28
>>   9.0   3000    0    3000    31   47   59  184.66  982.4MiB    125551   53603     28
>>  10.0   3000    0    3000    32   48   63  192.80  982.5MiB    128553   56477     28
>>  11.0   3000    0    3000    32   49   62  193.21  982.8MiB    131552   59353     28
>>  12.0   3000    0    3000    32   47   60  176.05  982.9MiB    134552   62233     28
>>  13.0   3000    0    3000    31   47   61  187.45  982.8MiB    137551   65118     28
>>  14.0   3000    0    3000    31   48   66  213.97    983MiB    140552   68009     28
>>  15.0   3000    0    3000    31   48   63  176.34  983.9MiB    143551   70904     28
>>  16.0   3000    0    3000    32   47   60  175.84  983.2MiB    146552   73802     28
>>  17.0   3000    0    3000    31   48   60  181.12  983.2MiB    149552   76704     28
>>  18.0   2999    0    2999    31   48   62  196.47  983.4MiB    152574   79630     28
>>  19.0   3001    0    3001    32   48   56  175.19  983.5MiB    155552   82515     28
>>  20.0   3000    0    3000    31   46   59  197.80  983.6MiB    158552   85428     28
>>  21.0   3000    0    3000    31   47   61  180.00  983.8MiB    161552   88339     28
>>  22.0   3000    0    3000    31   46   59  171.68  984.8MiB    164552   91254     28
>>  23.0   3000    0    3000    31   47   66  178.85  984.6MiB    167552   94170     28
>>  24.0   2999    0    2999    31   47   60  179.84  984.7MiB    170553   97090     28
>>  25.0   3001    0    3001    31   47   60  182.15  985.3MiB    173551  100012     28
>>  26.0   3000    0    3000    31   47   61  175.64  984.4MiB    176551  102937     28
>>  27.0   3000    0    3000    32   49   62  190.29  984.5MiB    179550  105863     29
>>  28.0   3000    0    3000    31   48   61  178.77  984.9MiB    182551  108788     28
>>  29.0   3000    0    3000    31   47   58  178.73  984.8MiB    185551  111719     28
>>  30.0   3000    0    3000    31   49   62  178.12  984.8MiB    188551  114648     28
>>  31.0   3000    0    3000    31   47   61  179.66  985.3MiB    191552  117582     28
>>  32.0   3000    0    3000    31   47   62  178.65  984.6MiB    194553  120517     28
>>  33.0   3000    0    3000    31   48   59  171.60  984.7MiB    197551  123452     28
>>  34.0   3000    0    3000    31   48   64  175.78    985MiB    200552  126389     28
>>  35.0   3000    0    3000    31   47   62  171.16  985.4MiB    203553  129328     28
>>  36.0   3000    0    3000    31   47   57  183.23  985.2MiB    206551  132268     28
>>  37.0   3000    0    3000    31   48   62  179.66  985.7MiB    209551  135205     28
>>  38.0   2999    0    2999    31   48   61  179.38  986.4MiB    212552  138147     28
>>  39.0   3001    0    3001    31   48   60  175.84  986.8MiB    215551  141091     28
>>  40.0   3000    0    3000    31   48   64  174.83  986.8MiB    218551  144034     28
>>  41.0   3000    0    3000    31   48   71  178.72  986.2MiB    221551  146979     28
>>  42.0   3000    0    3000    31   47   63  172.01  985.9MiB    224552  149926     28
>>  43.0   3000    0    3000    31   47   62  174.14  986.8MiB    227549  152871     28
>>  44.0   2999    0    2999    31   47   61  174.39  987.4MiB    230551  155822     28
>>  45.0   3001    0    3001    31   47   60  199.03  987.6MiB    233550  158769     28
>>  46.0   3000    0    3000    31   47   61  177.24  987.7MiB    236552  161718     28
>>  47.0   3000    0    3000    31   50   64  179.03  987.6MiB    239552  164669     28
>>  48.0   3000    0    3000    31   47   59  181.32  987.9MiB    242550  167619     28
>>  49.0   3000    0    3000    31   47   59  182.90  987.9MiB    245551  170571     28
>>  50.0   3000    0    3000    31   47   59  211.45  987.5MiB    248553  173526     28
>>  51.0   3000    0    3000    31   48   63  184.43    988MiB    251552  176478     28
>>  52.0   2998    0    2998    31   47   61  181.22  988.1MiB    254552  179435     28
>>  53.0   3002    0    3002    31   47   59  198.43  987.8MiB    257551  182389     28
>>  54.0   3000    0    3000    31   48   63  175.92  989.3MiB    260552  185345     28
>>  55.0   2999    0    2999    31   47   58  208.94  989.2MiB    263551  188298     28
>>  56.0   3001    0    3001    31   48   65  178.45  990.1MiB    266552  191256     28
>>  57.0   3000    0    3000    31   47   58  171.44  989.8MiB    269551  194211     28
>>  58.0   3000    0    3000    31   49   59  180.20  989.8MiB    272551  197172     28
>>  59.0   3000    0    3000    31   47   58  179.07  989.8MiB    275554  200133     28
>>  60.0   3000    0    3000    31   48   59  177.30  989.7MiB    278552  203090     28
>>  61.0   2999    0    2999    31   47   62  197.76  989.7MiB    281553  206050     28
>>  62.0   3001    0    3001    31   48   61  183.55  990.9MiB    284553  209014     28
>>  63.0   2999    0    2999    31   47   61  177.36  990.3MiB    287552  211970     28
>>  64.0   3001    0    3001    31   46   59  193.93  989.7MiB    290550  214931     28
>>  65.0   3000    0    3000    31   48   62  181.28  990.7MiB    293551  217892     28
>>  66.0   3000    0    3000    31   48   62  177.31  991.5MiB    296551  220856     28
>>  67.0   2998    0    2998    31   47   62  186.09  991.3MiB    299551  223818     28
>>  68.0   3002    0    3002    31   47   61  177.74  991.9MiB    302550  226780     28
>>  69.0   2999    0    2999    31   48   64  177.46  991.7MiB    305552  229745     28
>>  70.0   3001    0    3001    31   47   60  186.92  991.8MiB    308554  232711     28
>>  71.0   3000    0    3000    31   47   60  181.45  992.1MiB    311552  235674     28
>>  72.0   2999    0    2999    31   48   60  256.49  992.3MiB    314552  238642     28
>>  73.0   3001    0    3001    31   49   66  199.11  992.3MiB    317552  241605     28
>>  74.0   3000    0    3000    31   47   60  185.75   1002MiB    320552  244572     28
>>  75.0   3000    0    3000    31   47   58  188.60  992.2MiB    323551  247534     28
>>  76.0   2999    0    2999    31   47   59  179.73  992.1MiB    326552  250503     28
>>  77.0   3001    0    3001    31   46   59  181.21  996.5MiB    329552  253468     28
>>  78.0   3000    0    3000    31   48   66  174.99    997MiB    332552  256437     28
>>  79.0   3000    0    3000    31   48   67  186.61  998.5MiB    335551  259404     28
>>  80.0   2999    0    2999    31   47   63  174.81  997.8MiB    338552  262373     28
>>  81.0   3001    0    3001    31   47   59  174.65  998.2MiB    341553  265342     28
>>  82.0   3000    0    3000    31   48   61  179.14  998.2MiB    344551  268308     28
>>  83.0   2998    0    2998    31   48   62  182.65  998.4MiB    347551  271278     28
>>  84.0   3001    0    3001    31   47   60  178.12  998.3MiB    350551  274246     28
>>  85.0   3001    0    3001    31   48   61  185.37  998.7MiB    353553  277219     28
>>  86.0   3000    0    3000    31   47   60  222.59  998.8MiB    356551  280184     28
>>  87.0   3000    0    3000    31   48   67  179.22   1003MiB    359552  283158     28
>>  88.0   2998    0    2998    32   75  121  171.05   1006MiB    362555  286136     28
>>  89.0   3000    0    3000    63  117  161  178.80   1006MiB    365555  289107     28
>>  90.0   3000    0    3000    62  114  145  178.20   1006MiB    368555  292080     28
>>  91.0   3000    0    3000    64  124  161  173.61   1008MiB    371552  295047     28
>>  92.0   3000    0    3000    63  123  177  173.38   1008MiB    374552  298023     28
>>  93.0   3000    0    3000    64  116  150  171.33   1009MiB    377550  300993     28
>>  94.0   2999    0    2999    63  119  157  171.91   1009MiB    380552  303967     28
>>  95.0   3002    0    3002    63  119  168  176.20   1009MiB    383550  306941     28
>>  96.0   2997    0    2997    63  125  173  177.59   1011MiB    386555  309918     28
>>  97.0   3002    0    3002    64  119  157  176.79   1011MiB    389551  312886     28
>>  98.0   3000    0    3000    63  123  179  175.27   1013MiB    392555  315867     28
>>  99.0   3000    0    3000    62  114  150  174.59   1014MiB    395553  318836     28
>> 100.0   3001    0    3001    63  123  174  165.55   1013MiB    398552  321815     28
>> 101.0   3000    0    3000    63  120  157  170.09   1013MiB    401550  324785     28
>> 102.0   3000    0    3000    63  121  161  175.22   1013MiB    404552  327757     28
>> 103.0   3000    0    3000    63  122  169  166.70   1013MiB    407552  330729     28
>> 104.0   3000    0    3000    63  116  160  180.47   1014MiB    410555  333708     28
>> 105.0   3000    0    3000    64  120  162  179.58   1015MiB    413554  336683     28
>> 106.0   2998    0    2998    64  123  167  171.68   1017MiB    416553  339656     28
>> 107.0   3002    0    3002    63  123  161  178.24   1016MiB    419552  342636     28
>> 108.0   2999    0    2999    62  122  159  168.63   1016MiB    422553  345612     28
>> 109.0   3000    0    3000    63  125  166  174.20   1020MiB    425553  348588     28
>> 110.0   2998    0    2998    63  122  169  179.91   1021MiB    428554  351565     28
>> 111.0   3003    0    3003    62  120  161  179.92   1022MiB    431555  354544     28
>> 112.0   3000    0    3000    63  120  157  174.39   1023MiB    434550  357513     28
>> 113.0   3000    0    3000    63  121  169  178.59   1023MiB    437553  360495     28
>> 114.0   2997    0    2997    63  119  166  174.40   1023MiB    440551  363470     28
>> 115.0   3001    0    3001    63  117  161  176.54  1.002GiB    443550  366444     28
>> 116.0   3000    0    3000    62  118  158  172.99  1.002GiB    446551  369426     28
>> 117.0   3000    0    3000    63  118  160  175.86  1.002GiB    449552  372404     28
>> 118.0   2999    0    2999    63  125  174  186.58  1.002GiB    452552  375384     28
>> 119.0   3001    0    3001    63  118  167  192.70  1.004GiB    455553  378366     28
>> 120.0   2999    0    2999    62  116  155  173.25  1.002GiB    458552  381337     29

>> done. total ok=360089  errors=0  metrics -> soak_metrics.csv
>> check: is p99 flat across rows? did serve_mem creep? did shap_lag stay bounded? did pg_conns stay flat?
