{"ts": "2026-08-12T06:24:13.489182948Z", "container": "smarthub-mlflow-ui", "msg": "2026/08/12 06:24:13 INFO:     Shutting down"}
{"ts": "2026-08-12T06:24:13.491235715Z", "container": "smarthub-mlflow-ui", "msg": "2026/08/12 06:24:13 INFO:     Shutting down"}
{"ts": "2026-08-12T06:24:13.491257095Z", "container": "smarthub-mlflow-ui", "msg": "2026/08/12 06:24:13 INFO:     Shutting down"}
{"ts": "2026-08-12T06:24:13.534402612Z", "container": "smarthub-mlflow-ui", "msg": "2026/08/12 06:24:13 INFO:     Shutting down"}
{"ts": "2026-08-12T06:24:13.589634845Z", "container": "smarthub-mlflow-ui", "msg": "2026/08/12 06:24:13 INFO:     Waiting for application shutdown."}
{"ts": "2026-08-12T06:24:13.589746936Z", "container": "smarthub-mlflow-ui", "msg": "2026/08/12 06:24:13 INFO:     Application shutdown complete."}
{"ts": "2026-08-12T06:24:13.589787787Z", "container": "smarthub-mlflow-ui", "msg": "2026/08/12 06:24:13 INFO:     Finished server process [23]"}
{"ts": "2026-08-12T06:24:13.591572081Z", "container": "smarthub-mlflow-ui", "msg": "2026/08/12 06:24:13 INFO:     Waiting for application shutdown."}
{"ts": "2026-08-12T06:24:13.591809103Z", "container": "smarthub-mlflow-ui", "msg": "2026/08/12 06:24:13 INFO:     Application shutdown complete."}
{"ts": "2026-08-12T06:24:13.591876084Z", "container": "smarthub-mlflow-ui", "msg": "2026/08/12 06:24:13 INFO:     Finished server process [25]"}
{"ts": "2026-08-12T06:24:13.592153936Z", "container": "smarthub-mlflow-ui", "msg": "2026/08/12 06:24:13 INFO:     Waiting for application shutdown."}
{"ts": "2026-08-12T06:24:13.592388938Z", "container": "smarthub-mlflow-ui", "msg": "2026/08/12 06:24:13 INFO:     Application shutdown complete."}
{"ts": "2026-08-12T06:24:13.592660420Z", "container": "smarthub-mlflow-ui", "msg": "2026/08/12 06:24:13 INFO:     Finished server process [24]"}
{"ts": "2026-08-12T06:24:13.634834728Z", "container": "smarthub-mlflow-ui", "msg": "2026/08/12 06:24:13 INFO:     Waiting for application shutdown."}
{"ts": "2026-08-12T06:24:13.634943079Z", "container": "smarthub-mlflow-ui", "msg": "2026/08/12 06:24:13 INFO:     Application shutdown complete."}
{"ts": "2026-08-12T06:24:13.634998290Z", "container": "smarthub-mlflow-ui", "msg": "2026/08/12 06:24:13 INFO:     Finished server process [22]"}
{"ts": "2026-08-12T06:24:13.683286888Z", "container": "smarthub-mlflow-ui", "msg": "2026/08/12 06:24:13 INFO:     Received SIGTERM, exiting."}
{"ts": "2026-08-12T06:24:13.683405069Z", "container": "smarthub-mlflow-ui", "msg": "2026/08/12 06:24:13 INFO:     Terminated child process [22]"}
{"ts": "2026-08-12T06:24:13.683611741Z", "container": "smarthub-mlflow-ui", "msg": "2026/08/12 06:24:13 INFO:     Terminated child process [25]"}
{"ts": "2026-08-12T06:24:13.683657051Z", "container": "smarthub-mlflow-ui", "msg": "2026/08/12 06:24:13 INFO:     Waiting for child process [22]"}
{"ts": "2026-08-12T06:24:13.748737953Z", "container": "smarthub-mlflow-ui", "msg": "2026/08/12 06:24:13 INFO:     Waiting for child process [23]"}
{"ts": "2026-08-12T06:24:13.748775134Z", "container": "smarthub-mlflow-ui", "msg": "2026/08/12 06:24:13 INFO:     Waiting for child process [24]"}
{"ts": "2026-08-12T06:24:13.748814574Z", "container": "smarthub-mlflow-ui", "msg": "2026/08/12 06:24:13 INFO:     Waiting for child process [25]"}
{"ts": "2026-08-12T06:24:13.748931345Z", "container": "smarthub-mlflow-ui", "msg": "2026/08/12 06:24:13 INFO:     Stopping parent process [19]"}
{"ts": "2026-08-12T06:24:28.811278407Z", "container": "smarthub-mlflow-ui", "msg": "WARNING: Accepting ALL hosts. This may leave the server vulnerable to DNS rebinding attacks."}
{"ts": "2026-08-12T06:24:28.811327857Z", "container": "smarthub-mlflow-ui", "msg": "WARNING: Allowing ALL origins for CORS. This allows ANY website to access your MLflow data. This configuration is only recommended for local development."}
{"ts": "2026-08-12T06:24:28.811333117Z", "container": "smarthub-mlflow-ui", "msg": "Registry store URI not provided. Using backend store URI."}
{"ts": "2026-08-12T06:24:28.931027836Z", "container": "smarthub-mlflow-ui", "msg": "[MLflow] Security middleware enabled. Allowed hosts: *. CORS origins: *."}
{"ts": "2026-08-12T06:24:29.047315857Z", "container": "smarthub-mlflow-ui", "msg": "2026/08/12 06:24:29 INFO:     Uvicorn running on http://0.0.0.0:5000 (Press CTRL+C to quit)"}
{"ts": "2026-08-12T06:24:29.047386608Z", "container": "smarthub-mlflow-ui", "msg": "2026/08/12 06:24:29 INFO:     Started parent process [18]"}
{"ts": "2026-08-12T06:24:31.105157448Z", "container": "smarthub-mlflow-ui", "msg": "2026/08/12 06:24:31 WARNING mlflow.server.security: MLFLOW_SERVER_CORS_ALLOWED_ORIGINS=* is set; disabling credentialed CORS. Wildcard origins with credentials is a CORS spec violation. Set an explicit origin allowlist to enable credentialed cross-origin requests."}
{"ts": "2026-08-12T06:24:31.111197597Z", "container": "smarthub-mlflow-ui", "msg": "2026/08/12 06:24:31 WARNING mlflow.server.security: MLFLOW_SERVER_CORS_ALLOWED_ORIGINS=* is set; disabling credentialed CORS. Wildcard origins with credentials is a CORS spec violation. Set an explicit origin allowlist to enable credentialed cross-origin requests."}
{"ts": "2026-08-12T06:24:31.159477137Z", "container": "smarthub-mlflow-ui", "msg": "2026/08/12 06:24:31 WARNING mlflow.server.security: MLFLOW_SERVER_CORS_ALLOWED_ORIGINS=* is set; disabling credentialed CORS. Wildcard origins with credentials is a CORS spec violation. Set an explicit origin allowlist to enable credentialed cross-origin requests."}
{"ts": "2026-08-12T06:24:31.172642174Z", "container": "smarthub-mlflow-ui", "msg": "2026/08/12 06:24:31 WARNING mlflow.server.security: MLFLOW_SERVER_CORS_ALLOWED_ORIGINS=* is set; disabling credentialed CORS. Wildcard origins with credentials is a CORS spec violation. Set an explicit origin allowlist to enable credentialed cross-origin requests."}
{"ts": "2026-08-12T06:24:31.187692466Z", "container": "smarthub-mlflow-ui", "msg": "2026/08/12 06:24:31 WARNING mlflow.server.security: MLFLOW_SERVER_CORS_ALLOWED_ORIGINS=* is set; disabling credentialed CORS. Wildcard origins with credentials is a CORS spec violation. Set an explicit origin allowlist to enable credentialed cross-origin requests."}
{"ts": "2026-08-12T06:24:31.200094506Z", "container": "smarthub-mlflow-ui", "msg": "/usr/local/lib/python3.12/site-packages/mlflow/server/fastapi_app.py:19: StarletteDeprecationWarning: starlette.middleware.wsgi is deprecated and will be removed in a future release. Please refer to https://github.com/abersheeran/a2wsgi as a replacement."}
{"ts": "2026-08-12T06:24:31.200104976Z", "container": "smarthub-mlflow-ui", "msg": "  from starlette.middleware.wsgi import WSGIResponder, build_environ"}
{"ts": "2026-08-12T06:24:31.254444706Z", "container": "smarthub-mlflow-ui", "msg": "/usr/local/lib/python3.12/site-packages/mlflow/server/fastapi_app.py:19: StarletteDeprecationWarning: starlette.middleware.wsgi is deprecated and will be removed in a future release. Please refer to https://github.com/abersheeran/a2wsgi as a replacement."}
{"ts": "2026-08-12T06:24:31.254469086Z", "container": "smarthub-mlflow-ui", "msg": "  from starlette.middleware.wsgi import WSGIResponder, build_environ"}
{"ts": "2026-08-12T06:24:31.266031130Z", "container": "smarthub-mlflow-ui", "msg": "/usr/local/lib/python3.12/site-packages/mlflow/server/fastapi_app.py:19: StarletteDeprecationWarning: starlette.middleware.wsgi is deprecated and will be removed in a future release. Please refer to https://github.com/abersheeran/a2wsgi as a replacement."}
{"ts": "2026-08-12T06:24:31.266053310Z", "container": "smarthub-mlflow-ui", "msg": "  from starlette.middleware.wsgi import WSGIResponder, build_environ"}
{"ts": "2026-08-12T06:24:31.282222401Z", "container": "smarthub-mlflow-ui", "msg": "/usr/local/lib/python3.12/site-packages/mlflow/server/fastapi_app.py:19: StarletteDeprecationWarning: starlette.middleware.wsgi is deprecated and will be removed in a future release. Please refer to https://github.com/abersheeran/a2wsgi as a replacement."}
{"ts": "2026-08-12T06:24:31.282253721Z", "container": "smarthub-mlflow-ui", "msg": "  from starlette.middleware.wsgi import WSGIResponder, build_environ"}
{"ts": "2026-08-12T06:24:31.511403855Z", "container": "smarthub-mlflow-ui", "msg": "2026/08/12 06:24:31 WARNING mlflow.server.fastapi_security: MLFLOW_SERVER_CORS_ALLOWED_ORIGINS=* is set; disabling credentialed CORS. Wildcard origins with credentials is a CORS spec violation. Set an explicit origin allowlist to enable credentialed cross-origin requests."}
{"ts": "2026-08-12T06:24:31.511811099Z", "container": "smarthub-mlflow-ui", "msg": "2026/08/12 06:24:31 INFO:     Started server process [23]"}
{"ts": "2026-08-12T06:24:31.511846409Z", "container": "smarthub-mlflow-ui", "msg": "2026/08/12 06:24:31 INFO:     Waiting for application startup."}
{"ts": "2026-08-12T06:24:31.512120891Z", "container": "smarthub-mlflow-ui", "msg": "2026/08/12 06:24:31 INFO:     Application startup complete."}
{"ts": "2026-08-12T06:24:31.579745158Z", "container": "smarthub-mlflow-ui", "msg": "2026/08/12 06:24:31 WARNING mlflow.server.fastapi_security: MLFLOW_SERVER_CORS_ALLOWED_ORIGINS=* is set; disabling credentialed CORS. Wildcard origins with credentials is a CORS spec violation. Set an explicit origin allowlist to enable credentialed cross-origin requests."}
{"ts": "2026-08-12T06:24:31.581382071Z", "container": "smarthub-mlflow-ui", "msg": "2026/08/12 06:24:31 INFO:     Started server process [22]"}
{"ts": "2026-08-12T06:24:31.581389762Z", "container": "smarthub-mlflow-ui", "msg": "2026/08/12 06:24:31 INFO:     Waiting for application startup."}
{"ts": "2026-08-12T06:24:31.581393492Z", "container": "smarthub-mlflow-ui", "msg": "2026/08/12 06:24:31 INFO:     Application startup complete."}
{"ts": "2026-08-12T06:24:31.726329604Z", "container": "smarthub-mlflow-ui", "msg": "2026/08/12 06:24:31 WARNING mlflow.server.fastapi_security: MLFLOW_SERVER_CORS_ALLOWED_ORIGINS=* is set; disabling credentialed CORS. Wildcard origins with credentials is a CORS spec violation. Set an explicit origin allowlist to enable credentialed cross-origin requests."}
{"ts": "2026-08-12T06:24:31.726806188Z", "container": "smarthub-mlflow-ui", "msg": "2026/08/12 06:24:31 INFO:     Started server process [24]"}
{"ts": "2026-08-12T06:24:31.726962759Z", "container": "smarthub-mlflow-ui", "msg": "2026/08/12 06:24:31 INFO:     Waiting for application startup."}
{"ts": "2026-08-12T06:24:31.727321852Z", "container": "smarthub-mlflow-ui", "msg": "2026/08/12 06:24:31 INFO:     Application startup complete."}
{"ts": "2026-08-12T06:24:31.930538997Z", "container": "smarthub-mlflow-ui", "msg": "2026/08/12 06:24:31 WARNING mlflow.server.fastapi_security: MLFLOW_SERVER_CORS_ALLOWED_ORIGINS=* is set; disabling credentialed CORS. Wildcard origins with credentials is a CORS spec violation. Set an explicit origin allowlist to enable credentialed cross-origin requests."}
{"ts": "2026-08-12T06:24:31.944126817Z", "container": "smarthub-mlflow-ui", "msg": "2026/08/12 06:24:31 INFO:     Started server process [21]"}
{"ts": "2026-08-12T06:24:31.944196927Z", "container": "smarthub-mlflow-ui", "msg": "2026/08/12 06:24:31 INFO:     Waiting for application startup."}
{"ts": "2026-08-12T06:24:31.944454199Z", "container": "smarthub-mlflow-ui", "msg": "2026/08/12 06:24:31 INFO:     Application startup complete."}
{"ts": "2026-08-12T06:24:33.849844407Z", "container": "smarthub-mlflow-ui", "msg": "2026/08/12 06:24:33 WARNING mlflow.server.security: MLFLOW_SERVER_CORS_ALLOWED_ORIGINS=* is set; disabling credentialed CORS. Wildcard origins with credentials is a CORS spec violation. Set an explicit origin allowlist to enable credentialed cross-origin requests."}
{"ts": "2026-08-12T06:24:33.898930604Z", "container": "smarthub-mlflow-ui", "msg": "2026/08/12 06:24:33 WARNING mlflow.server.security: MLFLOW_SERVER_CORS_ALLOWED_ORIGINS=* is set; disabling credentialed CORS. Wildcard origins with credentials is a CORS spec violation. Set an explicit origin allowlist to enable credentialed cross-origin requests."}
{"ts": "2026-08-12T06:24:33.905900510Z", "container": "smarthub-mlflow-ui", "msg": "2026/08/12 06:24:33 WARNING mlflow.server.security: MLFLOW_SERVER_CORS_ALLOWED_ORIGINS=* is set; disabling credentialed CORS. Wildcard origins with credentials is a CORS spec violation. Set an explicit origin allowlist to enable credentialed cross-origin requests."}
{"ts": "2026-08-12T06:24:33.976346201Z", "container": "smarthub-mlflow-ui", "msg": "2026/08/12 06:24:33 WARNING mlflow.server.security: MLFLOW_SERVER_CORS_ALLOWED_ORIGINS=* is set; disabling credentialed CORS. Wildcard origins with credentials is a CORS spec violation. Set an explicit origin allowlist to enable credentialed cross-origin requests."}
{"ts": "2026-08-12T06:24:34.038465103Z", "container": "smarthub-mlflow-ui", "msg": "2026/08/12 06:24:34 WARNING mlflow.server.security: MLFLOW_SERVER_CORS_ALLOWED_ORIGINS=* is set; disabling credentialed CORS. Wildcard origins with credentials is a CORS spec violation. Set an explicit origin allowlist to enable credentialed cross-origin requests."}
{"ts": "2026-08-12T06:24:34.049961536Z", "container": "smarthub-mlflow-ui", "msg": "2026/08/12 06:24:34 WARNING mlflow.server.security: MLFLOW_SERVER_CORS_ALLOWED_ORIGINS=* is set; disabling credentialed CORS. Wildcard origins with credentials is a CORS spec violation. Set an explicit origin allowlist to enable credentialed cross-origin requests."}
{"ts": "2026-08-12T06:24:34.132412103Z", "container": "smarthub-mlflow-ui", "msg": "2026/08/12 06:24:34 WARNING mlflow.server.security: MLFLOW_SERVER_CORS_ALLOWED_ORIGINS=* is set; disabling credentialed CORS. Wildcard origins with credentials is a CORS spec violation. Set an explicit origin allowlist to enable credentialed cross-origin requests."}
{"ts": "2026-08-12T06:24:34.334597159Z", "container": "smarthub-mlflow-ui", "msg": "2026/08/12 06:24:34 INFO mlflow.server.jobs.utils: Registered online_scoring_scheduler periodic task (runs every 1 minute)"}
{"ts": "2026-08-12T06:24:34.334807741Z", "container": "smarthub-mlflow-ui", "msg": "2026/08/12 06:24:34 INFO mlflow.server.jobs.utils: Registered trace_archival_scheduler periodic task (polls every 1 minute and no-ops when trace archival is disabled or unconfigured)"}
{"ts": "2026-08-12T06:45:46.395446818Z", "container": "smarthub-mlflow-ui", "msg": "2026/08/12 06:45:46 INFO:     Shutting down"}
{"ts": "2026-08-12T06:45:46.465724031Z", "container": "smarthub-mlflow-ui", "msg": "2026/08/12 06:45:46 INFO:     Shutting down"}
{"ts": "2026-08-12T06:45:46.465744071Z", "container": "smarthub-mlflow-ui", "msg": "2026/08/12 06:45:46 INFO:     Shutting down"}
{"ts": "2026-08-12T06:45:46.469705613Z", "container": "smarthub-mlflow-ui", "msg": "2026/08/12 06:45:46 INFO:     Shutting down"}
{"ts": "2026-08-12T06:45:46.494182639Z", "container": "smarthub-mlflow-ui", "msg": "2026/08/12 06:45:46 INFO:     Waiting for application shutdown."}
{"ts": "2026-08-12T06:45:46.494279160Z", "container": "smarthub-mlflow-ui", "msg": "2026/08/12 06:45:46 INFO:     Application shutdown complete."}
{"ts": "2026-08-12T06:45:46.494351370Z", "container": "smarthub-mlflow-ui", "msg": "2026/08/12 06:45:46 INFO:     Finished server process [24]"}
{"ts": "2026-08-12T06:45:46.567373205Z", "container": "smarthub-mlflow-ui", "msg": "2026/08/12 06:45:46 INFO:     Waiting for application shutdown."}
{"ts": "2026-08-12T06:45:46.567391685Z", "container": "smarthub-mlflow-ui", "msg": "2026/08/12 06:45:46 INFO:     Waiting for application shutdown."}
{"ts": "2026-08-12T06:45:46.567395355Z", "container": "smarthub-mlflow-ui", "msg": "2026/08/12 06:45:46 INFO:     Application shutdown complete."}
{"ts": "2026-08-12T06:45:46.567398565Z", "container": "smarthub-mlflow-ui", "msg": "2026/08/12 06:45:46 INFO:     Application shutdown complete."}
{"ts": "2026-08-12T06:45:46.567401585Z", "container": "smarthub-mlflow-ui", "msg": "2026/08/12 06:45:46 INFO:     Finished server process [21]"}
{"ts": "2026-08-12T06:45:46.567404595Z", "container": "smarthub-mlflow-ui", "msg": "2026/08/12 06:45:46 INFO:     Finished server process [22]"}
{"ts": "2026-08-12T06:45:46.575347999Z", "container": "smarthub-mlflow-ui", "msg": "2026/08/12 06:45:46 INFO:     Waiting for application shutdown."}
{"ts": "2026-08-12T06:45:46.575365579Z", "container": "smarthub-mlflow-ui", "msg": "2026/08/12 06:45:46 INFO:     Application shutdown complete."}
{"ts": "2026-08-12T06:45:46.575369359Z", "container": "smarthub-mlflow-ui", "msg": "2026/08/12 06:45:46 INFO:     Finished server process [23]"}
{"ts": "2026-08-12T06:45:46.657572837Z", "container": "smarthub-mlflow-ui", "msg": "2026/08/12 06:45:46 INFO:     Received SIGTERM, exiting."}
{"ts": "2026-08-12T06:45:46.657615898Z", "container": "smarthub-mlflow-ui", "msg": "2026/08/12 06:45:46 INFO:     Received SIGTERM, exiting."}
{"ts": "2026-08-12T06:45:46.658681176Z", "container": "smarthub-mlflow-ui", "msg": "2026/08/12 06:45:46 INFO:     Waiting for child process [21]"}
{"ts": "2026-08-12T06:45:46.658920108Z", "container": "smarthub-mlflow-ui", "msg": "2026/08/12 06:45:46 INFO:     Waiting for child process [22]"}
{"ts": "2026-08-12T06:45:46.658927148Z", "container": "smarthub-mlflow-ui", "msg": "2026/08/12 06:45:46 INFO:     Waiting for child process [23]"}
{"ts": "2026-08-12T06:45:46.658930598Z", "container": "smarthub-mlflow-ui", "msg": "2026/08/12 06:45:46 INFO:     Waiting for child process [24]"}
{"ts": "2026-08-12T06:45:46.658933678Z", "container": "smarthub-mlflow-ui", "msg": "2026/08/12 06:45:46 INFO:     Stopping parent process [18]"}
{"ts": "2026-08-12T06:48:42.169315381Z", "container": "smarthub-mlflow-ui", "msg": "WARNING: Accepting ALL hosts. This may leave the server vulnerable to DNS rebinding attacks."}
{"ts": "2026-08-12T06:48:42.169355862Z", "container": "smarthub-mlflow-ui", "msg": "WARNING: Allowing ALL origins for CORS. This allows ANY website to access your MLflow data. This configuration is only recommended for local development."}
{"ts": "2026-08-12T06:48:42.169359962Z", "container": "smarthub-mlflow-ui", "msg": "Registry store URI not provided. Using backend store URI."}
{"ts": "2026-08-12T06:48:42.306517592Z", "container": "smarthub-mlflow-ui", "msg": "[MLflow] Security middleware enabled. Allowed hosts: *. CORS origins: *."}
{"ts": "2026-08-12T06:48:42.426391064Z", "container": "smarthub-mlflow-ui", "msg": "2026/08/12 06:48:42 INFO:     Uvicorn running on http://0.0.0.0:5000 (Press CTRL+C to quit)"}
{"ts": "2026-08-12T06:48:42.426432504Z", "container": "smarthub-mlflow-ui", "msg": "2026/08/12 06:48:42 INFO:     Started parent process [19]"}
{"ts": "2026-08-12T06:48:44.478587239Z", "container": "smarthub-mlflow-ui", "msg": "2026/08/12 06:48:44 WARNING mlflow.server.security: MLFLOW_SERVER_CORS_ALLOWED_ORIGINS=* is set; disabling credentialed CORS. Wildcard origins with credentials is a CORS spec violation. Set an explicit origin allowlist to enable credentialed cross-origin requests."}
{"ts": "2026-08-12T06:48:44.490294583Z", "container": "smarthub-mlflow-ui", "msg": "2026/08/12 06:48:44 WARNING mlflow.server.security: MLFLOW_SERVER_CORS_ALLOWED_ORIGINS=* is set; disabling credentialed CORS. Wildcard origins with credentials is a CORS spec violation. Set an explicit origin allowlist to enable credentialed cross-origin requests."}
{"ts": "2026-08-12T06:48:44.514002685Z", "container": "smarthub-mlflow-ui", "msg": "2026/08/12 06:48:44 WARNING mlflow.server.security: MLFLOW_SERVER_CORS_ALLOWED_ORIGINS=* is set; disabling credentialed CORS. Wildcard origins with credentials is a CORS spec violation. Set an explicit origin allowlist to enable credentialed cross-origin requests."}
{"ts": "2026-08-12T06:48:44.520651638Z", "container": "smarthub-mlflow-ui", "msg": "2026/08/12 06:48:44 WARNING mlflow.server.security: MLFLOW_SERVER_CORS_ALLOWED_ORIGINS=* is set; disabling credentialed CORS. Wildcard origins with credentials is a CORS spec violation. Set an explicit origin allowlist to enable credentialed cross-origin requests."}
{"ts": "2026-08-12T06:48:44.583582766Z", "container": "smarthub-mlflow-ui", "msg": "/usr/local/lib/python3.12/site-packages/mlflow/server/fastapi_app.py:19: StarletteDeprecationWarning: starlette.middleware.wsgi is deprecated and will be removed in a future release. Please refer to https://github.com/abersheeran/a2wsgi as a replacement."}
{"ts": "2026-08-12T06:48:44.583604196Z", "container": "smarthub-mlflow-ui", "msg": "  from starlette.middleware.wsgi import WSGIResponder, build_environ"}
{"ts": "2026-08-12T06:48:44.583700947Z", "container": "smarthub-mlflow-ui", "msg": "2026/08/12 06:48:44 WARNING mlflow.server.security: MLFLOW_SERVER_CORS_ALLOWED_ORIGINS=* is set; disabling credentialed CORS. Wildcard origins with credentials is a CORS spec violation. Set an explicit origin allowlist to enable credentialed cross-origin requests."}
{"ts": "2026-08-12T06:48:44.609401034Z", "container": "smarthub-mlflow-ui", "msg": "/usr/local/lib/python3.12/site-packages/mlflow/server/fastapi_app.py:19: StarletteDeprecationWarning: starlette.middleware.wsgi is deprecated and will be removed in a future release. Please refer to https://github.com/abersheeran/a2wsgi as a replacement."}
{"ts": "2026-08-12T06:48:44.609415724Z", "container": "smarthub-mlflow-ui", "msg": "  from starlette.middleware.wsgi import WSGIResponder, build_environ"}
{"ts": "2026-08-12T06:48:44.616983475Z", "container": "smarthub-mlflow-ui", "msg": "/usr/local/lib/python3.12/site-packages/mlflow/server/fastapi_app.py:19: StarletteDeprecationWarning: starlette.middleware.wsgi is deprecated and will be removed in a future release. Please refer to https://github.com/abersheeran/a2wsgi as a replacement."}
{"ts": "2026-08-12T06:48:44.616993745Z", "container": "smarthub-mlflow-ui", "msg": "  from starlette.middleware.wsgi import WSGIResponder, build_environ"}
{"ts": "2026-08-12T06:48:44.795042562Z", "container": "smarthub-mlflow-ui", "msg": "/usr/local/lib/python3.12/site-packages/mlflow/server/fastapi_app.py:19: StarletteDeprecationWarning: starlette.middleware.wsgi is deprecated and will be removed in a future release. Please refer to https://github.com/abersheeran/a2wsgi as a replacement."}
{"ts": "2026-08-12T06:48:44.795083492Z", "container": "smarthub-mlflow-ui", "msg": "  from starlette.middleware.wsgi import WSGIResponder, build_environ"}
{"ts": "2026-08-12T06:48:44.914096262Z", "container": "smarthub-mlflow-ui", "msg": "2026/08/12 06:48:44 WARNING mlflow.server.fastapi_security: MLFLOW_SERVER_CORS_ALLOWED_ORIGINS=* is set; disabling credentialed CORS. Wildcard origins with credentials is a CORS spec violation. Set an explicit origin allowlist to enable credentialed cross-origin requests."}
{"ts": "2026-08-12T06:48:44.914565196Z", "container": "smarthub-mlflow-ui", "msg": "2026/08/12 06:48:44 INFO:     Started server process [23]"}
{"ts": "2026-08-12T06:48:44.914607446Z", "container": "smarthub-mlflow-ui", "msg": "2026/08/12 06:48:44 INFO:     Waiting for application startup."}
{"ts": "2026-08-12T06:48:44.914884828Z", "container": "smarthub-mlflow-ui", "msg": "2026/08/12 06:48:44 INFO:     Application startup complete."}
{"ts": "2026-08-12T06:48:45.001010853Z", "container": "smarthub-mlflow-ui", "msg": "2026/08/12 06:48:45 WARNING mlflow.server.fastapi_security: MLFLOW_SERVER_CORS_ALLOWED_ORIGINS=* is set; disabling credentialed CORS. Wildcard origins with credentials is a CORS spec violation. Set an explicit origin allowlist to enable credentialed cross-origin requests."}
{"ts": "2026-08-12T06:48:45.008107690Z", "container": "smarthub-mlflow-ui", "msg": "2026/08/12 06:48:45 INFO:     Started server process [24]"}
{"ts": "2026-08-12T06:48:45.008130060Z", "container": "smarthub-mlflow-ui", "msg": "2026/08/12 06:48:45 INFO:     Waiting for application startup."}
{"ts": "2026-08-12T06:48:45.008413553Z", "container": "smarthub-mlflow-ui", "msg": "2026/08/12 06:48:45 INFO:     Application startup complete."}
{"ts": "2026-08-12T06:48:45.038072742Z", "container": "smarthub-mlflow-ui", "msg": "2026/08/12 06:48:45 WARNING mlflow.server.fastapi_security: MLFLOW_SERVER_CORS_ALLOWED_ORIGINS=* is set; disabling credentialed CORS. Wildcard origins with credentials is a CORS spec violation. Set an explicit origin allowlist to enable credentialed cross-origin requests."}
{"ts": "2026-08-12T06:48:45.038468215Z", "container": "smarthub-mlflow-ui", "msg": "2026/08/12 06:48:45 INFO:     Started server process [25]"}
{"ts": "2026-08-12T06:48:45.038528725Z", "container": "smarthub-mlflow-ui", "msg": "2026/08/12 06:48:45 INFO:     Waiting for application startup."}
{"ts": "2026-08-12T06:48:45.038762857Z", "container": "smarthub-mlflow-ui", "msg": "2026/08/12 06:48:45 INFO:     Application startup complete."}
{"ts": "2026-08-12T06:48:45.207537579Z", "container": "smarthub-mlflow-ui", "msg": "2026/08/12 06:48:45 WARNING mlflow.server.fastapi_security: MLFLOW_SERVER_CORS_ALLOWED_ORIGINS=* is set; disabling credentialed CORS. Wildcard origins with credentials is a CORS spec violation. Set an explicit origin allowlist to enable credentialed cross-origin requests."}
{"ts": "2026-08-12T06:48:45.208009763Z", "container": "smarthub-mlflow-ui", "msg": "2026/08/12 06:48:45 INFO:     Started server process [22]"}
{"ts": "2026-08-12T06:48:45.208081853Z", "container": "smarthub-mlflow-ui", "msg": "2026/08/12 06:48:45 INFO:     Waiting for application startup."}
{"ts": "2026-08-12T06:48:45.208462967Z", "container": "smarthub-mlflow-ui", "msg": "2026/08/12 06:48:45 INFO:     Application startup complete."}
{"ts": "2026-08-12T06:48:47.280707832Z", "container": "smarthub-mlflow-ui", "msg": "2026/08/12 06:48:47 WARNING mlflow.server.security: MLFLOW_SERVER_CORS_ALLOWED_ORIGINS=* is set; disabling credentialed CORS. Wildcard origins with credentials is a CORS spec violation. Set an explicit origin allowlist to enable credentialed cross-origin requests."}
{"ts": "2026-08-12T06:48:47.361829026Z", "container": "smarthub-mlflow-ui", "msg": "2026/08/12 06:48:47 WARNING mlflow.server.security: MLFLOW_SERVER_CORS_ALLOWED_ORIGINS=* is set; disabling credentialed CORS. Wildcard origins with credentials is a CORS spec violation. Set an explicit origin allowlist to enable credentialed cross-origin requests."}
{"ts": "2026-08-12T06:48:47.494674298Z", "container": "smarthub-mlflow-ui", "msg": "2026/08/12 06:48:47 WARNING mlflow.server.security: MLFLOW_SERVER_CORS_ALLOWED_ORIGINS=* is set; disabling credentialed CORS. Wildcard origins with credentials is a CORS spec violation. Set an explicit origin allowlist to enable credentialed cross-origin requests."}
{"ts": "2026-08-12T06:48:47.549801552Z", "container": "smarthub-mlflow-ui", "msg": "2026/08/12 06:48:47 WARNING mlflow.server.security: MLFLOW_SERVER_CORS_ALLOWED_ORIGINS=* is set; disabling credentialed CORS. Wildcard origins with credentials is a CORS spec violation. Set an explicit origin allowlist to enable credentialed cross-origin requests."}
{"ts": "2026-08-12T06:48:47.557462174Z", "container": "smarthub-mlflow-ui", "msg": "2026/08/12 06:48:47 WARNING mlflow.server.security: MLFLOW_SERVER_CORS_ALLOWED_ORIGINS=* is set; disabling credentialed CORS. Wildcard origins with credentials is a CORS spec violation. Set an explicit origin allowlist to enable credentialed cross-origin requests."}
{"ts": "2026-08-12T06:48:47.580156167Z", "container": "smarthub-mlflow-ui", "msg": "2026/08/12 06:48:47 WARNING mlflow.server.security: MLFLOW_SERVER_CORS_ALLOWED_ORIGINS=* is set; disabling credentialed CORS. Wildcard origins with credentials is a CORS spec violation. Set an explicit origin allowlist to enable credentialed cross-origin requests."}
{"ts": "2026-08-12T06:48:47.698412821Z", "container": "smarthub-mlflow-ui", "msg": "2026/08/12 06:48:47 INFO mlflow.server.jobs.utils: Registered online_scoring_scheduler periodic task (runs every 1 minute)"}
{"ts": "2026-08-12T06:48:47.698446351Z", "container": "smarthub-mlflow-ui", "msg": "2026/08/12 06:48:47 INFO mlflow.server.jobs.utils: Registered trace_archival_scheduler periodic task (polls every 1 minute and no-ops when trace archival is disabled or unconfigured)"}
{"ts": "2026-08-12T06:48:47.720819722Z", "container": "smarthub-mlflow-ui", "msg": "2026/08/12 06:48:47 WARNING mlflow.server.security: MLFLOW_SERVER_CORS_ALLOWED_ORIGINS=* is set; disabling credentialed CORS. Wildcard origins with credentials is a CORS spec violation. Set an explicit origin allowlist to enable credentialed cross-origin requests."}
{"ts": "2026-08-12T07:01:52.485435461Z", "container": "smarthub-mlflow-ui", "msg": "2026/08/12 07:01:52 INFO:     Shutting down"}
{"ts": "2026-08-12T07:01:52.485549341Z", "container": "smarthub-mlflow-ui", "msg": "2026/08/12 07:01:52 INFO:     Shutting down"}
{"ts": "2026-08-12T07:01:52.504621585Z", "container": "smarthub-mlflow-ui", "msg": "2026/08/12 07:01:52 INFO:     Shutting down"}
{"ts": "2026-08-12T07:01:52.504656905Z", "container": "smarthub-mlflow-ui", "msg": "2026/08/12 07:01:52 INFO:     Shutting down"}
{"ts": "2026-08-12T07:01:52.568197934Z", "container": "smarthub-mlflow-ui", "msg": "2026/08/12 07:01:52 INFO:     Received SIGTERM, exiting."}
{"ts": "2026-08-12T07:01:52.568249715Z", "container": "smarthub-mlflow-ui", "msg": "2026/08/12 07:01:52 INFO:     Terminated child process [22]"}
{"ts": "2026-08-12T07:01:52.568306615Z", "container": "smarthub-mlflow-ui", "msg": "2026/08/12 07:01:52 INFO:     Terminated child process [23]"}
{"ts": "2026-08-12T07:01:52.568355796Z", "container": "smarthub-mlflow-ui", "msg": "2026/08/12 07:01:52 INFO:     Terminated child process [24]"}
{"ts": "2026-08-12T07:01:52.568400436Z", "container": "smarthub-mlflow-ui", "msg": "2026/08/12 07:01:52 INFO:     Terminated child process [25]"}
{"ts": "2026-08-12T07:01:52.568472427Z", "container": "smarthub-mlflow-ui", "msg": "2026/08/12 07:01:52 INFO:     Waiting for child process [22]"}
{"ts": "2026-08-12T07:01:52.585953026Z", "container": "smarthub-mlflow-ui", "msg": "2026/08/12 07:01:52 INFO:     Waiting for application shutdown."}
{"ts": "2026-08-12T07:01:52.586081287Z", "container": "smarthub-mlflow-ui", "msg": "2026/08/12 07:01:52 INFO:     Application shutdown complete."}
{"ts": "2026-08-12T07:01:52.586411840Z", "container": "smarthub-mlflow-ui", "msg": "2026/08/12 07:01:52 INFO:     Finished server process [24]"}
{"ts": "2026-08-12T07:01:52.586633242Z", "container": "smarthub-mlflow-ui", "msg": "2026/08/12 07:01:52 INFO:     Waiting for application shutdown."}
{"ts": "2026-08-12T07:01:52.586793183Z", "container": "smarthub-mlflow-ui", "msg": "2026/08/12 07:01:52 INFO:     Application shutdown complete."}
{"ts": "2026-08-12T07:01:52.586895144Z", "container": "smarthub-mlflow-ui", "msg": "2026/08/12 07:01:52 INFO:     Finished server process [22]"}
{"ts": "2026-08-12T07:01:52.605750915Z", "container": "smarthub-mlflow-ui", "msg": "2026/08/12 07:01:52 INFO:     Waiting for application shutdown."}
{"ts": "2026-08-12T07:01:52.605885426Z", "container": "smarthub-mlflow-ui", "msg": "2026/08/12 07:01:52 INFO:     Waiting for application shutdown."}
{"ts": "2026-08-12T07:01:52.606212009Z", "container": "smarthub-mlflow-ui", "msg": "2026/08/12 07:01:52 INFO:     Application shutdown complete."}
{"ts": "2026-08-12T07:01:52.606219399Z", "container": "smarthub-mlflow-ui", "msg": "2026/08/12 07:01:52 INFO:     Application shutdown complete."}
{"ts": "2026-08-12T07:01:52.606222639Z", "container": "smarthub-mlflow-ui", "msg": "2026/08/12 07:01:52 INFO:     Finished server process [23]"}
{"ts": "2026-08-12T07:01:52.606225609Z", "container": "smarthub-mlflow-ui", "msg": "2026/08/12 07:01:52 INFO:     Finished server process [25]"}
{"ts": "2026-08-12T07:01:52.612452539Z", "container": "smarthub-mlflow-ui", "msg": "2026/08/12 07:01:52 INFO:     Waiting for child process [23]"}
{"ts": "2026-08-12T07:01:52.628026374Z", "container": "smarthub-mlflow-ui", "msg": "2026/08/12 07:01:52 INFO:     Waiting for child process [24]"}
{"ts": "2026-08-12T07:01:52.646014198Z", "container": "smarthub-mlflow-ui", "msg": "2026/08/12 07:01:52 INFO:     Waiting for child process [25]"}
{"ts": "2026-08-12T07:01:52.646712454Z", "container": "smarthub-mlflow-ui", "msg": "2026/08/12 07:01:52 INFO:     Stopping parent process [19]"}
{"ts": "2026-08-12T07:02:07.991572299Z", "container": "smarthub-mlflow-ui", "msg": "WARNING: Accepting ALL hosts. This may leave the server vulnerable to DNS rebinding attacks."}
{"ts": "2026-08-12T07:02:07.991616330Z", "container": "smarthub-mlflow-ui", "msg": "WARNING: Allowing ALL origins for CORS. This allows ANY website to access your MLflow data. This configuration is only recommended for local development."}
{"ts": "2026-08-12T07:02:07.991620480Z", "container": "smarthub-mlflow-ui", "msg": "Registry store URI not provided. Using backend store URI."}
{"ts": "2026-08-12T07:02:08.112429710Z", "container": "smarthub-mlflow-ui", "msg": "[MLflow] Security middleware enabled. Allowed hosts: *. CORS origins: *."}
{"ts": "2026-08-12T07:02:08.230901321Z", "container": "smarthub-mlflow-ui", "msg": "2026/08/12 07:02:08 INFO:     Uvicorn running on http://0.0.0.0:5000 (Press CTRL+C to quit)"}
{"ts": "2026-08-12T07:02:08.230950971Z", "container": "smarthub-mlflow-ui", "msg": "2026/08/12 07:02:08 INFO:     Started parent process [19]"}
{"ts": "2026-08-12T07:02:10.213364219Z", "container": "smarthub-mlflow-ui", "msg": "2026/08/12 07:02:10 WARNING mlflow.server.security: MLFLOW_SERVER_CORS_ALLOWED_ORIGINS=* is set; disabling credentialed CORS. Wildcard origins with credentials is a CORS spec violation. Set an explicit origin allowlist to enable credentialed cross-origin requests."}
{"ts": "2026-08-12T07:02:10.250079694Z", "container": "smarthub-mlflow-ui", "msg": "2026/08/12 07:02:10 WARNING mlflow.server.security: MLFLOW_SERVER_CORS_ALLOWED_ORIGINS=* is set; disabling credentialed CORS. Wildcard origins with credentials is a CORS spec violation. Set an explicit origin allowlist to enable credentialed cross-origin requests."}
{"ts": "2026-08-12T07:02:10.283412972Z", "container": "smarthub-mlflow-ui", "msg": "2026/08/12 07:02:10 WARNING mlflow.server.security: MLFLOW_SERVER_CORS_ALLOWED_ORIGINS=* is set; disabling credentialed CORS. Wildcard origins with credentials is a CORS spec violation. Set an explicit origin allowlist to enable credentialed cross-origin requests."}
{"ts": "2026-08-12T07:02:10.295056975Z", "container": "smarthub-mlflow-ui", "msg": "2026/08/12 07:02:10 WARNING mlflow.server.security: MLFLOW_SERVER_CORS_ALLOWED_ORIGINS=* is set; disabling credentialed CORS. Wildcard origins with credentials is a CORS spec violation. Set an explicit origin allowlist to enable credentialed cross-origin requests."}
{"ts": "2026-08-12T07:02:10.298851356Z", "container": "smarthub-mlflow-ui", "msg": "2026/08/12 07:02:10 WARNING mlflow.server.security: MLFLOW_SERVER_CORS_ALLOWED_ORIGINS=* is set; disabling credentialed CORS. Wildcard origins with credentials is a CORS spec violation. Set an explicit origin allowlist to enable credentialed cross-origin requests."}
{"ts": "2026-08-12T07:02:10.344555923Z", "container": "smarthub-mlflow-ui", "msg": "/usr/local/lib/python3.12/site-packages/mlflow/server/fastapi_app.py:19: StarletteDeprecationWarning: starlette.middleware.wsgi is deprecated and will be removed in a future release. Please refer to https://github.com/abersheeran/a2wsgi as a replacement."}
{"ts": "2026-08-12T07:02:10.344581293Z", "container": "smarthub-mlflow-ui", "msg": "  from starlette.middleware.wsgi import WSGIResponder, build_environ"}
{"ts": "2026-08-12T07:02:10.378961999Z", "container": "smarthub-mlflow-ui", "msg": "/usr/local/lib/python3.12/site-packages/mlflow/server/fastapi_app.py:19: StarletteDeprecationWarning: starlette.middleware.wsgi is deprecated and will be removed in a future release. Please refer to https://github.com/abersheeran/a2wsgi as a replacement."}
{"ts": "2026-08-12T07:02:10.378984319Z", "container": "smarthub-mlflow-ui", "msg": "  from starlette.middleware.wsgi import WSGIResponder, build_environ"}
{"ts": "2026-08-12T07:02:10.394298052Z", "container": "smarthub-mlflow-ui", "msg": "/usr/local/lib/python3.12/site-packages/mlflow/server/fastapi_app.py:19: StarletteDeprecationWarning: starlette.middleware.wsgi is deprecated and will be removed in a future release. Please refer to https://github.com/abersheeran/a2wsgi as a replacement."}
{"ts": "2026-08-12T07:02:10.394323862Z", "container": "smarthub-mlflow-ui", "msg": "  from starlette.middleware.wsgi import WSGIResponder, build_environ"}
{"ts": "2026-08-12T07:02:10.402113455Z", "container": "smarthub-mlflow-ui", "msg": "/usr/local/lib/python3.12/site-packages/mlflow/server/fastapi_app.py:19: StarletteDeprecationWarning: starlette.middleware.wsgi is deprecated and will be removed in a future release. Please refer to https://github.com/abersheeran/a2wsgi as a replacement."}
{"ts": "2026-08-12T07:02:10.402148275Z", "container": "smarthub-mlflow-ui", "msg": "  from starlette.middleware.wsgi import WSGIResponder, build_environ"}
{"ts": "2026-08-12T07:02:10.735434851Z", "container": "smarthub-mlflow-ui", "msg": "2026/08/12 07:02:10 WARNING mlflow.server.fastapi_security: MLFLOW_SERVER_CORS_ALLOWED_ORIGINS=* is set; disabling credentialed CORS. Wildcard origins with credentials is a CORS spec violation. Set an explicit origin allowlist to enable credentialed cross-origin requests."}
{"ts": "2026-08-12T07:02:10.735470472Z", "container": "smarthub-mlflow-ui", "msg": "2026/08/12 07:02:10 INFO:     Started server process [25]"}
{"ts": "2026-08-12T07:02:10.735474232Z", "container": "smarthub-mlflow-ui", "msg": "2026/08/12 07:02:10 INFO:     Waiting for application startup."}
{"ts": "2026-08-12T07:02:10.735477422Z", "container": "smarthub-mlflow-ui", "msg": "2026/08/12 07:02:10 INFO:     Application startup complete."}
{"ts": "2026-08-12T07:02:10.839072753Z", "container": "smarthub-mlflow-ui", "msg": "2026/08/12 07:02:10 WARNING mlflow.server.fastapi_security: MLFLOW_SERVER_CORS_ALLOWED_ORIGINS=* is set; disabling credentialed CORS. Wildcard origins with credentials is a CORS spec violation. Set an explicit origin allowlist to enable credentialed cross-origin requests."}
{"ts": "2026-08-12T07:02:10.839100544Z", "container": "smarthub-mlflow-ui", "msg": "2026/08/12 07:02:10 INFO:     Started server process [22]"}
{"ts": "2026-08-12T07:02:10.839104284Z", "container": "smarthub-mlflow-ui", "msg": "2026/08/12 07:02:10 INFO:     Waiting for application startup."}
{"ts": "2026-08-12T07:02:10.839107534Z", "container": "smarthub-mlflow-ui", "msg": "2026/08/12 07:02:10 INFO:     Application startup complete."}
{"ts": "2026-08-12T07:02:10.923832514Z", "container": "smarthub-mlflow-ui", "msg": "2026/08/12 07:02:10 WARNING mlflow.server.fastapi_security: MLFLOW_SERVER_CORS_ALLOWED_ORIGINS=* is set; disabling credentialed CORS. Wildcard origins with credentials is a CORS spec violation. Set an explicit origin allowlist to enable credentialed cross-origin requests."}
{"ts": "2026-08-12T07:02:10.924349538Z", "container": "smarthub-mlflow-ui", "msg": "2026/08/12 07:02:10 INFO:     Started server process [24]"}
{"ts": "2026-08-12T07:02:10.924404238Z", "container": "smarthub-mlflow-ui", "msg": "2026/08/12 07:02:10 INFO:     Waiting for application startup."}
{"ts": "2026-08-12T07:02:10.924682421Z", "container": "smarthub-mlflow-ui", "msg": "2026/08/12 07:02:10 INFO:     Application startup complete."}
{"ts": "2026-08-12T07:02:10.941304744Z", "container": "smarthub-mlflow-ui", "msg": "2026/08/12 07:02:10 WARNING mlflow.server.fastapi_security: MLFLOW_SERVER_CORS_ALLOWED_ORIGINS=* is set; disabling credentialed CORS. Wildcard origins with credentials is a CORS spec violation. Set an explicit origin allowlist to enable credentialed cross-origin requests."}
{"ts": "2026-08-12T07:02:10.942384293Z", "container": "smarthub-mlflow-ui", "msg": "2026/08/12 07:02:10 INFO:     Started server process [23]"}
{"ts": "2026-08-12T07:02:10.942778096Z", "container": "smarthub-mlflow-ui", "msg": "2026/08/12 07:02:10 INFO:     Waiting for application startup."}
{"ts": "2026-08-12T07:02:10.943322200Z", "container": "smarthub-mlflow-ui", "msg": "2026/08/12 07:02:10 INFO:     Application startup complete."}
{"ts": "2026-08-12T07:02:12.938545232Z", "container": "smarthub-mlflow-ui", "msg": "2026/08/12 07:02:12 WARNING mlflow.server.security: MLFLOW_SERVER_CORS_ALLOWED_ORIGINS=* is set; disabling credentialed CORS. Wildcard origins with credentials is a CORS spec violation. Set an explicit origin allowlist to enable credentialed cross-origin requests."}
{"ts": "2026-08-12T07:02:13.104326573Z", "container": "smarthub-mlflow-ui", "msg": "2026/08/12 07:02:13 WARNING mlflow.server.security: MLFLOW_SERVER_CORS_ALLOWED_ORIGINS=* is set; disabling credentialed CORS. Wildcard origins with credentials is a CORS spec violation. Set an explicit origin allowlist to enable credentialed cross-origin requests."}
{"ts": "2026-08-12T07:02:13.234469478Z", "container": "smarthub-mlflow-ui", "msg": "2026/08/12 07:02:13 WARNING mlflow.server.security: MLFLOW_SERVER_CORS_ALLOWED_ORIGINS=* is set; disabling credentialed CORS. Wildcard origins with credentials is a CORS spec violation. Set an explicit origin allowlist to enable credentialed cross-origin requests."}
{"ts": "2026-08-12T07:02:13.236509455Z", "container": "smarthub-mlflow-ui", "msg": "2026/08/12 07:02:13 WARNING mlflow.server.security: MLFLOW_SERVER_CORS_ALLOWED_ORIGINS=* is set; disabling credentialed CORS. Wildcard origins with credentials is a CORS spec violation. Set an explicit origin allowlist to enable credentialed cross-origin requests."}
{"ts": "2026-08-12T07:02:13.237413922Z", "container": "smarthub-mlflow-ui", "msg": "2026/08/12 07:02:13 WARNING mlflow.server.security: MLFLOW_SERVER_CORS_ALLOWED_ORIGINS=* is set; disabling credentialed CORS. Wildcard origins with credentials is a CORS spec violation. Set an explicit origin allowlist to enable credentialed cross-origin requests."}
{"ts": "2026-08-12T07:02:13.245236285Z", "container": "smarthub-mlflow-ui", "msg": "2026/08/12 07:02:13 WARNING mlflow.server.security: MLFLOW_SERVER_CORS_ALLOWED_ORIGINS=* is set; disabling credentialed CORS. Wildcard origins with credentials is a CORS spec violation. Set an explicit origin allowlist to enable credentialed cross-origin requests."}
{"ts": "2026-08-12T07:02:13.290744630Z", "container": "smarthub-mlflow-ui", "msg": "2026/08/12 07:02:13 WARNING mlflow.server.security: MLFLOW_SERVER_CORS_ALLOWED_ORIGINS=* is set; disabling credentialed CORS. Wildcard origins with credentials is a CORS spec violation. Set an explicit origin allowlist to enable credentialed cross-origin requests."}
{"ts": "2026-08-12T07:02:13.527167269Z", "container": "smarthub-mlflow-ui", "msg": "2026/08/12 07:02:13 INFO mlflow.server.jobs.utils: Registered online_scoring_scheduler periodic task (runs every 1 minute)"}
{"ts": "2026-08-12T07:02:13.527280830Z", "container": "smarthub-mlflow-ui", "msg": "2026/08/12 07:02:13 INFO mlflow.server.jobs.utils: Registered trace_archival_scheduler periodic task (polls every 1 minute and no-ops when trace archival is disabled or unconfigured)"}
{"ts": "2026-08-12T07:53:52.714770979Z", "container": "smarthub-mlflow-ui", "msg": "2026/08/12 07:53:52 INFO:     Shutting down"}
{"ts": "2026-08-12T07:53:52.718625410Z", "container": "smarthub-mlflow-ui", "msg": "2026/08/12 07:53:52 INFO:     Shutting down"}
{"ts": "2026-08-12T07:53:52.718963813Z", "container": "smarthub-mlflow-ui", "msg": "2026/08/12 07:53:52 INFO:     Shutting down"}
{"ts": "2026-08-12T07:53:52.723633041Z", "container": "smarthub-mlflow-ui", "msg": "2026/08/12 07:53:52 INFO:     Shutting down"}
{"ts": "2026-08-12T07:53:52.823470826Z", "container": "smarthub-mlflow-ui", "msg": "2026/08/12 07:53:52 INFO:     Waiting for application shutdown."}
{"ts": "2026-08-12T07:53:52.823493237Z", "container": "smarthub-mlflow-ui", "msg": "2026/08/12 07:53:52 INFO:     Application shutdown complete."}
{"ts": "2026-08-12T07:53:52.823496957Z", "container": "smarthub-mlflow-ui", "msg": "2026/08/12 07:53:52 INFO:     Finished server process [24]"}
{"ts": "2026-08-12T07:53:52.827418868Z", "container": "smarthub-mlflow-ui", "msg": "2026/08/12 07:53:52 INFO:     Waiting for application shutdown."}
{"ts": "2026-08-12T07:53:52.827434588Z", "container": "smarthub-mlflow-ui", "msg": "2026/08/12 07:53:52 INFO:     Application shutdown complete."}
{"ts": "2026-08-12T07:53:52.827438228Z", "container": "smarthub-mlflow-ui", "msg": "2026/08/12 07:53:52 INFO:     Finished server process [25]"}
{"ts": "2026-08-12T07:53:52.827441248Z", "container": "smarthub-mlflow-ui", "msg": "2026/08/12 07:53:52 INFO:     Waiting for application shutdown."}
{"ts": "2026-08-12T07:53:52.827444138Z", "container": "smarthub-mlflow-ui", "msg": "2026/08/12 07:53:52 INFO:     Application shutdown complete."}
{"ts": "2026-08-12T07:53:52.827447038Z", "container": "smarthub-mlflow-ui", "msg": "2026/08/12 07:53:52 INFO:     Finished server process [23]"}
{"ts": "2026-08-12T07:53:52.827449948Z", "container": "smarthub-mlflow-ui", "msg": "2026/08/12 07:53:52 INFO:     Waiting for application shutdown."}
{"ts": "2026-08-12T07:53:52.827452758Z", "container": "smarthub-mlflow-ui", "msg": "2026/08/12 07:53:52 INFO:     Application shutdown complete."}
{"ts": "2026-08-12T07:53:52.827455608Z", "container": "smarthub-mlflow-ui", "msg": "2026/08/12 07:53:52 INFO:     Finished server process [22]"}
{"ts": "2026-08-12T07:53:53.088459945Z", "container": "smarthub-mlflow-ui", "msg": "2026/08/12 07:53:53 INFO:     Received SIGTERM, exiting."}
{"ts": "2026-08-12T07:53:53.088503675Z", "container": "smarthub-mlflow-ui", "msg": "2026/08/12 07:53:53 INFO:     Received SIGTERM, exiting."}
{"ts": "2026-08-12T07:53:53.088909678Z", "container": "smarthub-mlflow-ui", "msg": "2026/08/12 07:53:53 INFO:     Waiting for child process [22]"}
{"ts": "2026-08-12T07:53:53.088921868Z", "container": "smarthub-mlflow-ui", "msg": "2026/08/12 07:53:53 INFO:     Waiting for child process [23]"}
{"ts": "2026-08-12T07:53:53.088928538Z", "container": "smarthub-mlflow-ui", "msg": "2026/08/12 07:53:53 INFO:     Waiting for child process [24]"}
{"ts": "2026-08-12T07:53:53.088931698Z", "container": "smarthub-mlflow-ui", "msg": "2026/08/12 07:53:53 INFO:     Waiting for child process [25]"}
{"ts": "2026-08-12T07:53:53.088940629Z", "container": "smarthub-mlflow-ui", "msg": "2026/08/12 07:53:53 INFO:     Stopping parent process [19]"}
{"ts": "2026-08-12T07:54:17.013386804Z", "container": "smarthub-mlflow-ui", "msg": "WARNING: Accepting ALL hosts. This may leave the server vulnerable to DNS rebinding attacks."}
{"ts": "2026-08-12T07:54:17.013432674Z", "container": "smarthub-mlflow-ui", "msg": "WARNING: Allowing ALL origins for CORS. This allows ANY website to access your MLflow data. This configuration is only recommended for local development."}
{"ts": "2026-08-12T07:54:17.013436874Z", "container": "smarthub-mlflow-ui", "msg": "Registry store URI not provided. Using backend store URI."}
{"ts": "2026-08-12T07:54:17.145787188Z", "container": "smarthub-mlflow-ui", "msg": "[MLflow] Security middleware enabled. Allowed hosts: *. CORS origins: *."}
{"ts": "2026-08-12T07:54:17.264649983Z", "container": "smarthub-mlflow-ui", "msg": "2026/08/12 07:54:17 INFO:     Uvicorn running on http://0.0.0.0:5000 (Press CTRL+C to quit)"}
{"ts": "2026-08-12T07:54:17.264776434Z", "container": "smarthub-mlflow-ui", "msg": "2026/08/12 07:54:17 INFO:     Started parent process [18]"}
{"ts": "2026-08-12T07:54:19.358467088Z", "container": "smarthub-mlflow-ui", "msg": "2026/08/12 07:54:19 WARNING mlflow.server.security: MLFLOW_SERVER_CORS_ALLOWED_ORIGINS=* is set; disabling credentialed CORS. Wildcard origins with credentials is a CORS spec violation. Set an explicit origin allowlist to enable credentialed cross-origin requests."}
{"ts": "2026-08-12T07:54:19.359154643Z", "container": "smarthub-mlflow-ui", "msg": "2026/08/12 07:54:19 WARNING mlflow.server.security: MLFLOW_SERVER_CORS_ALLOWED_ORIGINS=* is set; disabling credentialed CORS. Wildcard origins with credentials is a CORS spec violation. Set an explicit origin allowlist to enable credentialed cross-origin requests."}
{"ts": "2026-08-12T07:54:19.399455987Z", "container": "smarthub-mlflow-ui", "msg": "2026/08/12 07:54:19 WARNING mlflow.server.security: MLFLOW_SERVER_CORS_ALLOWED_ORIGINS=* is set; disabling credentialed CORS. Wildcard origins with credentials is a CORS spec violation. Set an explicit origin allowlist to enable credentialed cross-origin requests."}
{"ts": "2026-08-12T07:54:19.433052687Z", "container": "smarthub-mlflow-ui", "msg": "2026/08/12 07:54:19 WARNING mlflow.server.security: MLFLOW_SERVER_CORS_ALLOWED_ORIGINS=* is set; disabling credentialed CORS. Wildcard origins with credentials is a CORS spec violation. Set an explicit origin allowlist to enable credentialed cross-origin requests."}
{"ts": "2026-08-12T07:54:19.451696727Z", "container": "smarthub-mlflow-ui", "msg": "/usr/local/lib/python3.12/site-packages/mlflow/server/fastapi_app.py:19: StarletteDeprecationWarning: starlette.middleware.wsgi is deprecated and will be removed in a future release. Please refer to https://github.com/abersheeran/a2wsgi as a replacement."}
{"ts": "2026-08-12T07:54:19.451711107Z", "container": "smarthub-mlflow-ui", "msg": "  from starlette.middleware.wsgi import WSGIResponder, build_environ"}
{"ts": "2026-08-12T07:54:19.474785702Z", "container": "smarthub-mlflow-ui", "msg": "2026/08/12 07:54:19 WARNING mlflow.server.security: MLFLOW_SERVER_CORS_ALLOWED_ORIGINS=* is set; disabling credentialed CORS. Wildcard origins with credentials is a CORS spec violation. Set an explicit origin allowlist to enable credentialed cross-origin requests."}
{"ts": "2026-08-12T07:54:19.493359202Z", "container": "smarthub-mlflow-ui", "msg": "/usr/local/lib/python3.12/site-packages/mlflow/server/fastapi_app.py:19: StarletteDeprecationWarning: starlette.middleware.wsgi is deprecated and will be removed in a future release. Please refer to https://github.com/abersheeran/a2wsgi as a replacement."}
{"ts": "2026-08-12T07:54:19.493373502Z", "container": "smarthub-mlflow-ui", "msg": "  from starlette.middleware.wsgi import WSGIResponder, build_environ"}
{"ts": "2026-08-12T07:54:19.526943162Z", "container": "smarthub-mlflow-ui", "msg": "/usr/local/lib/python3.12/site-packages/mlflow/server/fastapi_app.py:19: StarletteDeprecationWarning: starlette.middleware.wsgi is deprecated and will be removed in a future release. Please refer to https://github.com/abersheeran/a2wsgi as a replacement."}
{"ts": "2026-08-12T07:54:19.526969952Z", "container": "smarthub-mlflow-ui", "msg": "  from starlette.middleware.wsgi import WSGIResponder, build_environ"}
{"ts": "2026-08-12T07:54:19.603437416Z", "container": "smarthub-mlflow-ui", "msg": "/usr/local/lib/python3.12/site-packages/mlflow/server/fastapi_app.py:19: StarletteDeprecationWarning: starlette.middleware.wsgi is deprecated and will be removed in a future release. Please refer to https://github.com/abersheeran/a2wsgi as a replacement."}
{"ts": "2026-08-12T07:54:19.603485676Z", "container": "smarthub-mlflow-ui", "msg": "  from starlette.middleware.wsgi import WSGIResponder, build_environ"}
{"ts": "2026-08-12T07:54:19.835319560Z", "container": "smarthub-mlflow-ui", "msg": "2026/08/12 07:54:19 WARNING mlflow.server.fastapi_security: MLFLOW_SERVER_CORS_ALLOWED_ORIGINS=* is set; disabling credentialed CORS. Wildcard origins with credentials is a CORS spec violation. Set an explicit origin allowlist to enable credentialed cross-origin requests."}
{"ts": "2026-08-12T07:54:19.836040815Z", "container": "smarthub-mlflow-ui", "msg": "2026/08/12 07:54:19 INFO:     Started server process [23]"}
{"ts": "2026-08-12T07:54:19.836218017Z", "container": "smarthub-mlflow-ui", "msg": "2026/08/12 07:54:19 INFO:     Waiting for application startup."}
{"ts": "2026-08-12T07:54:19.836606030Z", "container": "smarthub-mlflow-ui", "msg": "2026/08/12 07:54:19 INFO:     Application startup complete."}
{"ts": "2026-08-12T07:54:19.852948291Z", "container": "smarthub-mlflow-ui", "msg": "2026/08/12 07:54:19 WARNING mlflow.server.fastapi_security: MLFLOW_SERVER_CORS_ALLOWED_ORIGINS=* is set; disabling credentialed CORS. Wildcard origins with credentials is a CORS spec violation. Set an explicit origin allowlist to enable credentialed cross-origin requests."}
{"ts": "2026-08-12T07:54:19.853756568Z", "container": "smarthub-mlflow-ui", "msg": "2026/08/12 07:54:19 INFO:     Started server process [22]"}
{"ts": "2026-08-12T07:54:19.853900549Z", "container": "smarthub-mlflow-ui", "msg": "2026/08/12 07:54:19 INFO:     Waiting for application startup."}
{"ts": "2026-08-12T07:54:19.854417633Z", "container": "smarthub-mlflow-ui", "msg": "2026/08/12 07:54:19 INFO:     Application startup complete."}
{"ts": "2026-08-12T07:54:19.971387383Z", "container": "smarthub-mlflow-ui", "msg": "2026/08/12 07:54:19 WARNING mlflow.server.fastapi_security: MLFLOW_SERVER_CORS_ALLOWED_ORIGINS=* is set; disabling credentialed CORS. Wildcard origins with credentials is a CORS spec violation. Set an explicit origin allowlist to enable credentialed cross-origin requests."}
{"ts": "2026-08-12T07:54:19.971415583Z", "container": "smarthub-mlflow-ui", "msg": "2026/08/12 07:54:19 INFO:     Started server process [24]"}
{"ts": "2026-08-12T07:54:19.971419563Z", "container": "smarthub-mlflow-ui", "msg": "2026/08/12 07:54:19 INFO:     Waiting for application startup."}
{"ts": "2026-08-12T07:54:19.971422803Z", "container": "smarthub-mlflow-ui", "msg": "2026/08/12 07:54:19 INFO:     Application startup complete."}
{"ts": "2026-08-12T07:54:20.063368692Z", "container": "smarthub-mlflow-ui", "msg": "2026/08/12 07:54:20 WARNING mlflow.server.fastapi_security: MLFLOW_SERVER_CORS_ALLOWED_ORIGINS=* is set; disabling credentialed CORS. Wildcard origins with credentials is a CORS spec violation. Set an explicit origin allowlist to enable credentialed cross-origin requests."}
{"ts": "2026-08-12T07:54:20.063397142Z", "container": "smarthub-mlflow-ui", "msg": "2026/08/12 07:54:20 INFO:     Started server process [21]"}
{"ts": "2026-08-12T07:54:20.063400882Z", "container": "smarthub-mlflow-ui", "msg": "2026/08/12 07:54:20 INFO:     Waiting for application startup."}
{"ts": "2026-08-12T07:54:20.063403992Z", "container": "smarthub-mlflow-ui", "msg": "2026/08/12 07:54:20 INFO:     Application startup complete."}
{"ts": "2026-08-12T07:54:22.031960891Z", "container": "smarthub-mlflow-ui", "msg": "2026/08/12 07:54:22 WARNING mlflow.server.security: MLFLOW_SERVER_CORS_ALLOWED_ORIGINS=* is set; disabling credentialed CORS. Wildcard origins with credentials is a CORS spec violation. Set an explicit origin allowlist to enable credentialed cross-origin requests."}
{"ts": "2026-08-12T07:54:22.154745097Z", "container": "smarthub-mlflow-ui", "msg": "2026/08/12 07:54:22 WARNING mlflow.server.security: MLFLOW_SERVER_CORS_ALLOWED_ORIGINS=* is set; disabling credentialed CORS. Wildcard origins with credentials is a CORS spec violation. Set an explicit origin allowlist to enable credentialed cross-origin requests."}
{"ts": "2026-08-12T07:54:22.171744374Z", "container": "smarthub-mlflow-ui", "msg": "2026/08/12 07:54:22 WARNING mlflow.server.security: MLFLOW_SERVER_CORS_ALLOWED_ORIGINS=* is set; disabling credentialed CORS. Wildcard origins with credentials is a CORS spec violation. Set an explicit origin allowlist to enable credentialed cross-origin requests."}
{"ts": "2026-08-12T07:54:22.213569890Z", "container": "smarthub-mlflow-ui", "msg": "2026/08/12 07:54:22 WARNING mlflow.server.security: MLFLOW_SERVER_CORS_ALLOWED_ORIGINS=* is set; disabling credentialed CORS. Wildcard origins with credentials is a CORS spec violation. Set an explicit origin allowlist to enable credentialed cross-origin requests."}
{"ts": "2026-08-12T07:54:22.297328173Z", "container": "smarthub-mlflow-ui", "msg": "2026/08/12 07:54:22 WARNING mlflow.server.security: MLFLOW_SERVER_CORS_ALLOWED_ORIGINS=* is set; disabling credentialed CORS. Wildcard origins with credentials is a CORS spec violation. Set an explicit origin allowlist to enable credentialed cross-origin requests."}
{"ts": "2026-08-12T07:54:22.362130714Z", "container": "smarthub-mlflow-ui", "msg": "2026/08/12 07:54:22 WARNING mlflow.server.security: MLFLOW_SERVER_CORS_ALLOWED_ORIGINS=* is set; disabling credentialed CORS. Wildcard origins with credentials is a CORS spec violation. Set an explicit origin allowlist to enable credentialed cross-origin requests."}
{"ts": "2026-08-12T07:54:22.492644502Z", "container": "smarthub-mlflow-ui", "msg": "2026/08/12 07:54:22 WARNING mlflow.server.security: MLFLOW_SERVER_CORS_ALLOWED_ORIGINS=* is set; disabling credentialed CORS. Wildcard origins with credentials is a CORS spec violation. Set an explicit origin allowlist to enable credentialed cross-origin requests."}
{"ts": "2026-08-12T07:54:22.583269510Z", "container": "smarthub-mlflow-ui", "msg": "2026/08/12 07:54:22 INFO mlflow.server.jobs.utils: Registered online_scoring_scheduler periodic task (runs every 1 minute)"}
{"ts": "2026-08-12T07:54:22.583401892Z", "container": "smarthub-mlflow-ui", "msg": "2026/08/12 07:54:22 INFO mlflow.server.jobs.utils: Registered trace_archival_scheduler periodic task (polls every 1 minute and no-ops when trace archival is disabled or unconfigured)"}
{"ts": "2026-08-12T08:02:57.905182203Z", "container": "smarthub-mlflow-ui", "msg": "2026/08/12 08:02:57 INFO:     Shutting down"}
{"ts": "2026-08-12T08:02:57.933666982Z", "container": "smarthub-mlflow-ui", "msg": "2026/08/12 08:02:57 INFO:     Shutting down"}
{"ts": "2026-08-12T08:02:57.940161594Z", "container": "smarthub-mlflow-ui", "msg": "2026/08/12 08:02:57 INFO:     Shutting down"}
{"ts": "2026-08-12T08:02:57.940532097Z", "container": "smarthub-mlflow-ui", "msg": "2026/08/12 08:02:57 INFO:     Shutting down"}
{"ts": "2026-08-12T08:02:58.015395269Z", "container": "smarthub-mlflow-ui", "msg": "2026/08/12 08:02:58 INFO:     Waiting for application shutdown."}
{"ts": "2026-08-12T08:02:58.015424599Z", "container": "smarthub-mlflow-ui", "msg": "2026/08/12 08:02:58 INFO:     Application shutdown complete."}
{"ts": "2026-08-12T08:02:58.015428759Z", "container": "smarthub-mlflow-ui", "msg": "2026/08/12 08:02:58 INFO:     Finished server process [21]"}
{"ts": "2026-08-12T08:02:58.034246750Z", "container": "smarthub-mlflow-ui", "msg": "2026/08/12 08:02:58 INFO:     Waiting for application shutdown."}
{"ts": "2026-08-12T08:02:58.034451442Z", "container": "smarthub-mlflow-ui", "msg": "2026/08/12 08:02:58 INFO:     Application shutdown complete."}
{"ts": "2026-08-12T08:02:58.034461302Z", "container": "smarthub-mlflow-ui", "msg": "2026/08/12 08:02:58 INFO:     Finished server process [23]"}
{"ts": "2026-08-12T08:02:58.043425724Z", "container": "smarthub-mlflow-ui", "msg": "2026/08/12 08:02:58 INFO:     Waiting for application shutdown."}
{"ts": "2026-08-12T08:02:58.043449264Z", "container": "smarthub-mlflow-ui", "msg": "2026/08/12 08:02:58 INFO:     Application shutdown complete."}
{"ts": "2026-08-12T08:02:58.043453314Z", "container": "smarthub-mlflow-ui", "msg": "2026/08/12 08:02:58 INFO:     Finished server process [22]"}
{"ts": "2026-08-12T08:02:58.043456624Z", "container": "smarthub-mlflow-ui", "msg": "2026/08/12 08:02:58 INFO:     Waiting for application shutdown."}
{"ts": "2026-08-12T08:02:58.043459794Z", "container": "smarthub-mlflow-ui", "msg": "2026/08/12 08:02:58 INFO:     Application shutdown complete."}
{"ts": "2026-08-12T08:02:58.043465864Z", "container": "smarthub-mlflow-ui", "msg": "2026/08/12 08:02:58 INFO:     Finished server process [24]"}
{"ts": "2026-08-12T08:02:58.065234279Z", "container": "smarthub-mlflow-ui", "msg": "2026/08/12 08:02:58 INFO:     Received SIGTERM, exiting."}
{"ts": "2026-08-12T08:02:58.065260459Z", "container": "smarthub-mlflow-ui", "msg": "2026/08/12 08:02:58 INFO:     Terminated child process [21]"}
{"ts": "2026-08-12T08:02:58.065264189Z", "container": "smarthub-mlflow-ui", "msg": "2026/08/12 08:02:58 INFO:     Terminated child process [22]"}
{"ts": "2026-08-12T08:02:58.065267430Z", "container": "smarthub-mlflow-ui", "msg": "2026/08/12 08:02:58 INFO:     Terminated child process [24]"}
{"ts": "2026-08-12T08:02:58.065270810Z", "container": "smarthub-mlflow-ui", "msg": "2026/08/12 08:02:58 INFO:     Waiting for child process [21]"}
{"ts": "2026-08-12T08:02:58.193506440Z", "container": "smarthub-mlflow-ui", "msg": "2026/08/12 08:02:58 INFO:     Waiting for child process [22]"}
{"ts": "2026-08-12T08:02:58.219752070Z", "container": "smarthub-mlflow-ui", "msg": "2026/08/12 08:02:58 INFO:     Waiting for child process [23]"}
{"ts": "2026-08-12T08:02:58.219774730Z", "container": "smarthub-mlflow-ui", "msg": "2026/08/12 08:02:58 INFO:     Waiting for child process [24]"}
{"ts": "2026-08-12T08:02:58.219778680Z", "container": "smarthub-mlflow-ui", "msg": "2026/08/12 08:02:58 INFO:     Stopping parent process [18]"}
{"ts": "2026-08-12T08:03:25.656979082Z", "container": "smarthub-mlflow-ui", "msg": "WARNING: Accepting ALL hosts. This may leave the server vulnerable to DNS rebinding attacks."}
{"ts": "2026-08-12T08:03:25.657022282Z", "container": "smarthub-mlflow-ui", "msg": "WARNING: Allowing ALL origins for CORS. This allows ANY website to access your MLflow data. This configuration is only recommended for local development."}
{"ts": "2026-08-12T08:03:25.657026432Z", "container": "smarthub-mlflow-ui", "msg": "Registry store URI not provided. Using backend store URI."}
{"ts": "2026-08-12T08:03:25.783593149Z", "container": "smarthub-mlflow-ui", "msg": "[MLflow] Security middleware enabled. Allowed hosts: *. CORS origins: *."}
{"ts": "2026-08-12T08:03:25.905603949Z", "container": "smarthub-mlflow-ui", "msg": "2026/08/12 08:03:25 INFO:     Uvicorn running on http://0.0.0.0:5000 (Press CTRL+C to quit)"}
{"ts": "2026-08-12T08:03:25.905657500Z", "container": "smarthub-mlflow-ui", "msg": "2026/08/12 08:03:25 INFO:     Started parent process [18]"}
{"ts": "2026-08-12T08:03:27.961101791Z", "container": "smarthub-mlflow-ui", "msg": "2026/08/12 08:03:27 WARNING mlflow.server.security: MLFLOW_SERVER_CORS_ALLOWED_ORIGINS=* is set; disabling credentialed CORS. Wildcard origins with credentials is a CORS spec violation. Set an explicit origin allowlist to enable credentialed cross-origin requests."}
{"ts": "2026-08-12T08:03:27.967385641Z", "container": "smarthub-mlflow-ui", "msg": "2026/08/12 08:03:27 WARNING mlflow.server.security: MLFLOW_SERVER_CORS_ALLOWED_ORIGINS=* is set; disabling credentialed CORS. Wildcard origins with credentials is a CORS spec violation. Set an explicit origin allowlist to enable credentialed cross-origin requests."}
{"ts": "2026-08-12T08:03:27.971668596Z", "container": "smarthub-mlflow-ui", "msg": "2026/08/12 08:03:27 WARNING mlflow.server.security: MLFLOW_SERVER_CORS_ALLOWED_ORIGINS=* is set; disabling credentialed CORS. Wildcard origins with credentials is a CORS spec violation. Set an explicit origin allowlist to enable credentialed cross-origin requests."}
{"ts": "2026-08-12T08:03:27.990753979Z", "container": "smarthub-mlflow-ui", "msg": "2026/08/12 08:03:27 WARNING mlflow.server.security: MLFLOW_SERVER_CORS_ALLOWED_ORIGINS=* is set; disabling credentialed CORS. Wildcard origins with credentials is a CORS spec violation. Set an explicit origin allowlist to enable credentialed cross-origin requests."}
{"ts": "2026-08-12T08:03:28.016921799Z", "container": "smarthub-mlflow-ui", "msg": "2026/08/12 08:03:28 WARNING mlflow.server.security: MLFLOW_SERVER_CORS_ALLOWED_ORIGINS=* is set; disabling credentialed CORS. Wildcard origins with credentials is a CORS spec violation. Set an explicit origin allowlist to enable credentialed cross-origin requests."}
{"ts": "2026-08-12T08:03:28.063614655Z", "container": "smarthub-mlflow-ui", "msg": "/usr/local/lib/python3.12/site-packages/mlflow/server/fastapi_app.py:19: StarletteDeprecationWarning: starlette.middleware.wsgi is deprecated and will be removed in a future release. Please refer to https://github.com/abersheeran/a2wsgi as a replacement."}
{"ts": "2026-08-12T08:03:28.063636545Z", "container": "smarthub-mlflow-ui", "msg": "  from starlette.middleware.wsgi import WSGIResponder, build_environ"}
{"ts": "2026-08-12T08:03:28.073212011Z", "container": "smarthub-mlflow-ui", "msg": "/usr/local/lib/python3.12/site-packages/mlflow/server/fastapi_app.py:19: StarletteDeprecationWarning: starlette.middleware.wsgi is deprecated and will be removed in a future release. Please refer to https://github.com/abersheeran/a2wsgi as a replacement."}
{"ts": "2026-08-12T08:03:28.073224401Z", "container": "smarthub-mlflow-ui", "msg": "  from starlette.middleware.wsgi import WSGIResponder, build_environ"}
{"ts": "2026-08-12T08:03:28.090231948Z", "container": "smarthub-mlflow-ui", "msg": "/usr/local/lib/python3.12/site-packages/mlflow/server/fastapi_app.py:19: StarletteDeprecationWarning: starlette.middleware.wsgi is deprecated and will be removed in a future release. Please refer to https://github.com/abersheeran/a2wsgi as a replacement."}
{"ts": "2026-08-12T08:03:28.090247048Z", "container": "smarthub-mlflow-ui", "msg": "  from starlette.middleware.wsgi import WSGIResponder, build_environ"}
{"ts": "2026-08-12T08:03:28.119534634Z", "container": "smarthub-mlflow-ui", "msg": "/usr/local/lib/python3.12/site-packages/mlflow/server/fastapi_app.py:19: StarletteDeprecationWarning: starlette.middleware.wsgi is deprecated and will be removed in a future release. Please refer to https://github.com/abersheeran/a2wsgi as a replacement."}
{"ts": "2026-08-12T08:03:28.119574894Z", "container": "smarthub-mlflow-ui", "msg": "  from starlette.middleware.wsgi import WSGIResponder, build_environ"}
{"ts": "2026-08-12T08:03:28.557250690Z", "container": "smarthub-mlflow-ui", "msg": "2026/08/12 08:03:28 WARNING mlflow.server.fastapi_security: MLFLOW_SERVER_CORS_ALLOWED_ORIGINS=* is set; disabling credentialed CORS. Wildcard origins with credentials is a CORS spec violation. Set an explicit origin allowlist to enable credentialed cross-origin requests."}
{"ts": "2026-08-12T08:03:28.572668784Z", "container": "smarthub-mlflow-ui", "msg": "2026/08/12 08:03:28 INFO:     Started server process [23]"}
{"ts": "2026-08-12T08:03:28.572941406Z", "container": "smarthub-mlflow-ui", "msg": "2026/08/12 08:03:28 INFO:     Waiting for application startup."}
{"ts": "2026-08-12T08:03:28.573380339Z", "container": "smarthub-mlflow-ui", "msg": "2026/08/12 08:03:28 INFO:     Application startup complete."}
{"ts": "2026-08-12T08:03:28.606450195Z", "container": "smarthub-mlflow-ui", "msg": "2026/08/12 08:03:28 WARNING mlflow.server.fastapi_security: MLFLOW_SERVER_CORS_ALLOWED_ORIGINS=* is set; disabling credentialed CORS. Wildcard origins with credentials is a CORS spec violation. Set an explicit origin allowlist to enable credentialed cross-origin requests."}
{"ts": "2026-08-12T08:03:28.607101260Z", "container": "smarthub-mlflow-ui", "msg": "2026/08/12 08:03:28 INFO:     Started server process [24]"}
{"ts": "2026-08-12T08:03:28.607255012Z", "container": "smarthub-mlflow-ui", "msg": "2026/08/12 08:03:28 INFO:     Waiting for application startup."}
{"ts": "2026-08-12T08:03:28.607614675Z", "container": "smarthub-mlflow-ui", "msg": "2026/08/12 08:03:28 INFO:     Application startup complete."}
{"ts": "2026-08-12T08:03:28.631095873Z", "container": "smarthub-mlflow-ui", "msg": "2026/08/12 08:03:28 WARNING mlflow.server.fastapi_security: MLFLOW_SERVER_CORS_ALLOWED_ORIGINS=* is set; disabling credentialed CORS. Wildcard origins with credentials is a CORS spec violation. Set an explicit origin allowlist to enable credentialed cross-origin requests."}
{"ts": "2026-08-12T08:03:28.631769398Z", "container": "smarthub-mlflow-ui", "msg": "2026/08/12 08:03:28 INFO:     Started server process [21]"}
{"ts": "2026-08-12T08:03:28.631928530Z", "container": "smarthub-mlflow-ui", "msg": "2026/08/12 08:03:28 INFO:     Waiting for application startup."}
{"ts": "2026-08-12T08:03:28.632275722Z", "container": "smarthub-mlflow-ui", "msg": "2026/08/12 08:03:28 INFO:     Application startup complete."}
{"ts": "2026-08-12T08:03:28.666110434Z", "container": "smarthub-mlflow-ui", "msg": "2026/08/12 08:03:28 WARNING mlflow.server.fastapi_security: MLFLOW_SERVER_CORS_ALLOWED_ORIGINS=* is set; disabling credentialed CORS. Wildcard origins with credentials is a CORS spec violation. Set an explicit origin allowlist to enable credentialed cross-origin requests."}
{"ts": "2026-08-12T08:03:28.666766960Z", "container": "smarthub-mlflow-ui", "msg": "2026/08/12 08:03:28 INFO:     Started server process [22]"}
{"ts": "2026-08-12T08:03:28.666817790Z", "container": "smarthub-mlflow-ui", "msg": "2026/08/12 08:03:28 INFO:     Waiting for application startup."}
{"ts": "2026-08-12T08:03:28.667197353Z", "container": "smarthub-mlflow-ui", "msg": "2026/08/12 08:03:28 INFO:     Application startup complete."}
{"ts": "2026-08-12T08:03:30.527828369Z", "container": "smarthub-mlflow-ui", "msg": "2026/08/12 08:03:30 WARNING mlflow.server.security: MLFLOW_SERVER_CORS_ALLOWED_ORIGINS=* is set; disabling credentialed CORS. Wildcard origins with credentials is a CORS spec violation. Set an explicit origin allowlist to enable credentialed cross-origin requests."}
{"ts": "2026-08-12T08:03:30.817127533Z", "container": "smarthub-mlflow-ui", "msg": "2026/08/12 08:03:30 WARNING mlflow.server.security: MLFLOW_SERVER_CORS_ALLOWED_ORIGINS=* is set; disabling credentialed CORS. Wildcard origins with credentials is a CORS spec violation. Set an explicit origin allowlist to enable credentialed cross-origin requests."}
{"ts": "2026-08-12T08:03:30.846690181Z", "container": "smarthub-mlflow-ui", "msg": "2026/08/12 08:03:30 WARNING mlflow.server.security: MLFLOW_SERVER_CORS_ALLOWED_ORIGINS=* is set; disabling credentialed CORS. Wildcard origins with credentials is a CORS spec violation. Set an explicit origin allowlist to enable credentialed cross-origin requests."}
{"ts": "2026-08-12T08:03:30.990714268Z", "container": "smarthub-mlflow-ui", "msg": "2026/08/12 08:03:30 WARNING mlflow.server.security: MLFLOW_SERVER_CORS_ALLOWED_ORIGINS=* is set; disabling credentialed CORS. Wildcard origins with credentials is a CORS spec violation. Set an explicit origin allowlist to enable credentialed cross-origin requests."}
{"ts": "2026-08-12T08:03:30.999772160Z", "container": "smarthub-mlflow-ui", "msg": "2026/08/12 08:03:30 WARNING mlflow.server.security: MLFLOW_SERVER_CORS_ALLOWED_ORIGINS=* is set; disabling credentialed CORS. Wildcard origins with credentials is a CORS spec violation. Set an explicit origin allowlist to enable credentialed cross-origin requests."}
{"ts": "2026-08-12T08:03:31.040520628Z", "container": "smarthub-mlflow-ui", "msg": "2026/08/12 08:03:31 WARNING mlflow.server.security: MLFLOW_SERVER_CORS_ALLOWED_ORIGINS=* is set; disabling credentialed CORS. Wildcard origins with credentials is a CORS spec violation. Set an explicit origin allowlist to enable credentialed cross-origin requests."}
{"ts": "2026-08-12T08:03:31.088612504Z", "container": "smarthub-mlflow-ui", "msg": "2026/08/12 08:03:31 WARNING mlflow.server.security: MLFLOW_SERVER_CORS_ALLOWED_ORIGINS=* is set; disabling credentialed CORS. Wildcard origins with credentials is a CORS spec violation. Set an explicit origin allowlist to enable credentialed cross-origin requests."}
{"ts": "2026-08-12T08:03:31.294503238Z", "container": "smarthub-mlflow-ui", "msg": "2026/08/12 08:03:31 INFO mlflow.server.jobs.utils: Registered online_scoring_scheduler periodic task (runs every 1 minute)"}
{"ts": "2026-08-12T08:03:31.294530538Z", "container": "smarthub-mlflow-ui", "msg": "2026/08/12 08:03:31 INFO mlflow.server.jobs.utils: Registered trace_archival_scheduler periodic task (polls every 1 minute and no-ops when trace archival is disabled or unconfigured)"}
