{"ts": "2026-08-11T09:41:43.096531658Z", "container": "smarthub-mlflow-ui", "msg": "2026/08/11 09:41:43 INFO:     Shutting down"}
{"ts": "2026-08-11T09:41:43.099467612Z", "container": "smarthub-mlflow-ui", "msg": "2026/08/11 09:41:43 INFO:     Shutting down"}
{"ts": "2026-08-11T09:41:43.105317989Z", "container": "smarthub-mlflow-ui", "msg": "2026/08/11 09:41:43 INFO:     Shutting down"}
{"ts": "2026-08-11T09:41:43.115364710Z", "container": "smarthub-mlflow-ui", "msg": "2026/08/11 09:41:43 INFO:     Shutting down"}
{"ts": "2026-08-11T09:41:43.197040169Z", "container": "smarthub-mlflow-ui", "msg": "2026/08/11 09:41:43 INFO:     Waiting for application shutdown."}
{"ts": "2026-08-11T09:41:43.197215230Z", "container": "smarthub-mlflow-ui", "msg": "2026/08/11 09:41:43 INFO:     Application shutdown complete."}
{"ts": "2026-08-11T09:41:43.197221810Z", "container": "smarthub-mlflow-ui", "msg": "2026/08/11 09:41:43 INFO:     Finished server process [25]"}
{"ts": "2026-08-11T09:41:43.199940492Z", "container": "smarthub-mlflow-ui", "msg": "2026/08/11 09:41:43 INFO:     Waiting for application shutdown."}
{"ts": "2026-08-11T09:41:43.200201305Z", "container": "smarthub-mlflow-ui", "msg": "2026/08/11 09:41:43 INFO:     Application shutdown complete."}
{"ts": "2026-08-11T09:41:43.200208205Z", "container": "smarthub-mlflow-ui", "msg": "2026/08/11 09:41:43 INFO:     Finished server process [22]"}
{"ts": "2026-08-11T09:41:43.211420785Z", "container": "smarthub-mlflow-ui", "msg": "2026/08/11 09:41:43 INFO:     Waiting for application shutdown."}
{"ts": "2026-08-11T09:41:43.211449195Z", "container": "smarthub-mlflow-ui", "msg": "2026/08/11 09:41:43 INFO:     Application shutdown complete."}
{"ts": "2026-08-11T09:41:43.211453005Z", "container": "smarthub-mlflow-ui", "msg": "2026/08/11 09:41:43 INFO:     Finished server process [24]"}
{"ts": "2026-08-11T09:41:43.219991074Z", "container": "smarthub-mlflow-ui", "msg": "2026/08/11 09:41:43 INFO:     Waiting for application shutdown."}
{"ts": "2026-08-11T09:41:43.220013544Z", "container": "smarthub-mlflow-ui", "msg": "2026/08/11 09:41:43 INFO:     Application shutdown complete."}
{"ts": "2026-08-11T09:41:43.220020434Z", "container": "smarthub-mlflow-ui", "msg": "2026/08/11 09:41:43 INFO:     Finished server process [23]"}
{"ts": "2026-08-11T09:41:43.327443081Z", "container": "smarthub-mlflow-ui", "msg": "2026/08/11 09:41:43 INFO:     Received SIGTERM, exiting."}
{"ts": "2026-08-11T09:41:43.327484261Z", "container": "smarthub-mlflow-ui", "msg": "2026/08/11 09:41:43 INFO:     Received SIGTERM, exiting."}
{"ts": "2026-08-11T09:41:43.327488001Z", "container": "smarthub-mlflow-ui", "msg": "2026/08/11 09:41:43 INFO:     Waiting for child process [22]"}
{"ts": "2026-08-11T09:41:43.327491161Z", "container": "smarthub-mlflow-ui", "msg": "2026/08/11 09:41:43 INFO:     Waiting for child process [23]"}
{"ts": "2026-08-11T09:41:43.327494081Z", "container": "smarthub-mlflow-ui", "msg": "2026/08/11 09:41:43 INFO:     Waiting for child process [24]"}
{"ts": "2026-08-11T09:41:43.327496971Z", "container": "smarthub-mlflow-ui", "msg": "2026/08/11 09:41:43 INFO:     Waiting for child process [25]"}
{"ts": "2026-08-11T09:41:43.327499851Z", "container": "smarthub-mlflow-ui", "msg": "2026/08/11 09:41:43 INFO:     Stopping parent process [19]"}
{"ts": "2026-08-11T09:44:40.354882479Z", "container": "smarthub-mlflow-ui", "msg": "WARNING: Accepting ALL hosts. This may leave the server vulnerable to DNS rebinding attacks."}
{"ts": "2026-08-11T09:44:40.354923599Z", "container": "smarthub-mlflow-ui", "msg": "WARNING: Allowing ALL origins for CORS. This allows ANY website to access your MLflow data. This configuration is only recommended for local development."}
{"ts": "2026-08-11T09:44:40.354927879Z", "container": "smarthub-mlflow-ui", "msg": "Registry store URI not provided. Using backend store URI."}
{"ts": "2026-08-11T09:44:40.485998657Z", "container": "smarthub-mlflow-ui", "msg": "[MLflow] Security middleware enabled. Allowed hosts: *. CORS origins: *."}
{"ts": "2026-08-11T09:44:40.612455298Z", "container": "smarthub-mlflow-ui", "msg": "2026/08/11 09:44:40 INFO:     Uvicorn running on http://0.0.0.0:5000 (Press CTRL+C to quit)"}
{"ts": "2026-08-11T09:44:40.612622629Z", "container": "smarthub-mlflow-ui", "msg": "2026/08/11 09:44:40 INFO:     Started parent process [19]"}
{"ts": "2026-08-11T09:44:42.574520205Z", "container": "smarthub-mlflow-ui", "msg": "2026/08/11 09:44:42 WARNING mlflow.server.security: MLFLOW_SERVER_CORS_ALLOWED_ORIGINS=* is set; disabling credentialed CORS. Wildcard origins with credentials is a CORS spec violation. Set an explicit origin allowlist to enable credentialed cross-origin requests."}
{"ts": "2026-08-11T09:44:42.580845097Z", "container": "smarthub-mlflow-ui", "msg": "2026/08/11 09:44:42 WARNING mlflow.server.security: MLFLOW_SERVER_CORS_ALLOWED_ORIGINS=* is set; disabling credentialed CORS. Wildcard origins with credentials is a CORS spec violation. Set an explicit origin allowlist to enable credentialed cross-origin requests."}
{"ts": "2026-08-11T09:44:42.616666966Z", "container": "smarthub-mlflow-ui", "msg": "2026/08/11 09:44:42 WARNING mlflow.server.security: MLFLOW_SERVER_CORS_ALLOWED_ORIGINS=* is set; disabling credentialed CORS. Wildcard origins with credentials is a CORS spec violation. Set an explicit origin allowlist to enable credentialed cross-origin requests."}
{"ts": "2026-08-11T09:44:42.647530805Z", "container": "smarthub-mlflow-ui", "msg": "2026/08/11 09:44:42 WARNING mlflow.server.security: MLFLOW_SERVER_CORS_ALLOWED_ORIGINS=* is set; disabling credentialed CORS. Wildcard origins with credentials is a CORS spec violation. Set an explicit origin allowlist to enable credentialed cross-origin requests."}
{"ts": "2026-08-11T09:44:42.667777048Z", "container": "smarthub-mlflow-ui", "msg": "/usr/local/lib/python3.12/site-packages/mlflow/server/fastapi_app.py:19: StarletteDeprecationWarning: starlette.middleware.wsgi is deprecated and will be removed in a future release. Please refer to https://github.com/abersheeran/a2wsgi as a replacement."}
{"ts": "2026-08-11T09:44:42.667816528Z", "container": "smarthub-mlflow-ui", "msg": "  from starlette.middleware.wsgi import WSGIResponder, build_environ"}
{"ts": "2026-08-11T09:44:42.702598620Z", "container": "smarthub-mlflow-ui", "msg": "2026/08/11 09:44:42 WARNING mlflow.server.security: MLFLOW_SERVER_CORS_ALLOWED_ORIGINS=* is set; disabling credentialed CORS. Wildcard origins with credentials is a CORS spec violation. Set an explicit origin allowlist to enable credentialed cross-origin requests."}
{"ts": "2026-08-11T09:44:42.719417625Z", "container": "smarthub-mlflow-ui", "msg": "/usr/local/lib/python3.12/site-packages/mlflow/server/fastapi_app.py:19: StarletteDeprecationWarning: starlette.middleware.wsgi is deprecated and will be removed in a future release. Please refer to https://github.com/abersheeran/a2wsgi as a replacement."}
{"ts": "2026-08-11T09:44:42.719448005Z", "container": "smarthub-mlflow-ui", "msg": "  from starlette.middleware.wsgi import WSGIResponder, build_environ"}
{"ts": "2026-08-11T09:44:42.755390406Z", "container": "smarthub-mlflow-ui", "msg": "/usr/local/lib/python3.12/site-packages/mlflow/server/fastapi_app.py:19: StarletteDeprecationWarning: starlette.middleware.wsgi is deprecated and will be removed in a future release. Please refer to https://github.com/abersheeran/a2wsgi as a replacement."}
{"ts": "2026-08-11T09:44:42.755413666Z", "container": "smarthub-mlflow-ui", "msg": "  from starlette.middleware.wsgi import WSGIResponder, build_environ"}
{"ts": "2026-08-11T09:44:42.839422884Z", "container": "smarthub-mlflow-ui", "msg": "/usr/local/lib/python3.12/site-packages/mlflow/server/fastapi_app.py:19: StarletteDeprecationWarning: starlette.middleware.wsgi is deprecated and will be removed in a future release. Please refer to https://github.com/abersheeran/a2wsgi as a replacement."}
{"ts": "2026-08-11T09:44:42.839466654Z", "container": "smarthub-mlflow-ui", "msg": "  from starlette.middleware.wsgi import WSGIResponder, build_environ"}
{"ts": "2026-08-11T09:44:42.971337079Z", "container": "smarthub-mlflow-ui", "msg": "2026/08/11 09:44:42 WARNING mlflow.server.fastapi_security: MLFLOW_SERVER_CORS_ALLOWED_ORIGINS=* is set; disabling credentialed CORS. Wildcard origins with credentials is a CORS spec violation. Set an explicit origin allowlist to enable credentialed cross-origin requests."}
{"ts": "2026-08-11T09:44:42.971764373Z", "container": "smarthub-mlflow-ui", "msg": "2026/08/11 09:44:42 INFO:     Started server process [22]"}
{"ts": "2026-08-11T09:44:42.971813273Z", "container": "smarthub-mlflow-ui", "msg": "2026/08/11 09:44:42 INFO:     Waiting for application startup."}
{"ts": "2026-08-11T09:44:42.972088165Z", "container": "smarthub-mlflow-ui", "msg": "2026/08/11 09:44:42 INFO:     Application startup complete."}
{"ts": "2026-08-11T09:44:43.318887295Z", "container": "smarthub-mlflow-ui", "msg": "2026/08/11 09:44:43 WARNING mlflow.server.fastapi_security: MLFLOW_SERVER_CORS_ALLOWED_ORIGINS=* is set; disabling credentialed CORS. Wildcard origins with credentials is a CORS spec violation. Set an explicit origin allowlist to enable credentialed cross-origin requests."}
{"ts": "2026-08-11T09:44:43.318912665Z", "container": "smarthub-mlflow-ui", "msg": "2026/08/11 09:44:43 INFO:     Started server process [25]"}
{"ts": "2026-08-11T09:44:43.318916355Z", "container": "smarthub-mlflow-ui", "msg": "2026/08/11 09:44:43 INFO:     Waiting for application startup."}
{"ts": "2026-08-11T09:44:43.319783272Z", "container": "smarthub-mlflow-ui", "msg": "2026/08/11 09:44:43 INFO:     Application startup complete."}
{"ts": "2026-08-11T09:44:43.335218067Z", "container": "smarthub-mlflow-ui", "msg": "2026/08/11 09:44:43 WARNING mlflow.server.fastapi_security: MLFLOW_SERVER_CORS_ALLOWED_ORIGINS=* is set; disabling credentialed CORS. Wildcard origins with credentials is a CORS spec violation. Set an explicit origin allowlist to enable credentialed cross-origin requests."}
{"ts": "2026-08-11T09:44:43.335244167Z", "container": "smarthub-mlflow-ui", "msg": "2026/08/11 09:44:43 INFO:     Started server process [24]"}
{"ts": "2026-08-11T09:44:43.335247987Z", "container": "smarthub-mlflow-ui", "msg": "2026/08/11 09:44:43 INFO:     Waiting for application startup."}
{"ts": "2026-08-11T09:44:43.335251257Z", "container": "smarthub-mlflow-ui", "msg": "2026/08/11 09:44:43 INFO:     Application startup complete."}
{"ts": "2026-08-11T09:44:43.475358378Z", "container": "smarthub-mlflow-ui", "msg": "2026/08/11 09:44:43 WARNING mlflow.server.fastapi_security: MLFLOW_SERVER_CORS_ALLOWED_ORIGINS=* is set; disabling credentialed CORS. Wildcard origins with credentials is a CORS spec violation. Set an explicit origin allowlist to enable credentialed cross-origin requests."}
{"ts": "2026-08-11T09:44:43.488115791Z", "container": "smarthub-mlflow-ui", "msg": "2026/08/11 09:44:43 INFO:     Started server process [23]"}
{"ts": "2026-08-11T09:44:43.488344633Z", "container": "smarthub-mlflow-ui", "msg": "2026/08/11 09:44:43 INFO:     Waiting for application startup."}
{"ts": "2026-08-11T09:44:43.488915258Z", "container": "smarthub-mlflow-ui", "msg": "2026/08/11 09:44:43 INFO:     Application startup complete."}
{"ts": "2026-08-11T09:44:45.272613878Z", "container": "smarthub-mlflow-ui", "msg": "2026/08/11 09:44:45 WARNING mlflow.server.security: MLFLOW_SERVER_CORS_ALLOWED_ORIGINS=* is set; disabling credentialed CORS. Wildcard origins with credentials is a CORS spec violation. Set an explicit origin allowlist to enable credentialed cross-origin requests."}
{"ts": "2026-08-11T09:44:45.361756148Z", "container": "smarthub-mlflow-ui", "msg": "2026/08/11 09:44:45 WARNING mlflow.server.security: MLFLOW_SERVER_CORS_ALLOWED_ORIGINS=* is set; disabling credentialed CORS. Wildcard origins with credentials is a CORS spec violation. Set an explicit origin allowlist to enable credentialed cross-origin requests."}
{"ts": "2026-08-11T09:44:45.470742698Z", "container": "smarthub-mlflow-ui", "msg": "2026/08/11 09:44:45 WARNING mlflow.server.security: MLFLOW_SERVER_CORS_ALLOWED_ORIGINS=* is set; disabling credentialed CORS. Wildcard origins with credentials is a CORS spec violation. Set an explicit origin allowlist to enable credentialed cross-origin requests."}
{"ts": "2026-08-11T09:44:45.573029014Z", "container": "smarthub-mlflow-ui", "msg": "2026/08/11 09:44:45 WARNING mlflow.server.security: MLFLOW_SERVER_CORS_ALLOWED_ORIGINS=* is set; disabling credentialed CORS. Wildcard origins with credentials is a CORS spec violation. Set an explicit origin allowlist to enable credentialed cross-origin requests."}
{"ts": "2026-08-11T09:44:45.706584312Z", "container": "smarthub-mlflow-ui", "msg": "2026/08/11 09:44:45 WARNING mlflow.server.security: MLFLOW_SERVER_CORS_ALLOWED_ORIGINS=* is set; disabling credentialed CORS. Wildcard origins with credentials is a CORS spec violation. Set an explicit origin allowlist to enable credentialed cross-origin requests."}
{"ts": "2026-08-11T09:44:45.876092810Z", "container": "smarthub-mlflow-ui", "msg": "2026/08/11 09:44:45 WARNING mlflow.server.security: MLFLOW_SERVER_CORS_ALLOWED_ORIGINS=* is set; disabling credentialed CORS. Wildcard origins with credentials is a CORS spec violation. Set an explicit origin allowlist to enable credentialed cross-origin requests."}
{"ts": "2026-08-11T09:44:45.884129285Z", "container": "smarthub-mlflow-ui", "msg": "2026/08/11 09:44:45 WARNING mlflow.server.security: MLFLOW_SERVER_CORS_ALLOWED_ORIGINS=* is set; disabling credentialed CORS. Wildcard origins with credentials is a CORS spec violation. Set an explicit origin allowlist to enable credentialed cross-origin requests."}
{"ts": "2026-08-11T09:44:45.980640165Z", "container": "smarthub-mlflow-ui", "msg": "2026/08/11 09:44:45 INFO mlflow.server.jobs.utils: Registered online_scoring_scheduler periodic task (runs every 1 minute)"}
{"ts": "2026-08-11T09:44:45.981067728Z", "container": "smarthub-mlflow-ui", "msg": "2026/08/11 09:44:45 INFO mlflow.server.jobs.utils: Registered trace_archival_scheduler periodic task (polls every 1 minute and no-ops when trace archival is disabled or unconfigured)"}
{"ts": "2026-08-11T10:44:11.821934368Z", "container": "smarthub-mlflow-ui", "msg": "2026/08/11 10:44:11 INFO:     Shutting down"}
{"ts": "2026-08-11T10:44:11.822111119Z", "container": "smarthub-mlflow-ui", "msg": "2026/08/11 10:44:11 INFO:     Shutting down"}
{"ts": "2026-08-11T10:44:11.839412788Z", "container": "smarthub-mlflow-ui", "msg": "2026/08/11 10:44:11 INFO:     Shutting down"}
{"ts": "2026-08-11T10:44:11.839435939Z", "container": "smarthub-mlflow-ui", "msg": "2026/08/11 10:44:11 INFO:     Shutting down"}
{"ts": "2026-08-11T10:44:11.927399315Z", "container": "smarthub-mlflow-ui", "msg": "2026/08/11 10:44:11 INFO:     Waiting for application shutdown."}
{"ts": "2026-08-11T10:44:11.927424235Z", "container": "smarthub-mlflow-ui", "msg": "2026/08/11 10:44:11 INFO:     Waiting for application shutdown."}
{"ts": "2026-08-11T10:44:11.927428015Z", "container": "smarthub-mlflow-ui", "msg": "2026/08/11 10:44:11 INFO:     Application shutdown complete."}
{"ts": "2026-08-11T10:44:11.927431116Z", "container": "smarthub-mlflow-ui", "msg": "2026/08/11 10:44:11 INFO:     Finished server process [23]"}
{"ts": "2026-08-11T10:44:11.927434136Z", "container": "smarthub-mlflow-ui", "msg": "2026/08/11 10:44:11 INFO:     Application shutdown complete."}
{"ts": "2026-08-11T10:44:11.927437286Z", "container": "smarthub-mlflow-ui", "msg": "2026/08/11 10:44:11 INFO:     Finished server process [22]"}
{"ts": "2026-08-11T10:44:11.947414566Z", "container": "smarthub-mlflow-ui", "msg": "2026/08/11 10:44:11 INFO:     Waiting for application shutdown."}
{"ts": "2026-08-11T10:44:11.947435616Z", "container": "smarthub-mlflow-ui", "msg": "2026/08/11 10:44:11 INFO:     Application shutdown complete."}
{"ts": "2026-08-11T10:44:11.947439456Z", "container": "smarthub-mlflow-ui", "msg": "2026/08/11 10:44:11 INFO:     Finished server process [24]"}
{"ts": "2026-08-11T10:44:11.947442556Z", "container": "smarthub-mlflow-ui", "msg": "2026/08/11 10:44:11 INFO:     Waiting for application shutdown."}
{"ts": "2026-08-11T10:44:11.947445586Z", "container": "smarthub-mlflow-ui", "msg": "2026/08/11 10:44:11 INFO:     Application shutdown complete."}
{"ts": "2026-08-11T10:44:11.947448476Z", "container": "smarthub-mlflow-ui", "msg": "2026/08/11 10:44:11 INFO:     Finished server process [25]"}
{"ts": "2026-08-11T10:44:12.215940784Z", "container": "smarthub-mlflow-ui", "msg": "2026/08/11 10:44:12 INFO:     Received SIGTERM, exiting."}
{"ts": "2026-08-11T10:44:12.216316597Z", "container": "smarthub-mlflow-ui", "msg": "2026/08/11 10:44:12 INFO:     Waiting for child process [22]"}
{"ts": "2026-08-11T10:44:12.216349977Z", "container": "smarthub-mlflow-ui", "msg": "2026/08/11 10:44:12 INFO:     Waiting for child process [23]"}
{"ts": "2026-08-11T10:44:12.216435118Z", "container": "smarthub-mlflow-ui", "msg": "2026/08/11 10:44:12 INFO:     Waiting for child process [24]"}
{"ts": "2026-08-11T10:44:12.216492958Z", "container": "smarthub-mlflow-ui", "msg": "2026/08/11 10:44:12 INFO:     Waiting for child process [25]"}
{"ts": "2026-08-11T10:44:12.216567019Z", "container": "smarthub-mlflow-ui", "msg": "2026/08/11 10:44:12 INFO:     Stopping parent process [19]"}
{"ts": "2026-08-11T10:47:10.046710089Z", "container": "smarthub-mlflow-ui", "msg": "WARNING: Accepting ALL hosts. This may leave the server vulnerable to DNS rebinding attacks."}
{"ts": "2026-08-11T10:47:10.046752779Z", "container": "smarthub-mlflow-ui", "msg": "WARNING: Allowing ALL origins for CORS. This allows ANY website to access your MLflow data. This configuration is only recommended for local development."}
{"ts": "2026-08-11T10:47:10.046757019Z", "container": "smarthub-mlflow-ui", "msg": "Registry store URI not provided. Using backend store URI."}
{"ts": "2026-08-11T10:47:10.169253524Z", "container": "smarthub-mlflow-ui", "msg": "[MLflow] Security middleware enabled. Allowed hosts: *. CORS origins: *."}
{"ts": "2026-08-11T10:47:10.287741267Z", "container": "smarthub-mlflow-ui", "msg": "2026/08/11 10:47:10 INFO:     Uvicorn running on http://0.0.0.0:5000 (Press CTRL+C to quit)"}
{"ts": "2026-08-11T10:47:10.287786727Z", "container": "smarthub-mlflow-ui", "msg": "2026/08/11 10:47:10 INFO:     Started parent process [18]"}
{"ts": "2026-08-11T10:47:12.327661206Z", "container": "smarthub-mlflow-ui", "msg": "2026/08/11 10:47:12 WARNING mlflow.server.security: MLFLOW_SERVER_CORS_ALLOWED_ORIGINS=* is set; disabling credentialed CORS. Wildcard origins with credentials is a CORS spec violation. Set an explicit origin allowlist to enable credentialed cross-origin requests."}
{"ts": "2026-08-11T10:47:12.333308831Z", "container": "smarthub-mlflow-ui", "msg": "2026/08/11 10:47:12 WARNING mlflow.server.security: MLFLOW_SERVER_CORS_ALLOWED_ORIGINS=* is set; disabling credentialed CORS. Wildcard origins with credentials is a CORS spec violation. Set an explicit origin allowlist to enable credentialed cross-origin requests."}
{"ts": "2026-08-11T10:47:12.377193914Z", "container": "smarthub-mlflow-ui", "msg": "2026/08/11 10:47:12 WARNING mlflow.server.security: MLFLOW_SERVER_CORS_ALLOWED_ORIGINS=* is set; disabling credentialed CORS. Wildcard origins with credentials is a CORS spec violation. Set an explicit origin allowlist to enable credentialed cross-origin requests."}
{"ts": "2026-08-11T10:47:12.403261304Z", "container": "smarthub-mlflow-ui", "msg": "2026/08/11 10:47:12 WARNING mlflow.server.security: MLFLOW_SERVER_CORS_ALLOWED_ORIGINS=* is set; disabling credentialed CORS. Wildcard origins with credentials is a CORS spec violation. Set an explicit origin allowlist to enable credentialed cross-origin requests."}
{"ts": "2026-08-11T10:47:12.415920015Z", "container": "smarthub-mlflow-ui", "msg": "2026/08/11 10:47:12 WARNING mlflow.server.security: MLFLOW_SERVER_CORS_ALLOWED_ORIGINS=* is set; disabling credentialed CORS. Wildcard origins with credentials is a CORS spec violation. Set an explicit origin allowlist to enable credentialed cross-origin requests."}
{"ts": "2026-08-11T10:47:12.426232998Z", "container": "smarthub-mlflow-ui", "msg": "/usr/local/lib/python3.12/site-packages/mlflow/server/fastapi_app.py:19: StarletteDeprecationWarning: starlette.middleware.wsgi is deprecated and will be removed in a future release. Please refer to https://github.com/abersheeran/a2wsgi as a replacement."}
{"ts": "2026-08-11T10:47:12.426247049Z", "container": "smarthub-mlflow-ui", "msg": "  from starlette.middleware.wsgi import WSGIResponder, build_environ"}
{"ts": "2026-08-11T10:47:12.473485688Z", "container": "smarthub-mlflow-ui", "msg": "/usr/local/lib/python3.12/site-packages/mlflow/server/fastapi_app.py:19: StarletteDeprecationWarning: starlette.middleware.wsgi is deprecated and will be removed in a future release. Please refer to https://github.com/abersheeran/a2wsgi as a replacement."}
{"ts": "2026-08-11T10:47:12.473521439Z", "container": "smarthub-mlflow-ui", "msg": "  from starlette.middleware.wsgi import WSGIResponder, build_environ"}
{"ts": "2026-08-11T10:47:12.497711723Z", "container": "smarthub-mlflow-ui", "msg": "/usr/local/lib/python3.12/site-packages/mlflow/server/fastapi_app.py:19: StarletteDeprecationWarning: starlette.middleware.wsgi is deprecated and will be removed in a future release. Please refer to https://github.com/abersheeran/a2wsgi as a replacement."}
{"ts": "2026-08-11T10:47:12.497734473Z", "container": "smarthub-mlflow-ui", "msg": "  from starlette.middleware.wsgi import WSGIResponder, build_environ"}
{"ts": "2026-08-11T10:47:12.523417550Z", "container": "smarthub-mlflow-ui", "msg": "/usr/local/lib/python3.12/site-packages/mlflow/server/fastapi_app.py:19: StarletteDeprecationWarning: starlette.middleware.wsgi is deprecated and will be removed in a future release. Please refer to https://github.com/abersheeran/a2wsgi as a replacement."}
{"ts": "2026-08-11T10:47:12.523455900Z", "container": "smarthub-mlflow-ui", "msg": "  from starlette.middleware.wsgi import WSGIResponder, build_environ"}
{"ts": "2026-08-11T10:47:12.872826249Z", "container": "smarthub-mlflow-ui", "msg": "2026/08/11 10:47:12 WARNING mlflow.server.fastapi_security: MLFLOW_SERVER_CORS_ALLOWED_ORIGINS=* is set; disabling credentialed CORS. Wildcard origins with credentials is a CORS spec violation. Set an explicit origin allowlist to enable credentialed cross-origin requests."}
{"ts": "2026-08-11T10:47:12.873735286Z", "container": "smarthub-mlflow-ui", "msg": "2026/08/11 10:47:12 INFO:     Started server process [21]"}
{"ts": "2026-08-11T10:47:12.873906257Z", "container": "smarthub-mlflow-ui", "msg": "2026/08/11 10:47:12 INFO:     Waiting for application startup."}
{"ts": "2026-08-11T10:47:12.874253610Z", "container": "smarthub-mlflow-ui", "msg": "2026/08/11 10:47:12 INFO:     Application startup complete."}
{"ts": "2026-08-11T10:47:12.878124371Z", "container": "smarthub-mlflow-ui", "msg": "2026/08/11 10:47:12 WARNING mlflow.server.fastapi_security: MLFLOW_SERVER_CORS_ALLOWED_ORIGINS=* is set; disabling credentialed CORS. Wildcard origins with credentials is a CORS spec violation. Set an explicit origin allowlist to enable credentialed cross-origin requests."}
{"ts": "2026-08-11T10:47:12.888127562Z", "container": "smarthub-mlflow-ui", "msg": "2026/08/11 10:47:12 INFO:     Started server process [22]"}
{"ts": "2026-08-11T10:47:12.889974246Z", "container": "smarthub-mlflow-ui", "msg": "2026/08/11 10:47:12 INFO:     Waiting for application startup."}
{"ts": "2026-08-11T10:47:12.890341829Z", "container": "smarthub-mlflow-ui", "msg": "2026/08/11 10:47:12 INFO:     Application startup complete."}
{"ts": "2026-08-11T10:47:13.132846279Z", "container": "smarthub-mlflow-ui", "msg": "2026/08/11 10:47:13 WARNING mlflow.server.fastapi_security: MLFLOW_SERVER_CORS_ALLOWED_ORIGINS=* is set; disabling credentialed CORS. Wildcard origins with credentials is a CORS spec violation. Set an explicit origin allowlist to enable credentialed cross-origin requests."}
{"ts": "2026-08-11T10:47:13.157885090Z", "container": "smarthub-mlflow-ui", "msg": "2026/08/11 10:47:13 INFO:     Started server process [24]"}
{"ts": "2026-08-11T10:47:13.157910001Z", "container": "smarthub-mlflow-ui", "msg": "2026/08/11 10:47:13 INFO:     Waiting for application startup."}
{"ts": "2026-08-11T10:47:13.158401815Z", "container": "smarthub-mlflow-ui", "msg": "2026/08/11 10:47:13 INFO:     Application startup complete."}
{"ts": "2026-08-11T10:47:13.192948872Z", "container": "smarthub-mlflow-ui", "msg": "2026/08/11 10:47:13 WARNING mlflow.server.fastapi_security: MLFLOW_SERVER_CORS_ALLOWED_ORIGINS=* is set; disabling credentialed CORS. Wildcard origins with credentials is a CORS spec violation. Set an explicit origin allowlist to enable credentialed cross-origin requests."}
{"ts": "2026-08-11T10:47:13.193425516Z", "container": "smarthub-mlflow-ui", "msg": "2026/08/11 10:47:13 INFO:     Started server process [23]"}
{"ts": "2026-08-11T10:47:13.193468817Z", "container": "smarthub-mlflow-ui", "msg": "2026/08/11 10:47:13 INFO:     Waiting for application startup."}
{"ts": "2026-08-11T10:47:13.193757009Z", "container": "smarthub-mlflow-ui", "msg": "2026/08/11 10:47:13 INFO:     Application startup complete."}
{"ts": "2026-08-11T10:47:14.928591835Z", "container": "smarthub-mlflow-ui", "msg": "2026/08/11 10:47:14 WARNING mlflow.server.security: MLFLOW_SERVER_CORS_ALLOWED_ORIGINS=* is set; disabling credentialed CORS. Wildcard origins with credentials is a CORS spec violation. Set an explicit origin allowlist to enable credentialed cross-origin requests."}
{"ts": "2026-08-11T10:47:15.225250380Z", "container": "smarthub-mlflow-ui", "msg": "2026/08/11 10:47:15 WARNING mlflow.server.security: MLFLOW_SERVER_CORS_ALLOWED_ORIGINS=* is set; disabling credentialed CORS. Wildcard origins with credentials is a CORS spec violation. Set an explicit origin allowlist to enable credentialed cross-origin requests."}
{"ts": "2026-08-11T10:47:15.283696530Z", "container": "smarthub-mlflow-ui", "msg": "2026/08/11 10:47:15 INFO mlflow.server.jobs.utils: Registered online_scoring_scheduler periodic task (runs every 1 minute)"}
{"ts": "2026-08-11T10:47:15.283770380Z", "container": "smarthub-mlflow-ui", "msg": "2026/08/11 10:47:15 INFO mlflow.server.jobs.utils: Registered trace_archival_scheduler periodic task (polls every 1 minute and no-ops when trace archival is disabled or unconfigured)"}
{"ts": "2026-08-11T10:47:15.323141467Z", "container": "smarthub-mlflow-ui", "msg": "2026/08/11 10:47:15 WARNING mlflow.server.security: MLFLOW_SERVER_CORS_ALLOWED_ORIGINS=* is set; disabling credentialed CORS. Wildcard origins with credentials is a CORS spec violation. Set an explicit origin allowlist to enable credentialed cross-origin requests."}
{"ts": "2026-08-11T10:47:15.340033483Z", "container": "smarthub-mlflow-ui", "msg": "2026/08/11 10:47:15 WARNING mlflow.server.security: MLFLOW_SERVER_CORS_ALLOWED_ORIGINS=* is set; disabling credentialed CORS. Wildcard origins with credentials is a CORS spec violation. Set an explicit origin allowlist to enable credentialed cross-origin requests."}
{"ts": "2026-08-11T10:47:15.385663010Z", "container": "smarthub-mlflow-ui", "msg": "2026/08/11 10:47:15 WARNING mlflow.server.security: MLFLOW_SERVER_CORS_ALLOWED_ORIGINS=* is set; disabling credentialed CORS. Wildcard origins with credentials is a CORS spec violation. Set an explicit origin allowlist to enable credentialed cross-origin requests."}
{"ts": "2026-08-11T10:47:15.395909552Z", "container": "smarthub-mlflow-ui", "msg": "2026/08/11 10:47:15 WARNING mlflow.server.security: MLFLOW_SERVER_CORS_ALLOWED_ORIGINS=* is set; disabling credentialed CORS. Wildcard origins with credentials is a CORS spec violation. Set an explicit origin allowlist to enable credentialed cross-origin requests."}
{"ts": "2026-08-11T10:47:15.516928665Z", "container": "smarthub-mlflow-ui", "msg": "2026/08/11 10:47:15 WARNING mlflow.server.security: MLFLOW_SERVER_CORS_ALLOWED_ORIGINS=* is set; disabling credentialed CORS. Wildcard origins with credentials is a CORS spec violation. Set an explicit origin allowlist to enable credentialed cross-origin requests."}
{"ts": "2026-08-11T11:21:41.775483657Z", "container": "smarthub-mlflow-ui", "msg": "2026/08/11 11:21:41 INFO:     Shutting down"}
{"ts": "2026-08-11T11:21:41.786218974Z", "container": "smarthub-mlflow-ui", "msg": "2026/08/11 11:21:41 INFO:     Shutting down"}
{"ts": "2026-08-11T11:21:41.786676048Z", "container": "smarthub-mlflow-ui", "msg": "2026/08/11 11:21:41 INFO:     Shutting down"}
{"ts": "2026-08-11T11:21:41.842242695Z", "container": "smarthub-mlflow-ui", "msg": "2026/08/11 11:21:41 INFO:     Shutting down"}
{"ts": "2026-08-11T11:21:41.871032797Z", "container": "smarthub-mlflow-ui", "msg": "2026/08/11 11:21:41 INFO:     Waiting for application shutdown."}
{"ts": "2026-08-11T11:21:41.871143768Z", "container": "smarthub-mlflow-ui", "msg": "2026/08/11 11:21:41 INFO:     Application shutdown complete."}
{"ts": "2026-08-11T11:21:41.871197658Z", "container": "smarthub-mlflow-ui", "msg": "2026/08/11 11:21:41 INFO:     Finished server process [22]"}
{"ts": "2026-08-11T11:21:41.886629113Z", "container": "smarthub-mlflow-ui", "msg": "2026/08/11 11:21:41 INFO:     Waiting for application shutdown."}
{"ts": "2026-08-11T11:21:41.886881965Z", "container": "smarthub-mlflow-ui", "msg": "2026/08/11 11:21:41 INFO:     Application shutdown complete."}
{"ts": "2026-08-11T11:21:41.887123007Z", "container": "smarthub-mlflow-ui", "msg": "2026/08/11 11:21:41 INFO:     Finished server process [23]"}
{"ts": "2026-08-11T11:21:41.887420069Z", "container": "smarthub-mlflow-ui", "msg": "2026/08/11 11:21:41 INFO:     Waiting for application shutdown."}
{"ts": "2026-08-11T11:21:41.887934953Z", "container": "smarthub-mlflow-ui", "msg": "2026/08/11 11:21:41 INFO:     Application shutdown complete."}
{"ts": "2026-08-11T11:21:41.888204015Z", "container": "smarthub-mlflow-ui", "msg": "2026/08/11 11:21:41 INFO:     Finished server process [24]"}
{"ts": "2026-08-11T11:21:41.951418555Z", "container": "smarthub-mlflow-ui", "msg": "2026/08/11 11:21:41 INFO:     Waiting for application shutdown."}
{"ts": "2026-08-11T11:21:41.951449725Z", "container": "smarthub-mlflow-ui", "msg": "2026/08/11 11:21:41 INFO:     Application shutdown complete."}
{"ts": "2026-08-11T11:21:41.951453675Z", "container": "smarthub-mlflow-ui", "msg": "2026/08/11 11:21:41 INFO:     Finished server process [21]"}
{"ts": "2026-08-11T11:21:42.039620985Z", "container": "smarthub-mlflow-ui", "msg": "2026/08/11 11:21:42 INFO:     Received SIGTERM, exiting."}
{"ts": "2026-08-11T11:21:42.039655905Z", "container": "smarthub-mlflow-ui", "msg": "2026/08/11 11:21:42 INFO:     Waiting for child process [21]"}
{"ts": "2026-08-11T11:21:42.039659625Z", "container": "smarthub-mlflow-ui", "msg": "2026/08/11 11:21:42 INFO:     Waiting for child process [22]"}
{"ts": "2026-08-11T11:21:42.039662785Z", "container": "smarthub-mlflow-ui", "msg": "2026/08/11 11:21:42 INFO:     Waiting for child process [23]"}
{"ts": "2026-08-11T11:21:42.039665695Z", "container": "smarthub-mlflow-ui", "msg": "2026/08/11 11:21:42 INFO:     Waiting for child process [24]"}
{"ts": "2026-08-11T11:21:42.039668735Z", "container": "smarthub-mlflow-ui", "msg": "2026/08/11 11:21:42 INFO:     Stopping parent process [18]"}
{"ts": "2026-08-11T11:24:40.445480571Z", "container": "smarthub-mlflow-ui", "msg": "WARNING: Accepting ALL hosts. This may leave the server vulnerable to DNS rebinding attacks."}
{"ts": "2026-08-11T11:24:40.445522501Z", "container": "smarthub-mlflow-ui", "msg": "WARNING: Allowing ALL origins for CORS. This allows ANY website to access your MLflow data. This configuration is only recommended for local development."}
{"ts": "2026-08-11T11:24:40.445526781Z", "container": "smarthub-mlflow-ui", "msg": "Registry store URI not provided. Using backend store URI."}
{"ts": "2026-08-11T11:24:40.574831038Z", "container": "smarthub-mlflow-ui", "msg": "[MLflow] Security middleware enabled. Allowed hosts: *. CORS origins: *."}
{"ts": "2026-08-11T11:24:40.692592842Z", "container": "smarthub-mlflow-ui", "msg": "2026/08/11 11:24:40 INFO:     Uvicorn running on http://0.0.0.0:5000 (Press CTRL+C to quit)"}
{"ts": "2026-08-11T11:24:40.692639093Z", "container": "smarthub-mlflow-ui", "msg": "2026/08/11 11:24:40 INFO:     Started parent process [19]"}
{"ts": "2026-08-11T11:24:42.713645412Z", "container": "smarthub-mlflow-ui", "msg": "2026/08/11 11:24:42 WARNING mlflow.server.security: MLFLOW_SERVER_CORS_ALLOWED_ORIGINS=* is set; disabling credentialed CORS. Wildcard origins with credentials is a CORS spec violation. Set an explicit origin allowlist to enable credentialed cross-origin requests."}
{"ts": "2026-08-11T11:24:42.722782715Z", "container": "smarthub-mlflow-ui", "msg": "2026/08/11 11:24:42 WARNING mlflow.server.security: MLFLOW_SERVER_CORS_ALLOWED_ORIGINS=* is set; disabling credentialed CORS. Wildcard origins with credentials is a CORS spec violation. Set an explicit origin allowlist to enable credentialed cross-origin requests."}
{"ts": "2026-08-11T11:24:42.728346750Z", "container": "smarthub-mlflow-ui", "msg": "2026/08/11 11:24:42 WARNING mlflow.server.security: MLFLOW_SERVER_CORS_ALLOWED_ORIGINS=* is set; disabling credentialed CORS. Wildcard origins with credentials is a CORS spec violation. Set an explicit origin allowlist to enable credentialed cross-origin requests."}
{"ts": "2026-08-11T11:24:42.741862838Z", "container": "smarthub-mlflow-ui", "msg": "2026/08/11 11:24:42 WARNING mlflow.server.security: MLFLOW_SERVER_CORS_ALLOWED_ORIGINS=* is set; disabling credentialed CORS. Wildcard origins with credentials is a CORS spec violation. Set an explicit origin allowlist to enable credentialed cross-origin requests."}
{"ts": "2026-08-11T11:24:42.750441397Z", "container": "smarthub-mlflow-ui", "msg": "2026/08/11 11:24:42 WARNING mlflow.server.security: MLFLOW_SERVER_CORS_ALLOWED_ORIGINS=* is set; disabling credentialed CORS. Wildcard origins with credentials is a CORS spec violation. Set an explicit origin allowlist to enable credentialed cross-origin requests."}
{"ts": "2026-08-11T11:24:42.808112289Z", "container": "smarthub-mlflow-ui", "msg": "/usr/local/lib/python3.12/site-packages/mlflow/server/fastapi_app.py:19: StarletteDeprecationWarning: starlette.middleware.wsgi is deprecated and will be removed in a future release. Please refer to https://github.com/abersheeran/a2wsgi as a replacement."}
{"ts": "2026-08-11T11:24:42.808132930Z", "container": "smarthub-mlflow-ui", "msg": "  from starlette.middleware.wsgi import WSGIResponder, build_environ"}
{"ts": "2026-08-11T11:24:42.826351616Z", "container": "smarthub-mlflow-ui", "msg": "/usr/local/lib/python3.12/site-packages/mlflow/server/fastapi_app.py:19: StarletteDeprecationWarning: starlette.middleware.wsgi is deprecated and will be removed in a future release. Please refer to https://github.com/abersheeran/a2wsgi as a replacement."}
{"ts": "2026-08-11T11:24:42.826372516Z", "container": "smarthub-mlflow-ui", "msg": "  from starlette.middleware.wsgi import WSGIResponder, build_environ"}
{"ts": "2026-08-11T11:24:42.838406152Z", "container": "smarthub-mlflow-ui", "msg": "/usr/local/lib/python3.12/site-packages/mlflow/server/fastapi_app.py:19: StarletteDeprecationWarning: starlette.middleware.wsgi is deprecated and will be removed in a future release. Please refer to https://github.com/abersheeran/a2wsgi as a replacement."}
{"ts": "2026-08-11T11:24:42.838432133Z", "container": "smarthub-mlflow-ui", "msg": "  from starlette.middleware.wsgi import WSGIResponder, build_environ"}
{"ts": "2026-08-11T11:24:42.843591684Z", "container": "smarthub-mlflow-ui", "msg": "/usr/local/lib/python3.12/site-packages/mlflow/server/fastapi_app.py:19: StarletteDeprecationWarning: starlette.middleware.wsgi is deprecated and will be removed in a future release. Please refer to https://github.com/abersheeran/a2wsgi as a replacement."}
{"ts": "2026-08-11T11:24:42.843617924Z", "container": "smarthub-mlflow-ui", "msg": "  from starlette.middleware.wsgi import WSGIResponder, build_environ"}
{"ts": "2026-08-11T11:24:43.179069605Z", "container": "smarthub-mlflow-ui", "msg": "2026/08/11 11:24:43 WARNING mlflow.server.fastapi_security: MLFLOW_SERVER_CORS_ALLOWED_ORIGINS=* is set; disabling credentialed CORS. Wildcard origins with credentials is a CORS spec violation. Set an explicit origin allowlist to enable credentialed cross-origin requests."}
{"ts": "2026-08-11T11:24:43.179944992Z", "container": "smarthub-mlflow-ui", "msg": "2026/08/11 11:24:43 INFO:     Started server process [23]"}
{"ts": "2026-08-11T11:24:43.179995762Z", "container": "smarthub-mlflow-ui", "msg": "2026/08/11 11:24:43 INFO:     Waiting for application startup."}
{"ts": "2026-08-11T11:24:43.180499916Z", "container": "smarthub-mlflow-ui", "msg": "2026/08/11 11:24:43 INFO:     Application startup complete."}
{"ts": "2026-08-11T11:24:43.335133646Z", "container": "smarthub-mlflow-ui", "msg": "2026/08/11 11:24:43 WARNING mlflow.server.fastapi_security: MLFLOW_SERVER_CORS_ALLOWED_ORIGINS=* is set; disabling credentialed CORS. Wildcard origins with credentials is a CORS spec violation. Set an explicit origin allowlist to enable credentialed cross-origin requests."}
{"ts": "2026-08-11T11:24:43.348146390Z", "container": "smarthub-mlflow-ui", "msg": "2026/08/11 11:24:43 INFO:     Started server process [25]"}
{"ts": "2026-08-11T11:24:43.348181971Z", "container": "smarthub-mlflow-ui", "msg": "2026/08/11 11:24:43 INFO:     Waiting for application startup."}
{"ts": "2026-08-11T11:24:43.348495673Z", "container": "smarthub-mlflow-ui", "msg": "2026/08/11 11:24:43 INFO:     Application startup complete."}
{"ts": "2026-08-11T11:24:43.355634981Z", "container": "smarthub-mlflow-ui", "msg": "2026/08/11 11:24:43 WARNING mlflow.server.fastapi_security: MLFLOW_SERVER_CORS_ALLOWED_ORIGINS=* is set; disabling credentialed CORS. Wildcard origins with credentials is a CORS spec violation. Set an explicit origin allowlist to enable credentialed cross-origin requests."}
{"ts": "2026-08-11T11:24:43.356040114Z", "container": "smarthub-mlflow-ui", "msg": "2026/08/11 11:24:43 INFO:     Started server process [22]"}
{"ts": "2026-08-11T11:24:43.356065614Z", "container": "smarthub-mlflow-ui", "msg": "2026/08/11 11:24:43 INFO:     Waiting for application startup."}
{"ts": "2026-08-11T11:24:43.356304286Z", "container": "smarthub-mlflow-ui", "msg": "2026/08/11 11:24:43 INFO:     Application startup complete."}
{"ts": "2026-08-11T11:24:43.372958309Z", "container": "smarthub-mlflow-ui", "msg": "2026/08/11 11:24:43 WARNING mlflow.server.fastapi_security: MLFLOW_SERVER_CORS_ALLOWED_ORIGINS=* is set; disabling credentialed CORS. Wildcard origins with credentials is a CORS spec violation. Set an explicit origin allowlist to enable credentialed cross-origin requests."}
{"ts": "2026-08-11T11:24:43.373577534Z", "container": "smarthub-mlflow-ui", "msg": "2026/08/11 11:24:43 INFO:     Started server process [24]"}
{"ts": "2026-08-11T11:24:43.373737316Z", "container": "smarthub-mlflow-ui", "msg": "2026/08/11 11:24:43 INFO:     Waiting for application startup."}
{"ts": "2026-08-11T11:24:43.374045938Z", "container": "smarthub-mlflow-ui", "msg": "2026/08/11 11:24:43 INFO:     Application startup complete."}
{"ts": "2026-08-11T11:24:45.327041191Z", "container": "smarthub-mlflow-ui", "msg": "2026/08/11 11:24:45 WARNING mlflow.server.security: MLFLOW_SERVER_CORS_ALLOWED_ORIGINS=* is set; disabling credentialed CORS. Wildcard origins with credentials is a CORS spec violation. Set an explicit origin allowlist to enable credentialed cross-origin requests."}
{"ts": "2026-08-11T11:24:45.438135082Z", "container": "smarthub-mlflow-ui", "msg": "2026/08/11 11:24:45 WARNING mlflow.server.security: MLFLOW_SERVER_CORS_ALLOWED_ORIGINS=* is set; disabling credentialed CORS. Wildcard origins with credentials is a CORS spec violation. Set an explicit origin allowlist to enable credentialed cross-origin requests."}
{"ts": "2026-08-11T11:24:45.506990444Z", "container": "smarthub-mlflow-ui", "msg": "2026/08/11 11:24:45 WARNING mlflow.server.security: MLFLOW_SERVER_CORS_ALLOWED_ORIGINS=* is set; disabling credentialed CORS. Wildcard origins with credentials is a CORS spec violation. Set an explicit origin allowlist to enable credentialed cross-origin requests."}
{"ts": "2026-08-11T11:24:45.603256156Z", "container": "smarthub-mlflow-ui", "msg": "2026/08/11 11:24:45 WARNING mlflow.server.security: MLFLOW_SERVER_CORS_ALLOWED_ORIGINS=* is set; disabling credentialed CORS. Wildcard origins with credentials is a CORS spec violation. Set an explicit origin allowlist to enable credentialed cross-origin requests."}
{"ts": "2026-08-11T11:24:45.767271991Z", "container": "smarthub-mlflow-ui", "msg": "2026/08/11 11:24:45 WARNING mlflow.server.security: MLFLOW_SERVER_CORS_ALLOWED_ORIGINS=* is set; disabling credentialed CORS. Wildcard origins with credentials is a CORS spec violation. Set an explicit origin allowlist to enable credentialed cross-origin requests."}
{"ts": "2026-08-11T11:24:45.775638668Z", "container": "smarthub-mlflow-ui", "msg": "2026/08/11 11:24:45 WARNING mlflow.server.security: MLFLOW_SERVER_CORS_ALLOWED_ORIGINS=* is set; disabling credentialed CORS. Wildcard origins with credentials is a CORS spec violation. Set an explicit origin allowlist to enable credentialed cross-origin requests."}
{"ts": "2026-08-11T11:24:45.924333340Z", "container": "smarthub-mlflow-ui", "msg": "2026/08/11 11:24:45 WARNING mlflow.server.security: MLFLOW_SERVER_CORS_ALLOWED_ORIGINS=* is set; disabling credentialed CORS. Wildcard origins with credentials is a CORS spec violation. Set an explicit origin allowlist to enable credentialed cross-origin requests."}
{"ts": "2026-08-11T11:24:46.200136290Z", "container": "smarthub-mlflow-ui", "msg": "2026/08/11 11:24:46 INFO mlflow.server.jobs.utils: Registered online_scoring_scheduler periodic task (runs every 1 minute)"}
{"ts": "2026-08-11T11:24:46.200164770Z", "container": "smarthub-mlflow-ui", "msg": "2026/08/11 11:24:46 INFO mlflow.server.jobs.utils: Registered trace_archival_scheduler periodic task (polls every 1 minute and no-ops when trace archival is disabled or unconfigured)"}
{"ts": "2026-08-11T12:09:14.169532779Z", "container": "smarthub-mlflow-ui", "msg": "2026/08/11 12:09:14 INFO:     Shutting down"}
{"ts": "2026-08-11T12:09:14.170345156Z", "container": "smarthub-mlflow-ui", "msg": "2026/08/11 12:09:14 INFO:     Shutting down"}
{"ts": "2026-08-11T12:09:14.174380198Z", "container": "smarthub-mlflow-ui", "msg": "2026/08/11 12:09:14 INFO:     Shutting down"}
{"ts": "2026-08-11T12:09:14.179991693Z", "container": "smarthub-mlflow-ui", "msg": "2026/08/11 12:09:14 INFO:     Shutting down"}
{"ts": "2026-08-11T12:09:14.272739091Z", "container": "smarthub-mlflow-ui", "msg": "2026/08/11 12:09:14 INFO:     Waiting for application shutdown."}
{"ts": "2026-08-11T12:09:14.272769831Z", "container": "smarthub-mlflow-ui", "msg": "2026/08/11 12:09:14 INFO:     Waiting for application shutdown."}
{"ts": "2026-08-11T12:09:14.272773731Z", "container": "smarthub-mlflow-ui", "msg": "2026/08/11 12:09:14 INFO:     Application shutdown complete."}
{"ts": "2026-08-11T12:09:14.272781471Z", "container": "smarthub-mlflow-ui", "msg": "2026/08/11 12:09:14 INFO:     Finished server process [25]"}
{"ts": "2026-08-11T12:09:14.272784531Z", "container": "smarthub-mlflow-ui", "msg": "2026/08/11 12:09:14 INFO:     Application shutdown complete."}
{"ts": "2026-08-11T12:09:14.272787601Z", "container": "smarthub-mlflow-ui", "msg": "2026/08/11 12:09:14 INFO:     Finished server process [24]"}
{"ts": "2026-08-11T12:09:14.276268290Z", "container": "smarthub-mlflow-ui", "msg": "2026/08/11 12:09:14 INFO:     Waiting for application shutdown."}
{"ts": "2026-08-11T12:09:14.276524112Z", "container": "smarthub-mlflow-ui", "msg": "2026/08/11 12:09:14 INFO:     Application shutdown complete."}
{"ts": "2026-08-11T12:09:14.276532022Z", "container": "smarthub-mlflow-ui", "msg": "2026/08/11 12:09:14 INFO:     Finished server process [22]"}
{"ts": "2026-08-11T12:09:14.286692324Z", "container": "smarthub-mlflow-ui", "msg": "2026/08/11 12:09:14 INFO:     Waiting for application shutdown."}
{"ts": "2026-08-11T12:09:14.286717874Z", "container": "smarthub-mlflow-ui", "msg": "2026/08/11 12:09:14 INFO:     Application shutdown complete."}
{"ts": "2026-08-11T12:09:14.286721524Z", "container": "smarthub-mlflow-ui", "msg": "2026/08/11 12:09:14 INFO:     Finished server process [23]"}
{"ts": "2026-08-11T12:09:14.439467315Z", "container": "smarthub-mlflow-ui", "msg": "2026/08/11 12:09:14 INFO:     Received SIGTERM, exiting."}
{"ts": "2026-08-11T12:09:14.439509625Z", "container": "smarthub-mlflow-ui", "msg": "2026/08/11 12:09:14 INFO:     Waiting for child process [22]"}
{"ts": "2026-08-11T12:09:14.439513525Z", "container": "smarthub-mlflow-ui", "msg": "2026/08/11 12:09:14 INFO:     Waiting for child process [23]"}
{"ts": "2026-08-11T12:09:14.439516615Z", "container": "smarthub-mlflow-ui", "msg": "2026/08/11 12:09:14 INFO:     Waiting for child process [24]"}
{"ts": "2026-08-11T12:09:14.439519515Z", "container": "smarthub-mlflow-ui", "msg": "2026/08/11 12:09:14 INFO:     Waiting for child process [25]"}
{"ts": "2026-08-11T12:09:14.439522375Z", "container": "smarthub-mlflow-ui", "msg": "2026/08/11 12:09:14 INFO:     Stopping parent process [19]"}
{"ts": "2026-08-11T12:09:29.557402373Z", "container": "smarthub-mlflow-ui", "msg": "WARNING: Accepting ALL hosts. This may leave the server vulnerable to DNS rebinding attacks."}
{"ts": "2026-08-11T12:09:29.557447893Z", "container": "smarthub-mlflow-ui", "msg": "WARNING: Allowing ALL origins for CORS. This allows ANY website to access your MLflow data. This configuration is only recommended for local development."}
{"ts": "2026-08-11T12:09:29.557452173Z", "container": "smarthub-mlflow-ui", "msg": "Registry store URI not provided. Using backend store URI."}
{"ts": "2026-08-11T12:09:29.682551565Z", "container": "smarthub-mlflow-ui", "msg": "[MLflow] Security middleware enabled. Allowed hosts: *. CORS origins: *."}
{"ts": "2026-08-11T12:09:29.799577071Z", "container": "smarthub-mlflow-ui", "msg": "2026/08/11 12:09:29 INFO:     Uvicorn running on http://0.0.0.0:5000 (Press CTRL+C to quit)"}
{"ts": "2026-08-11T12:09:29.799696952Z", "container": "smarthub-mlflow-ui", "msg": "2026/08/11 12:09:29 INFO:     Started parent process [18]"}
{"ts": "2026-08-11T12:09:31.855502188Z", "container": "smarthub-mlflow-ui", "msg": "2026/08/11 12:09:31 WARNING mlflow.server.security: MLFLOW_SERVER_CORS_ALLOWED_ORIGINS=* is set; disabling credentialed CORS. Wildcard origins with credentials is a CORS spec violation. Set an explicit origin allowlist to enable credentialed cross-origin requests."}
{"ts": "2026-08-11T12:09:31.904696874Z", "container": "smarthub-mlflow-ui", "msg": "2026/08/11 12:09:31 WARNING mlflow.server.security: MLFLOW_SERVER_CORS_ALLOWED_ORIGINS=* is set; disabling credentialed CORS. Wildcard origins with credentials is a CORS spec violation. Set an explicit origin allowlist to enable credentialed cross-origin requests."}
{"ts": "2026-08-11T12:09:31.909387382Z", "container": "smarthub-mlflow-ui", "msg": "2026/08/11 12:09:31 WARNING mlflow.server.security: MLFLOW_SERVER_CORS_ALLOWED_ORIGINS=* is set; disabling credentialed CORS. Wildcard origins with credentials is a CORS spec violation. Set an explicit origin allowlist to enable credentialed cross-origin requests."}
{"ts": "2026-08-11T12:09:31.924116120Z", "container": "smarthub-mlflow-ui", "msg": "2026/08/11 12:09:31 WARNING mlflow.server.security: MLFLOW_SERVER_CORS_ALLOWED_ORIGINS=* is set; disabling credentialed CORS. Wildcard origins with credentials is a CORS spec violation. Set an explicit origin allowlist to enable credentialed cross-origin requests."}
{"ts": "2026-08-11T12:09:31.939626985Z", "container": "smarthub-mlflow-ui", "msg": "2026/08/11 12:09:31 WARNING mlflow.server.security: MLFLOW_SERVER_CORS_ALLOWED_ORIGINS=* is set; disabling credentialed CORS. Wildcard origins with credentials is a CORS spec violation. Set an explicit origin allowlist to enable credentialed cross-origin requests."}
{"ts": "2026-08-11T12:09:31.998515540Z", "container": "smarthub-mlflow-ui", "msg": "/usr/local/lib/python3.12/site-packages/mlflow/server/fastapi_app.py:19: StarletteDeprecationWarning: starlette.middleware.wsgi is deprecated and will be removed in a future release. Please refer to https://github.com/abersheeran/a2wsgi as a replacement."}
{"ts": "2026-08-11T12:09:31.998547920Z", "container": "smarthub-mlflow-ui", "msg": "  from starlette.middleware.wsgi import WSGIResponder, build_environ"}
{"ts": "2026-08-11T12:09:32.002954595Z", "container": "smarthub-mlflow-ui", "msg": "/usr/local/lib/python3.12/site-packages/mlflow/server/fastapi_app.py:19: StarletteDeprecationWarning: starlette.middleware.wsgi is deprecated and will be removed in a future release. Please refer to https://github.com/abersheeran/a2wsgi as a replacement."}
{"ts": "2026-08-11T12:09:32.002969595Z", "container": "smarthub-mlflow-ui", "msg": "  from starlette.middleware.wsgi import WSGIResponder, build_environ"}
{"ts": "2026-08-11T12:09:32.036957469Z", "container": "smarthub-mlflow-ui", "msg": "/usr/local/lib/python3.12/site-packages/mlflow/server/fastapi_app.py:19: StarletteDeprecationWarning: starlette.middleware.wsgi is deprecated and will be removed in a future release. Please refer to https://github.com/abersheeran/a2wsgi as a replacement."}
{"ts": "2026-08-11T12:09:32.036993679Z", "container": "smarthub-mlflow-ui", "msg": "  from starlette.middleware.wsgi import WSGIResponder, build_environ"}
{"ts": "2026-08-11T12:09:32.072183323Z", "container": "smarthub-mlflow-ui", "msg": "/usr/local/lib/python3.12/site-packages/mlflow/server/fastapi_app.py:19: StarletteDeprecationWarning: starlette.middleware.wsgi is deprecated and will be removed in a future release. Please refer to https://github.com/abersheeran/a2wsgi as a replacement."}
{"ts": "2026-08-11T12:09:32.072231823Z", "container": "smarthub-mlflow-ui", "msg": "  from starlette.middleware.wsgi import WSGIResponder, build_environ"}
{"ts": "2026-08-11T12:09:32.301117006Z", "container": "smarthub-mlflow-ui", "msg": "2026/08/11 12:09:32 WARNING mlflow.server.fastapi_security: MLFLOW_SERVER_CORS_ALLOWED_ORIGINS=* is set; disabling credentialed CORS. Wildcard origins with credentials is a CORS spec violation. Set an explicit origin allowlist to enable credentialed cross-origin requests."}
{"ts": "2026-08-11T12:09:32.315860205Z", "container": "smarthub-mlflow-ui", "msg": "2026/08/11 12:09:32 INFO:     Started server process [23]"}
{"ts": "2026-08-11T12:09:32.315894705Z", "container": "smarthub-mlflow-ui", "msg": "2026/08/11 12:09:32 INFO:     Waiting for application startup."}
{"ts": "2026-08-11T12:09:32.316101627Z", "container": "smarthub-mlflow-ui", "msg": "2026/08/11 12:09:32 INFO:     Application startup complete."}
{"ts": "2026-08-11T12:09:32.573685442Z", "container": "smarthub-mlflow-ui", "msg": "2026/08/11 12:09:32 WARNING mlflow.server.fastapi_security: MLFLOW_SERVER_CORS_ALLOWED_ORIGINS=* is set; disabling credentialed CORS. Wildcard origins with credentials is a CORS spec violation. Set an explicit origin allowlist to enable credentialed cross-origin requests."}
{"ts": "2026-08-11T12:09:32.574128085Z", "container": "smarthub-mlflow-ui", "msg": "2026/08/11 12:09:32 INFO:     Started server process [21]"}
{"ts": "2026-08-11T12:09:32.574296756Z", "container": "smarthub-mlflow-ui", "msg": "2026/08/11 12:09:32 INFO:     Waiting for application startup."}
{"ts": "2026-08-11T12:09:32.574584449Z", "container": "smarthub-mlflow-ui", "msg": "2026/08/11 12:09:32 INFO:     Application startup complete."}
{"ts": "2026-08-11T12:09:32.718951671Z", "container": "smarthub-mlflow-ui", "msg": "2026/08/11 12:09:32 WARNING mlflow.server.fastapi_security: MLFLOW_SERVER_CORS_ALLOWED_ORIGINS=* is set; disabling credentialed CORS. Wildcard origins with credentials is a CORS spec violation. Set an explicit origin allowlist to enable credentialed cross-origin requests."}
{"ts": "2026-08-11T12:09:32.719465775Z", "container": "smarthub-mlflow-ui", "msg": "2026/08/11 12:09:32 INFO:     Started server process [22]"}
{"ts": "2026-08-11T12:09:32.719505195Z", "container": "smarthub-mlflow-ui", "msg": "2026/08/11 12:09:32 INFO:     Waiting for application startup."}
{"ts": "2026-08-11T12:09:32.719774658Z", "container": "smarthub-mlflow-ui", "msg": "2026/08/11 12:09:32 INFO:     Application startup complete."}
{"ts": "2026-08-11T12:09:32.734151504Z", "container": "smarthub-mlflow-ui", "msg": "2026/08/11 12:09:32 WARNING mlflow.server.fastapi_security: MLFLOW_SERVER_CORS_ALLOWED_ORIGINS=* is set; disabling credentialed CORS. Wildcard origins with credentials is a CORS spec violation. Set an explicit origin allowlist to enable credentialed cross-origin requests."}
{"ts": "2026-08-11T12:09:32.734575107Z", "container": "smarthub-mlflow-ui", "msg": "2026/08/11 12:09:32 INFO:     Started server process [24]"}
{"ts": "2026-08-11T12:09:32.734617587Z", "container": "smarthub-mlflow-ui", "msg": "2026/08/11 12:09:32 INFO:     Waiting for application startup."}
{"ts": "2026-08-11T12:09:32.734883910Z", "container": "smarthub-mlflow-ui", "msg": "2026/08/11 12:09:32 INFO:     Application startup complete."}
{"ts": "2026-08-11T12:09:34.497936507Z", "container": "smarthub-mlflow-ui", "msg": "2026/08/11 12:09:34 WARNING mlflow.server.security: MLFLOW_SERVER_CORS_ALLOWED_ORIGINS=* is set; disabling credentialed CORS. Wildcard origins with credentials is a CORS spec violation. Set an explicit origin allowlist to enable credentialed cross-origin requests."}
{"ts": "2026-08-11T12:09:34.716187025Z", "container": "smarthub-mlflow-ui", "msg": "2026/08/11 12:09:34 WARNING mlflow.server.security: MLFLOW_SERVER_CORS_ALLOWED_ORIGINS=* is set; disabling credentialed CORS. Wildcard origins with credentials is a CORS spec violation. Set an explicit origin allowlist to enable credentialed cross-origin requests."}
{"ts": "2026-08-11T12:09:34.731279486Z", "container": "smarthub-mlflow-ui", "msg": "2026/08/11 12:09:34 WARNING mlflow.server.security: MLFLOW_SERVER_CORS_ALLOWED_ORIGINS=* is set; disabling credentialed CORS. Wildcard origins with credentials is a CORS spec violation. Set an explicit origin allowlist to enable credentialed cross-origin requests."}
{"ts": "2026-08-11T12:09:34.759028790Z", "container": "smarthub-mlflow-ui", "msg": "2026/08/11 12:09:34 WARNING mlflow.server.security: MLFLOW_SERVER_CORS_ALLOWED_ORIGINS=* is set; disabling credentialed CORS. Wildcard origins with credentials is a CORS spec violation. Set an explicit origin allowlist to enable credentialed cross-origin requests."}
{"ts": "2026-08-11T12:09:34.836382023Z", "container": "smarthub-mlflow-ui", "msg": "2026/08/11 12:09:34 WARNING mlflow.server.security: MLFLOW_SERVER_CORS_ALLOWED_ORIGINS=* is set; disabling credentialed CORS. Wildcard origins with credentials is a CORS spec violation. Set an explicit origin allowlist to enable credentialed cross-origin requests."}
{"ts": "2026-08-11T12:09:34.907412495Z", "container": "smarthub-mlflow-ui", "msg": "2026/08/11 12:09:34 WARNING mlflow.server.security: MLFLOW_SERVER_CORS_ALLOWED_ORIGINS=* is set; disabling credentialed CORS. Wildcard origins with credentials is a CORS spec violation. Set an explicit origin allowlist to enable credentialed cross-origin requests."}
{"ts": "2026-08-11T12:09:35.035163323Z", "container": "smarthub-mlflow-ui", "msg": "2026/08/11 12:09:35 INFO mlflow.server.jobs.utils: Registered online_scoring_scheduler periodic task (runs every 1 minute)"}
{"ts": "2026-08-11T12:09:35.035186243Z", "container": "smarthub-mlflow-ui", "msg": "2026/08/11 12:09:35 INFO mlflow.server.jobs.utils: Registered trace_archival_scheduler periodic task (polls every 1 minute and no-ops when trace archival is disabled or unconfigured)"}
{"ts": "2026-08-11T12:09:35.056494435Z", "container": "smarthub-mlflow-ui", "msg": "2026/08/11 12:09:35 WARNING mlflow.server.security: MLFLOW_SERVER_CORS_ALLOWED_ORIGINS=* is set; disabling credentialed CORS. Wildcard origins with credentials is a CORS spec violation. Set an explicit origin allowlist to enable credentialed cross-origin requests."}
{"ts": "2026-08-11T12:16:26.275986210Z", "container": "smarthub-mlflow-ui", "msg": "2026/08/11 12:16:26 INFO:     Shutting down"}
{"ts": "2026-08-11T12:16:26.300619748Z", "container": "smarthub-mlflow-ui", "msg": "2026/08/11 12:16:26 INFO:     Shutting down"}
{"ts": "2026-08-11T12:16:26.308650053Z", "container": "smarthub-mlflow-ui", "msg": "2026/08/11 12:16:26 INFO:     Shutting down"}
{"ts": "2026-08-11T12:16:26.310909781Z", "container": "smarthub-mlflow-ui", "msg": "2026/08/11 12:16:26 INFO:     Shutting down"}
{"ts": "2026-08-11T12:16:26.376502469Z", "container": "smarthub-mlflow-ui", "msg": "2026/08/11 12:16:26 INFO:     Waiting for application shutdown."}
{"ts": "2026-08-11T12:16:26.376631940Z", "container": "smarthub-mlflow-ui", "msg": "2026/08/11 12:16:26 INFO:     Application shutdown complete."}
{"ts": "2026-08-11T12:16:26.376751011Z", "container": "smarthub-mlflow-ui", "msg": "2026/08/11 12:16:26 INFO:     Finished server process [21]"}
{"ts": "2026-08-11T12:16:26.401104477Z", "container": "smarthub-mlflow-ui", "msg": "2026/08/11 12:16:26 INFO:     Waiting for application shutdown."}
{"ts": "2026-08-11T12:16:26.401378769Z", "container": "smarthub-mlflow-ui", "msg": "2026/08/11 12:16:26 INFO:     Application shutdown complete."}
{"ts": "2026-08-11T12:16:26.401658401Z", "container": "smarthub-mlflow-ui", "msg": "2026/08/11 12:16:26 INFO:     Finished server process [22]"}
{"ts": "2026-08-11T12:16:26.409127211Z", "container": "smarthub-mlflow-ui", "msg": "2026/08/11 12:16:26 INFO:     Waiting for application shutdown."}
{"ts": "2026-08-11T12:16:26.409373903Z", "container": "smarthub-mlflow-ui", "msg": "2026/08/11 12:16:26 INFO:     Application shutdown complete."}
{"ts": "2026-08-11T12:16:26.409615345Z", "container": "smarthub-mlflow-ui", "msg": "2026/08/11 12:16:26 INFO:     Finished server process [23]"}
{"ts": "2026-08-11T12:16:26.411363350Z", "container": "smarthub-mlflow-ui", "msg": "2026/08/11 12:16:26 INFO:     Waiting for application shutdown."}
{"ts": "2026-08-11T12:16:26.411723862Z", "container": "smarthub-mlflow-ui", "msg": "2026/08/11 12:16:26 INFO:     Application shutdown complete."}
{"ts": "2026-08-11T12:16:26.411936834Z", "container": "smarthub-mlflow-ui", "msg": "2026/08/11 12:16:26 INFO:     Finished server process [24]"}
{"ts": "2026-08-11T12:16:26.479613659Z", "container": "smarthub-mlflow-ui", "msg": "2026/08/11 12:16:26 INFO:     Received SIGTERM, exiting."}
{"ts": "2026-08-11T12:16:26.479903921Z", "container": "smarthub-mlflow-ui", "msg": "2026/08/11 12:16:26 INFO:     Terminated child process [21]"}
{"ts": "2026-08-11T12:16:26.479910961Z", "container": "smarthub-mlflow-ui", "msg": "2026/08/11 12:16:26 INFO:     Terminated child process [24]"}
{"ts": "2026-08-11T12:16:26.479914421Z", "container": "smarthub-mlflow-ui", "msg": "2026/08/11 12:16:26 INFO:     Waiting for child process [21]"}
{"ts": "2026-08-11T12:16:26.506947468Z", "container": "smarthub-mlflow-ui", "msg": "2026/08/11 12:16:26 INFO:     Waiting for child process [22]"}
{"ts": "2026-08-11T12:16:26.506982049Z", "container": "smarthub-mlflow-ui", "msg": "2026/08/11 12:16:26 INFO:     Waiting for child process [23]"}
{"ts": "2026-08-11T12:16:26.506985689Z", "container": "smarthub-mlflow-ui", "msg": "2026/08/11 12:16:26 INFO:     Waiting for child process [24]"}
{"ts": "2026-08-11T12:16:26.507941776Z", "container": "smarthub-mlflow-ui", "msg": "2026/08/11 12:16:26 INFO:     Stopping parent process [18]"}
{"ts": "2026-08-11T12:16:41.638183932Z", "container": "smarthub-mlflow-ui", "msg": "WARNING: Accepting ALL hosts. This may leave the server vulnerable to DNS rebinding attacks."}
{"ts": "2026-08-11T12:16:41.638223952Z", "container": "smarthub-mlflow-ui", "msg": "WARNING: Allowing ALL origins for CORS. This allows ANY website to access your MLflow data. This configuration is only recommended for local development."}
{"ts": "2026-08-11T12:16:41.638228132Z", "container": "smarthub-mlflow-ui", "msg": "Registry store URI not provided. Using backend store URI."}
{"ts": "2026-08-11T12:16:41.757114929Z", "container": "smarthub-mlflow-ui", "msg": "[MLflow] Security middleware enabled. Allowed hosts: *. CORS origins: *."}
{"ts": "2026-08-11T12:16:41.877226816Z", "container": "smarthub-mlflow-ui", "msg": "2026/08/11 12:16:41 INFO:     Uvicorn running on http://0.0.0.0:5000 (Press CTRL+C to quit)"}
{"ts": "2026-08-11T12:16:41.877288357Z", "container": "smarthub-mlflow-ui", "msg": "2026/08/11 12:16:41 INFO:     Started parent process [18]"}
{"ts": "2026-08-11T12:16:43.877941308Z", "container": "smarthub-mlflow-ui", "msg": "2026/08/11 12:16:43 WARNING mlflow.server.security: MLFLOW_SERVER_CORS_ALLOWED_ORIGINS=* is set; disabling credentialed CORS. Wildcard origins with credentials is a CORS spec violation. Set an explicit origin allowlist to enable credentialed cross-origin requests."}
{"ts": "2026-08-11T12:16:43.883779705Z", "container": "smarthub-mlflow-ui", "msg": "2026/08/11 12:16:43 WARNING mlflow.server.security: MLFLOW_SERVER_CORS_ALLOWED_ORIGINS=* is set; disabling credentialed CORS. Wildcard origins with credentials is a CORS spec violation. Set an explicit origin allowlist to enable credentialed cross-origin requests."}
{"ts": "2026-08-11T12:16:43.923451485Z", "container": "smarthub-mlflow-ui", "msg": "2026/08/11 12:16:43 WARNING mlflow.server.security: MLFLOW_SERVER_CORS_ALLOWED_ORIGINS=* is set; disabling credentialed CORS. Wildcard origins with credentials is a CORS spec violation. Set an explicit origin allowlist to enable credentialed cross-origin requests."}
{"ts": "2026-08-11T12:16:43.930126558Z", "container": "smarthub-mlflow-ui", "msg": "2026/08/11 12:16:43 WARNING mlflow.server.security: MLFLOW_SERVER_CORS_ALLOWED_ORIGINS=* is set; disabling credentialed CORS. Wildcard origins with credentials is a CORS spec violation. Set an explicit origin allowlist to enable credentialed cross-origin requests."}
{"ts": "2026-08-11T12:16:43.976867415Z", "container": "smarthub-mlflow-ui", "msg": "/usr/local/lib/python3.12/site-packages/mlflow/server/fastapi_app.py:19: StarletteDeprecationWarning: starlette.middleware.wsgi is deprecated and will be removed in a future release. Please refer to https://github.com/abersheeran/a2wsgi as a replacement."}
{"ts": "2026-08-11T12:16:43.976887775Z", "container": "smarthub-mlflow-ui", "msg": "  from starlette.middleware.wsgi import WSGIResponder, build_environ"}
{"ts": "2026-08-11T12:16:43.980689285Z", "container": "smarthub-mlflow-ui", "msg": "2026/08/11 12:16:43 WARNING mlflow.server.security: MLFLOW_SERVER_CORS_ALLOWED_ORIGINS=* is set; disabling credentialed CORS. Wildcard origins with credentials is a CORS spec violation. Set an explicit origin allowlist to enable credentialed cross-origin requests."}
{"ts": "2026-08-11T12:16:44.018034426Z", "container": "smarthub-mlflow-ui", "msg": "/usr/local/lib/python3.12/site-packages/mlflow/server/fastapi_app.py:19: StarletteDeprecationWarning: starlette.middleware.wsgi is deprecated and will be removed in a future release. Please refer to https://github.com/abersheeran/a2wsgi as a replacement."}
{"ts": "2026-08-11T12:16:44.018052356Z", "container": "smarthub-mlflow-ui", "msg": "  from starlette.middleware.wsgi import WSGIResponder, build_environ"}
{"ts": "2026-08-11T12:16:44.024128035Z", "container": "smarthub-mlflow-ui", "msg": "/usr/local/lib/python3.12/site-packages/mlflow/server/fastapi_app.py:19: StarletteDeprecationWarning: starlette.middleware.wsgi is deprecated and will be removed in a future release. Please refer to https://github.com/abersheeran/a2wsgi as a replacement."}
{"ts": "2026-08-11T12:16:44.024147095Z", "container": "smarthub-mlflow-ui", "msg": "  from starlette.middleware.wsgi import WSGIResponder, build_environ"}
{"ts": "2026-08-11T12:16:44.122911430Z", "container": "smarthub-mlflow-ui", "msg": "/usr/local/lib/python3.12/site-packages/mlflow/server/fastapi_app.py:19: StarletteDeprecationWarning: starlette.middleware.wsgi is deprecated and will be removed in a future release. Please refer to https://github.com/abersheeran/a2wsgi as a replacement."}
{"ts": "2026-08-11T12:16:44.122954180Z", "container": "smarthub-mlflow-ui", "msg": "  from starlette.middleware.wsgi import WSGIResponder, build_environ"}
{"ts": "2026-08-11T12:16:44.288220440Z", "container": "smarthub-mlflow-ui", "msg": "2026/08/11 12:16:44 WARNING mlflow.server.fastapi_security: MLFLOW_SERVER_CORS_ALLOWED_ORIGINS=* is set; disabling credentialed CORS. Wildcard origins with credentials is a CORS spec violation. Set an explicit origin allowlist to enable credentialed cross-origin requests."}
{"ts": "2026-08-11T12:16:44.288743734Z", "container": "smarthub-mlflow-ui", "msg": "2026/08/11 12:16:44 INFO:     Started server process [22]"}
{"ts": "2026-08-11T12:16:44.288828775Z", "container": "smarthub-mlflow-ui", "msg": "2026/08/11 12:16:44 INFO:     Waiting for application startup."}
{"ts": "2026-08-11T12:16:44.289214518Z", "container": "smarthub-mlflow-ui", "msg": "2026/08/11 12:16:44 INFO:     Application startup complete."}
{"ts": "2026-08-11T12:16:44.477271442Z", "container": "smarthub-mlflow-ui", "msg": "2026/08/11 12:16:44 WARNING mlflow.server.fastapi_security: MLFLOW_SERVER_CORS_ALLOWED_ORIGINS=* is set; disabling credentialed CORS. Wildcard origins with credentials is a CORS spec violation. Set an explicit origin allowlist to enable credentialed cross-origin requests."}
{"ts": "2026-08-11T12:16:44.477700405Z", "container": "smarthub-mlflow-ui", "msg": "2026/08/11 12:16:44 INFO:     Started server process [24]"}
{"ts": "2026-08-11T12:16:44.477708005Z", "container": "smarthub-mlflow-ui", "msg": "2026/08/11 12:16:44 INFO:     Waiting for application startup."}
{"ts": "2026-08-11T12:16:44.477922587Z", "container": "smarthub-mlflow-ui", "msg": "2026/08/11 12:16:44 INFO:     Application startup complete."}
{"ts": "2026-08-11T12:16:44.591019637Z", "container": "smarthub-mlflow-ui", "msg": "2026/08/11 12:16:44 WARNING mlflow.server.fastapi_security: MLFLOW_SERVER_CORS_ALLOWED_ORIGINS=* is set; disabling credentialed CORS. Wildcard origins with credentials is a CORS spec violation. Set an explicit origin allowlist to enable credentialed cross-origin requests."}
{"ts": "2026-08-11T12:16:44.591474661Z", "container": "smarthub-mlflow-ui", "msg": "2026/08/11 12:16:44 INFO:     Started server process [21]"}
{"ts": "2026-08-11T12:16:44.591482981Z", "container": "smarthub-mlflow-ui", "msg": "2026/08/11 12:16:44 INFO:     Waiting for application startup."}
{"ts": "2026-08-11T12:16:44.591705933Z", "container": "smarthub-mlflow-ui", "msg": "2026/08/11 12:16:44 INFO:     Application startup complete."}
{"ts": "2026-08-11T12:16:44.686070782Z", "container": "smarthub-mlflow-ui", "msg": "2026/08/11 12:16:44 WARNING mlflow.server.fastapi_security: MLFLOW_SERVER_CORS_ALLOWED_ORIGINS=* is set; disabling credentialed CORS. Wildcard origins with credentials is a CORS spec violation. Set an explicit origin allowlist to enable credentialed cross-origin requests."}
{"ts": "2026-08-11T12:16:44.687132041Z", "container": "smarthub-mlflow-ui", "msg": "2026/08/11 12:16:44 INFO:     Started server process [23]"}
{"ts": "2026-08-11T12:16:44.687503864Z", "container": "smarthub-mlflow-ui", "msg": "2026/08/11 12:16:44 INFO:     Waiting for application startup."}
{"ts": "2026-08-11T12:16:44.688012108Z", "container": "smarthub-mlflow-ui", "msg": "2026/08/11 12:16:44 INFO:     Application startup complete."}
{"ts": "2026-08-11T12:16:46.620639882Z", "container": "smarthub-mlflow-ui", "msg": "2026/08/11 12:16:46 WARNING mlflow.server.security: MLFLOW_SERVER_CORS_ALLOWED_ORIGINS=* is set; disabling credentialed CORS. Wildcard origins with credentials is a CORS spec violation. Set an explicit origin allowlist to enable credentialed cross-origin requests."}
{"ts": "2026-08-11T12:16:46.656892164Z", "container": "smarthub-mlflow-ui", "msg": "2026/08/11 12:16:46 WARNING mlflow.server.security: MLFLOW_SERVER_CORS_ALLOWED_ORIGINS=* is set; disabling credentialed CORS. Wildcard origins with credentials is a CORS spec violation. Set an explicit origin allowlist to enable credentialed cross-origin requests."}
{"ts": "2026-08-11T12:16:46.678523298Z", "container": "smarthub-mlflow-ui", "msg": "2026/08/11 12:16:46 WARNING mlflow.server.security: MLFLOW_SERVER_CORS_ALLOWED_ORIGINS=* is set; disabling credentialed CORS. Wildcard origins with credentials is a CORS spec violation. Set an explicit origin allowlist to enable credentialed cross-origin requests."}
{"ts": "2026-08-11T12:16:46.856798183Z", "container": "smarthub-mlflow-ui", "msg": "2026/08/11 12:16:46 WARNING mlflow.server.security: MLFLOW_SERVER_CORS_ALLOWED_ORIGINS=* is set; disabling credentialed CORS. Wildcard origins with credentials is a CORS spec violation. Set an explicit origin allowlist to enable credentialed cross-origin requests."}
{"ts": "2026-08-11T12:16:46.923409799Z", "container": "smarthub-mlflow-ui", "msg": "2026/08/11 12:16:46 WARNING mlflow.server.security: MLFLOW_SERVER_CORS_ALLOWED_ORIGINS=* is set; disabling credentialed CORS. Wildcard origins with credentials is a CORS spec violation. Set an explicit origin allowlist to enable credentialed cross-origin requests."}
{"ts": "2026-08-11T12:16:46.931523355Z", "container": "smarthub-mlflow-ui", "msg": "2026/08/11 12:16:46 WARNING mlflow.server.security: MLFLOW_SERVER_CORS_ALLOWED_ORIGINS=* is set; disabling credentialed CORS. Wildcard origins with credentials is a CORS spec violation. Set an explicit origin allowlist to enable credentialed cross-origin requests."}
{"ts": "2026-08-11T12:16:46.991424077Z", "container": "smarthub-mlflow-ui", "msg": "2026/08/11 12:16:46 WARNING mlflow.server.security: MLFLOW_SERVER_CORS_ALLOWED_ORIGINS=* is set; disabling credentialed CORS. Wildcard origins with credentials is a CORS spec violation. Set an explicit origin allowlist to enable credentialed cross-origin requests."}
{"ts": "2026-08-11T12:16:47.073835710Z", "container": "smarthub-mlflow-ui", "msg": "2026/08/11 12:16:47 INFO mlflow.server.jobs.utils: Registered online_scoring_scheduler periodic task (runs every 1 minute)"}
{"ts": "2026-08-11T12:16:47.073865390Z", "container": "smarthub-mlflow-ui", "msg": "2026/08/11 12:16:47 INFO mlflow.server.jobs.utils: Registered trace_archival_scheduler periodic task (polls every 1 minute and no-ops when trace archival is disabled or unconfigured)"}
{"ts": "2026-08-11T12:30:50.671921609Z", "container": "smarthub-mlflow-ui", "msg": "2026/08/11 12:30:50 INFO:     Shutting down"}
{"ts": "2026-08-11T12:30:50.671952989Z", "container": "smarthub-mlflow-ui", "msg": "2026/08/11 12:30:50 INFO:     Shutting down"}
{"ts": "2026-08-11T12:30:50.671956849Z", "container": "smarthub-mlflow-ui", "msg": "2026/08/11 12:30:50 INFO:     Shutting down"}
{"ts": "2026-08-11T12:30:50.722887009Z", "container": "smarthub-mlflow-ui", "msg": "2026/08/11 12:30:50 INFO:     Shutting down"}
{"ts": "2026-08-11T12:30:50.772448247Z", "container": "smarthub-mlflow-ui", "msg": "2026/08/11 12:30:50 INFO:     Waiting for application shutdown."}
{"ts": "2026-08-11T12:30:50.772487218Z", "container": "smarthub-mlflow-ui", "msg": "2026/08/11 12:30:50 INFO:     Waiting for application shutdown."}
{"ts": "2026-08-11T12:30:50.772491048Z", "container": "smarthub-mlflow-ui", "msg": "2026/08/11 12:30:50 INFO:     Waiting for application shutdown."}
{"ts": "2026-08-11T12:30:50.772547768Z", "container": "smarthub-mlflow-ui", "msg": "2026/08/11 12:30:50 INFO:     Application shutdown complete."}
{"ts": "2026-08-11T12:30:50.772606939Z", "container": "smarthub-mlflow-ui", "msg": "2026/08/11 12:30:50 INFO:     Finished server process [22]"}
{"ts": "2026-08-11T12:30:50.772964212Z", "container": "smarthub-mlflow-ui", "msg": "2026/08/11 12:30:50 INFO:     Application shutdown complete."}
{"ts": "2026-08-11T12:30:50.773139073Z", "container": "smarthub-mlflow-ui", "msg": "2026/08/11 12:30:50 INFO:     Finished server process [21]"}
{"ts": "2026-08-11T12:30:50.773175013Z", "container": "smarthub-mlflow-ui", "msg": "2026/08/11 12:30:50 INFO:     Application shutdown complete."}
{"ts": "2026-08-11T12:30:50.773386275Z", "container": "smarthub-mlflow-ui", "msg": "2026/08/11 12:30:50 INFO:     Finished server process [24]"}
{"ts": "2026-08-11T12:30:50.831700684Z", "container": "smarthub-mlflow-ui", "msg": "2026/08/11 12:30:50 INFO:     Waiting for application shutdown."}
{"ts": "2026-08-11T12:30:50.831817575Z", "container": "smarthub-mlflow-ui", "msg": "2026/08/11 12:30:50 INFO:     Application shutdown complete."}
{"ts": "2026-08-11T12:30:50.831857355Z", "container": "smarthub-mlflow-ui", "msg": "2026/08/11 12:30:50 INFO:     Finished server process [23]"}
{"ts": "2026-08-11T12:30:51.019443444Z", "container": "smarthub-mlflow-ui", "msg": "2026/08/11 12:30:51 INFO:     Received SIGTERM, exiting."}
{"ts": "2026-08-11T12:30:51.019490624Z", "container": "smarthub-mlflow-ui", "msg": "2026/08/11 12:30:51 INFO:     Received SIGTERM, exiting."}
{"ts": "2026-08-11T12:30:51.019970698Z", "container": "smarthub-mlflow-ui", "msg": "2026/08/11 12:30:51 INFO:     Waiting for child process [21]"}
{"ts": "2026-08-11T12:30:51.020010618Z", "container": "smarthub-mlflow-ui", "msg": "2026/08/11 12:30:51 INFO:     Waiting for child process [22]"}
{"ts": "2026-08-11T12:30:51.020028258Z", "container": "smarthub-mlflow-ui", "msg": "2026/08/11 12:30:51 INFO:     Waiting for child process [23]"}
{"ts": "2026-08-11T12:30:51.020101769Z", "container": "smarthub-mlflow-ui", "msg": "2026/08/11 12:30:51 INFO:     Waiting for child process [24]"}
{"ts": "2026-08-11T12:30:51.020237760Z", "container": "smarthub-mlflow-ui", "msg": "2026/08/11 12:30:51 INFO:     Stopping parent process [18]"}
{"ts": "2026-08-11T12:31:06.213419023Z", "container": "smarthub-mlflow-ui", "msg": "WARNING: Accepting ALL hosts. This may leave the server vulnerable to DNS rebinding attacks."}
{"ts": "2026-08-11T12:31:06.213470013Z", "container": "smarthub-mlflow-ui", "msg": "WARNING: Allowing ALL origins for CORS. This allows ANY website to access your MLflow data. This configuration is only recommended for local development."}
{"ts": "2026-08-11T12:31:06.213474123Z", "container": "smarthub-mlflow-ui", "msg": "Registry store URI not provided. Using backend store URI."}
{"ts": "2026-08-11T12:31:06.337239434Z", "container": "smarthub-mlflow-ui", "msg": "[MLflow] Security middleware enabled. Allowed hosts: *. CORS origins: *."}
{"ts": "2026-08-11T12:31:06.455860964Z", "container": "smarthub-mlflow-ui", "msg": "2026/08/11 12:31:06 INFO:     Uvicorn running on http://0.0.0.0:5000 (Press CTRL+C to quit)"}
{"ts": "2026-08-11T12:31:06.455888144Z", "container": "smarthub-mlflow-ui", "msg": "2026/08/11 12:31:06 INFO:     Started parent process [19]"}
{"ts": "2026-08-11T12:31:08.496739832Z", "container": "smarthub-mlflow-ui", "msg": "2026/08/11 12:31:08 WARNING mlflow.server.security: MLFLOW_SERVER_CORS_ALLOWED_ORIGINS=* is set; disabling credentialed CORS. Wildcard origins with credentials is a CORS spec violation. Set an explicit origin allowlist to enable credentialed cross-origin requests."}
{"ts": "2026-08-11T12:31:08.501816933Z", "container": "smarthub-mlflow-ui", "msg": "2026/08/11 12:31:08 WARNING mlflow.server.security: MLFLOW_SERVER_CORS_ALLOWED_ORIGINS=* is set; disabling credentialed CORS. Wildcard origins with credentials is a CORS spec violation. Set an explicit origin allowlist to enable credentialed cross-origin requests."}
{"ts": "2026-08-11T12:31:08.505565753Z", "container": "smarthub-mlflow-ui", "msg": "2026/08/11 12:31:08 WARNING mlflow.server.security: MLFLOW_SERVER_CORS_ALLOWED_ORIGINS=* is set; disabling credentialed CORS. Wildcard origins with credentials is a CORS spec violation. Set an explicit origin allowlist to enable credentialed cross-origin requests."}
{"ts": "2026-08-11T12:31:08.534351404Z", "container": "smarthub-mlflow-ui", "msg": "2026/08/11 12:31:08 WARNING mlflow.server.security: MLFLOW_SERVER_CORS_ALLOWED_ORIGINS=* is set; disabling credentialed CORS. Wildcard origins with credentials is a CORS spec violation. Set an explicit origin allowlist to enable credentialed cross-origin requests."}
{"ts": "2026-08-11T12:31:08.555065739Z", "container": "smarthub-mlflow-ui", "msg": "2026/08/11 12:31:08 WARNING mlflow.server.security: MLFLOW_SERVER_CORS_ALLOWED_ORIGINS=* is set; disabling credentialed CORS. Wildcard origins with credentials is a CORS spec violation. Set an explicit origin allowlist to enable credentialed cross-origin requests."}
{"ts": "2026-08-11T12:31:08.590900126Z", "container": "smarthub-mlflow-ui", "msg": "/usr/local/lib/python3.12/site-packages/mlflow/server/fastapi_app.py:19: StarletteDeprecationWarning: starlette.middleware.wsgi is deprecated and will be removed in a future release. Please refer to https://github.com/abersheeran/a2wsgi as a replacement."}
{"ts": "2026-08-11T12:31:08.590926626Z", "container": "smarthub-mlflow-ui", "msg": "  from starlette.middleware.wsgi import WSGIResponder, build_environ"}
{"ts": "2026-08-11T12:31:08.597810291Z", "container": "smarthub-mlflow-ui", "msg": "/usr/local/lib/python3.12/site-packages/mlflow/server/fastapi_app.py:19: StarletteDeprecationWarning: starlette.middleware.wsgi is deprecated and will be removed in a future release. Please refer to https://github.com/abersheeran/a2wsgi as a replacement."}
{"ts": "2026-08-11T12:31:08.597823171Z", "container": "smarthub-mlflow-ui", "msg": "  from starlette.middleware.wsgi import WSGIResponder, build_environ"}
{"ts": "2026-08-11T12:31:08.597901342Z", "container": "smarthub-mlflow-ui", "msg": "/usr/local/lib/python3.12/site-packages/mlflow/server/fastapi_app.py:19: StarletteDeprecationWarning: starlette.middleware.wsgi is deprecated and will be removed in a future release. Please refer to https://github.com/abersheeran/a2wsgi as a replacement."}
{"ts": "2026-08-11T12:31:08.597905422Z", "container": "smarthub-mlflow-ui", "msg": "  from starlette.middleware.wsgi import WSGIResponder, build_environ"}
{"ts": "2026-08-11T12:31:08.648312666Z", "container": "smarthub-mlflow-ui", "msg": "/usr/local/lib/python3.12/site-packages/mlflow/server/fastapi_app.py:19: StarletteDeprecationWarning: starlette.middleware.wsgi is deprecated and will be removed in a future release. Please refer to https://github.com/abersheeran/a2wsgi as a replacement."}
{"ts": "2026-08-11T12:31:08.648358256Z", "container": "smarthub-mlflow-ui", "msg": "  from starlette.middleware.wsgi import WSGIResponder, build_environ"}
{"ts": "2026-08-11T12:31:08.970132562Z", "container": "smarthub-mlflow-ui", "msg": "2026/08/11 12:31:08 WARNING mlflow.server.fastapi_security: MLFLOW_SERVER_CORS_ALLOWED_ORIGINS=* is set; disabling credentialed CORS. Wildcard origins with credentials is a CORS spec violation. Set an explicit origin allowlist to enable credentialed cross-origin requests."}
{"ts": "2026-08-11T12:31:08.971886786Z", "container": "smarthub-mlflow-ui", "msg": "2026/08/11 12:31:08 INFO:     Started server process [23]"}
{"ts": "2026-08-11T12:31:08.971895236Z", "container": "smarthub-mlflow-ui", "msg": "2026/08/11 12:31:08 INFO:     Waiting for application startup."}
{"ts": "2026-08-11T12:31:08.971899056Z", "container": "smarthub-mlflow-ui", "msg": "2026/08/11 12:31:08 INFO:     Application startup complete."}
{"ts": "2026-08-11T12:31:09.060917229Z", "container": "smarthub-mlflow-ui", "msg": "2026/08/11 12:31:09 WARNING mlflow.server.fastapi_security: MLFLOW_SERVER_CORS_ALLOWED_ORIGINS=* is set; disabling credentialed CORS. Wildcard origins with credentials is a CORS spec violation. Set an explicit origin allowlist to enable credentialed cross-origin requests."}
{"ts": "2026-08-11T12:31:09.061376922Z", "container": "smarthub-mlflow-ui", "msg": "2026/08/11 12:31:09 INFO:     Started server process [25]"}
{"ts": "2026-08-11T12:31:09.061535884Z", "container": "smarthub-mlflow-ui", "msg": "2026/08/11 12:31:09 INFO:     Waiting for application startup."}
{"ts": "2026-08-11T12:31:09.061827956Z", "container": "smarthub-mlflow-ui", "msg": "2026/08/11 12:31:09 INFO:     Application startup complete."}
{"ts": "2026-08-11T12:31:09.078181017Z", "container": "smarthub-mlflow-ui", "msg": "2026/08/11 12:31:09 WARNING mlflow.server.fastapi_security: MLFLOW_SERVER_CORS_ALLOWED_ORIGINS=* is set; disabling credentialed CORS. Wildcard origins with credentials is a CORS spec violation. Set an explicit origin allowlist to enable credentialed cross-origin requests."}
{"ts": "2026-08-11T12:31:09.078624101Z", "container": "smarthub-mlflow-ui", "msg": "2026/08/11 12:31:09 INFO:     Started server process [22]"}
{"ts": "2026-08-11T12:31:09.078676061Z", "container": "smarthub-mlflow-ui", "msg": "2026/08/11 12:31:09 INFO:     Waiting for application startup."}
{"ts": "2026-08-11T12:31:09.078934663Z", "container": "smarthub-mlflow-ui", "msg": "2026/08/11 12:31:09 INFO:     Application startup complete."}
{"ts": "2026-08-11T12:31:09.093996084Z", "container": "smarthub-mlflow-ui", "msg": "2026/08/11 12:31:09 WARNING mlflow.server.fastapi_security: MLFLOW_SERVER_CORS_ALLOWED_ORIGINS=* is set; disabling credentialed CORS. Wildcard origins with credentials is a CORS spec violation. Set an explicit origin allowlist to enable credentialed cross-origin requests."}
{"ts": "2026-08-11T12:31:09.094432257Z", "container": "smarthub-mlflow-ui", "msg": "2026/08/11 12:31:09 INFO:     Started server process [24]"}
{"ts": "2026-08-11T12:31:09.094476988Z", "container": "smarthub-mlflow-ui", "msg": "2026/08/11 12:31:09 INFO:     Waiting for application startup."}
{"ts": "2026-08-11T12:31:09.094749940Z", "container": "smarthub-mlflow-ui", "msg": "2026/08/11 12:31:09 INFO:     Application startup complete."}
{"ts": "2026-08-11T12:31:11.071206562Z", "container": "smarthub-mlflow-ui", "msg": "2026/08/11 12:31:11 WARNING mlflow.server.security: MLFLOW_SERVER_CORS_ALLOWED_ORIGINS=* is set; disabling credentialed CORS. Wildcard origins with credentials is a CORS spec violation. Set an explicit origin allowlist to enable credentialed cross-origin requests."}
{"ts": "2026-08-11T12:31:11.229795952Z", "container": "smarthub-mlflow-ui", "msg": "2026/08/11 12:31:11 WARNING mlflow.server.security: MLFLOW_SERVER_CORS_ALLOWED_ORIGINS=* is set; disabling credentialed CORS. Wildcard origins with credentials is a CORS spec violation. Set an explicit origin allowlist to enable credentialed cross-origin requests."}
{"ts": "2026-08-11T12:31:11.261598987Z", "container": "smarthub-mlflow-ui", "msg": "2026/08/11 12:31:11 WARNING mlflow.server.security: MLFLOW_SERVER_CORS_ALLOWED_ORIGINS=* is set; disabling credentialed CORS. Wildcard origins with credentials is a CORS spec violation. Set an explicit origin allowlist to enable credentialed cross-origin requests."}
{"ts": "2026-08-11T12:31:11.324248658Z", "container": "smarthub-mlflow-ui", "msg": "2026/08/11 12:31:11 WARNING mlflow.server.security: MLFLOW_SERVER_CORS_ALLOWED_ORIGINS=* is set; disabling credentialed CORS. Wildcard origins with credentials is a CORS spec violation. Set an explicit origin allowlist to enable credentialed cross-origin requests."}
{"ts": "2026-08-11T12:31:11.499590482Z", "container": "smarthub-mlflow-ui", "msg": "2026/08/11 12:31:11 WARNING mlflow.server.security: MLFLOW_SERVER_CORS_ALLOWED_ORIGINS=* is set; disabling credentialed CORS. Wildcard origins with credentials is a CORS spec violation. Set an explicit origin allowlist to enable credentialed cross-origin requests."}
{"ts": "2026-08-11T12:31:11.521302346Z", "container": "smarthub-mlflow-ui", "msg": "2026/08/11 12:31:11 WARNING mlflow.server.security: MLFLOW_SERVER_CORS_ALLOWED_ORIGINS=* is set; disabling credentialed CORS. Wildcard origins with credentials is a CORS spec violation. Set an explicit origin allowlist to enable credentialed cross-origin requests."}
{"ts": "2026-08-11T12:31:11.565382089Z", "container": "smarthub-mlflow-ui", "msg": "2026/08/11 12:31:11 WARNING mlflow.server.security: MLFLOW_SERVER_CORS_ALLOWED_ORIGINS=* is set; disabling credentialed CORS. Wildcard origins with credentials is a CORS spec violation. Set an explicit origin allowlist to enable credentialed cross-origin requests."}
{"ts": "2026-08-11T12:31:11.776171996Z", "container": "smarthub-mlflow-ui", "msg": "2026/08/11 12:31:11 INFO mlflow.server.jobs.utils: Registered online_scoring_scheduler periodic task (runs every 1 minute)"}
{"ts": "2026-08-11T12:31:11.776199447Z", "container": "smarthub-mlflow-ui", "msg": "2026/08/11 12:31:11 INFO mlflow.server.jobs.utils: Registered trace_archival_scheduler periodic task (polls every 1 minute and no-ops when trace archival is disabled or unconfigured)"}
