{"ts": "2026-08-13T07:45:47.828128765Z", "container": "smarthub-mlflow-ui", "msg": "2026/08/13 07:45:47 INFO:     Shutting down"}
{"ts": "2026-08-13T07:45:47.828155576Z", "container": "smarthub-mlflow-ui", "msg": "2026/08/13 07:45:47 INFO:     Shutting down"}
{"ts": "2026-08-13T07:45:47.828159336Z", "container": "smarthub-mlflow-ui", "msg": "2026/08/13 07:45:47 INFO:     Shutting down"}
{"ts": "2026-08-13T07:45:47.828162696Z", "container": "smarthub-mlflow-ui", "msg": "2026/08/13 07:45:47 INFO:     Shutting down"}
{"ts": "2026-08-13T07:45:47.927412946Z", "container": "smarthub-mlflow-ui", "msg": "2026/08/13 07:45:47 INFO:     Waiting for application shutdown."}
{"ts": "2026-08-13T07:45:47.927437497Z", "container": "smarthub-mlflow-ui", "msg": "2026/08/13 07:45:47 INFO:     Application shutdown complete."}
{"ts": "2026-08-13T07:45:47.927441277Z", "container": "smarthub-mlflow-ui", "msg": "2026/08/13 07:45:47 INFO:     Waiting for application shutdown."}
{"ts": "2026-08-13T07:45:47.927444487Z", "container": "smarthub-mlflow-ui", "msg": "2026/08/13 07:45:47 INFO:     Finished server process [21]"}
{"ts": "2026-08-13T07:45:47.927447477Z", "container": "smarthub-mlflow-ui", "msg": "2026/08/13 07:45:47 INFO:     Application shutdown complete."}
{"ts": "2026-08-13T07:45:47.927450487Z", "container": "smarthub-mlflow-ui", "msg": "2026/08/13 07:45:47 INFO:     Finished server process [23]"}
{"ts": "2026-08-13T07:45:47.927453407Z", "container": "smarthub-mlflow-ui", "msg": "2026/08/13 07:45:47 INFO:     Waiting for application shutdown."}
{"ts": "2026-08-13T07:45:47.927456337Z", "container": "smarthub-mlflow-ui", "msg": "2026/08/13 07:45:47 INFO:     Application shutdown complete."}
{"ts": "2026-08-13T07:45:47.927459237Z", "container": "smarthub-mlflow-ui", "msg": "2026/08/13 07:45:47 INFO:     Waiting for application shutdown."}
{"ts": "2026-08-13T07:45:47.927462177Z", "container": "smarthub-mlflow-ui", "msg": "2026/08/13 07:45:47 INFO:     Finished server process [24]"}
{"ts": "2026-08-13T07:45:47.927465087Z", "container": "smarthub-mlflow-ui", "msg": "2026/08/13 07:45:47 INFO:     Application shutdown complete."}
{"ts": "2026-08-13T07:45:47.927468007Z", "container": "smarthub-mlflow-ui", "msg": "2026/08/13 07:45:47 INFO:     Finished server process [22]"}
{"ts": "2026-08-13T07:45:48.136621884Z", "container": "smarthub-mlflow-ui", "msg": "2026/08/13 07:45:48 INFO:     Received SIGTERM, exiting."}
{"ts": "2026-08-13T07:45:48.136670525Z", "container": "smarthub-mlflow-ui", "msg": "2026/08/13 07:45:48 INFO:     Waiting for child process [21]"}
{"ts": "2026-08-13T07:45:48.136674375Z", "container": "smarthub-mlflow-ui", "msg": "2026/08/13 07:45:48 INFO:     Waiting for child process [22]"}
{"ts": "2026-08-13T07:45:48.136677605Z", "container": "smarthub-mlflow-ui", "msg": "2026/08/13 07:45:48 INFO:     Waiting for child process [23]"}
{"ts": "2026-08-13T07:45:48.136680515Z", "container": "smarthub-mlflow-ui", "msg": "2026/08/13 07:45:48 INFO:     Waiting for child process [24]"}
{"ts": "2026-08-13T07:45:48.136683505Z", "container": "smarthub-mlflow-ui", "msg": "2026/08/13 07:45:48 INFO:     Stopping parent process [18]"}
{"ts": "2026-08-13T07:48:43.544641462Z", "container": "smarthub-mlflow-ui", "msg": "WARNING: Accepting ALL hosts. This may leave the server vulnerable to DNS rebinding attacks."}
{"ts": "2026-08-13T07:48:43.544686562Z", "container": "smarthub-mlflow-ui", "msg": "WARNING: Allowing ALL origins for CORS. This allows ANY website to access your MLflow data. This configuration is only recommended for local development."}
{"ts": "2026-08-13T07:48:43.544690862Z", "container": "smarthub-mlflow-ui", "msg": "Registry store URI not provided. Using backend store URI."}
{"ts": "2026-08-13T07:48:43.676248900Z", "container": "smarthub-mlflow-ui", "msg": "[MLflow] Security middleware enabled. Allowed hosts: *. CORS origins: *."}
{"ts": "2026-08-13T07:48:43.792259084Z", "container": "smarthub-mlflow-ui", "msg": "2026/08/13 07:48:43 INFO:     Uvicorn running on http://0.0.0.0:5000 (Press CTRL+C to quit)"}
{"ts": "2026-08-13T07:48:43.792299465Z", "container": "smarthub-mlflow-ui", "msg": "2026/08/13 07:48:43 INFO:     Started parent process [19]"}
{"ts": "2026-08-13T07:48:45.757984315Z", "container": "smarthub-mlflow-ui", "msg": "2026/08/13 07:48:45 WARNING mlflow.server.security: MLFLOW_SERVER_CORS_ALLOWED_ORIGINS=* is set; disabling credentialed CORS. Wildcard origins with credentials is a CORS spec violation. Set an explicit origin allowlist to enable credentialed cross-origin requests."}
{"ts": "2026-08-13T07:48:45.820588874Z", "container": "smarthub-mlflow-ui", "msg": "2026/08/13 07:48:45 WARNING mlflow.server.security: MLFLOW_SERVER_CORS_ALLOWED_ORIGINS=* is set; disabling credentialed CORS. Wildcard origins with credentials is a CORS spec violation. Set an explicit origin allowlist to enable credentialed cross-origin requests."}
{"ts": "2026-08-13T07:48:45.844341864Z", "container": "smarthub-mlflow-ui", "msg": "2026/08/13 07:48:45 WARNING mlflow.server.security: MLFLOW_SERVER_CORS_ALLOWED_ORIGINS=* is set; disabling credentialed CORS. Wildcard origins with credentials is a CORS spec violation. Set an explicit origin allowlist to enable credentialed cross-origin requests."}
{"ts": "2026-08-13T07:48:45.853826539Z", "container": "smarthub-mlflow-ui", "msg": "/usr/local/lib/python3.12/site-packages/mlflow/server/fastapi_app.py:19: StarletteDeprecationWarning: starlette.middleware.wsgi is deprecated and will be removed in a future release. Please refer to https://github.com/abersheeran/a2wsgi as a replacement."}
{"ts": "2026-08-13T07:48:45.853841159Z", "container": "smarthub-mlflow-ui", "msg": "  from starlette.middleware.wsgi import WSGIResponder, build_environ"}
{"ts": "2026-08-13T07:48:45.861387799Z", "container": "smarthub-mlflow-ui", "msg": "2026/08/13 07:48:45 WARNING mlflow.server.security: MLFLOW_SERVER_CORS_ALLOWED_ORIGINS=* is set; disabling credentialed CORS. Wildcard origins with credentials is a CORS spec violation. Set an explicit origin allowlist to enable credentialed cross-origin requests."}
{"ts": "2026-08-13T07:48:45.875289530Z", "container": "smarthub-mlflow-ui", "msg": "2026/08/13 07:48:45 WARNING mlflow.server.security: MLFLOW_SERVER_CORS_ALLOWED_ORIGINS=* is set; disabling credentialed CORS. Wildcard origins with credentials is a CORS spec violation. Set an explicit origin allowlist to enable credentialed cross-origin requests."}
{"ts": "2026-08-13T07:48:45.939041098Z", "container": "smarthub-mlflow-ui", "msg": "/usr/local/lib/python3.12/site-packages/mlflow/server/fastapi_app.py:19: StarletteDeprecationWarning: starlette.middleware.wsgi is deprecated and will be removed in a future release. Please refer to https://github.com/abersheeran/a2wsgi as a replacement."}
{"ts": "2026-08-13T07:48:45.939073688Z", "container": "smarthub-mlflow-ui", "msg": "  from starlette.middleware.wsgi import WSGIResponder, build_environ"}
{"ts": "2026-08-13T07:48:45.948994467Z", "container": "smarthub-mlflow-ui", "msg": "/usr/local/lib/python3.12/site-packages/mlflow/server/fastapi_app.py:19: StarletteDeprecationWarning: starlette.middleware.wsgi is deprecated and will be removed in a future release. Please refer to https://github.com/abersheeran/a2wsgi as a replacement."}
{"ts": "2026-08-13T07:48:45.949010167Z", "container": "smarthub-mlflow-ui", "msg": "  from starlette.middleware.wsgi import WSGIResponder, build_environ"}
{"ts": "2026-08-13T07:48:45.968548843Z", "container": "smarthub-mlflow-ui", "msg": "/usr/local/lib/python3.12/site-packages/mlflow/server/fastapi_app.py:19: StarletteDeprecationWarning: starlette.middleware.wsgi is deprecated and will be removed in a future release. Please refer to https://github.com/abersheeran/a2wsgi as a replacement."}
{"ts": "2026-08-13T07:48:45.968582313Z", "container": "smarthub-mlflow-ui", "msg": "  from starlette.middleware.wsgi import WSGIResponder, build_environ"}
{"ts": "2026-08-13T07:48:46.319446688Z", "container": "smarthub-mlflow-ui", "msg": "2026/08/13 07:48:46 WARNING mlflow.server.fastapi_security: MLFLOW_SERVER_CORS_ALLOWED_ORIGINS=* is set; disabling credentialed CORS. Wildcard origins with credentials is a CORS spec violation. Set an explicit origin allowlist to enable credentialed cross-origin requests."}
{"ts": "2026-08-13T07:48:46.319479049Z", "container": "smarthub-mlflow-ui", "msg": "2026/08/13 07:48:46 INFO:     Started server process [23]"}
{"ts": "2026-08-13T07:48:46.319482819Z", "container": "smarthub-mlflow-ui", "msg": "2026/08/13 07:48:46 INFO:     Waiting for application startup."}
{"ts": "2026-08-13T07:48:46.319485999Z", "container": "smarthub-mlflow-ui", "msg": "2026/08/13 07:48:46 INFO:     Application startup complete."}
{"ts": "2026-08-13T07:48:46.343441310Z", "container": "smarthub-mlflow-ui", "msg": "2026/08/13 07:48:46 WARNING mlflow.server.fastapi_security: MLFLOW_SERVER_CORS_ALLOWED_ORIGINS=* is set; disabling credentialed CORS. Wildcard origins with credentials is a CORS spec violation. Set an explicit origin allowlist to enable credentialed cross-origin requests."}
{"ts": "2026-08-13T07:48:46.344474238Z", "container": "smarthub-mlflow-ui", "msg": "2026/08/13 07:48:46 INFO:     Started server process [22]"}
{"ts": "2026-08-13T07:48:46.344484728Z", "container": "smarthub-mlflow-ui", "msg": "2026/08/13 07:48:46 INFO:     Waiting for application startup."}
{"ts": "2026-08-13T07:48:46.344488488Z", "container": "smarthub-mlflow-ui", "msg": "2026/08/13 07:48:46 INFO:     Application startup complete."}
{"ts": "2026-08-13T07:48:46.403423488Z", "container": "smarthub-mlflow-ui", "msg": "2026/08/13 07:48:46 WARNING mlflow.server.fastapi_security: MLFLOW_SERVER_CORS_ALLOWED_ORIGINS=* is set; disabling credentialed CORS. Wildcard origins with credentials is a CORS spec violation. Set an explicit origin allowlist to enable credentialed cross-origin requests."}
{"ts": "2026-08-13T07:48:46.403457258Z", "container": "smarthub-mlflow-ui", "msg": "2026/08/13 07:48:46 INFO:     Started server process [25]"}
{"ts": "2026-08-13T07:48:46.403461118Z", "container": "smarthub-mlflow-ui", "msg": "2026/08/13 07:48:46 INFO:     Waiting for application startup."}
{"ts": "2026-08-13T07:48:46.403464348Z", "container": "smarthub-mlflow-ui", "msg": "2026/08/13 07:48:46 INFO:     Application startup complete."}
{"ts": "2026-08-13T07:48:46.419415385Z", "container": "smarthub-mlflow-ui", "msg": "2026/08/13 07:48:46 WARNING mlflow.server.fastapi_security: MLFLOW_SERVER_CORS_ALLOWED_ORIGINS=* is set; disabling credentialed CORS. Wildcard origins with credentials is a CORS spec violation. Set an explicit origin allowlist to enable credentialed cross-origin requests."}
{"ts": "2026-08-13T07:48:46.420158471Z", "container": "smarthub-mlflow-ui", "msg": "2026/08/13 07:48:46 INFO:     Started server process [24]"}
{"ts": "2026-08-13T07:48:46.420167771Z", "container": "smarthub-mlflow-ui", "msg": "2026/08/13 07:48:46 INFO:     Waiting for application startup."}
{"ts": "2026-08-13T07:48:46.420171531Z", "container": "smarthub-mlflow-ui", "msg": "2026/08/13 07:48:46 INFO:     Application startup complete."}
{"ts": "2026-08-13T07:48:48.533488968Z", "container": "smarthub-mlflow-ui", "msg": "2026/08/13 07:48:48 WARNING mlflow.server.security: MLFLOW_SERVER_CORS_ALLOWED_ORIGINS=* is set; disabling credentialed CORS. Wildcard origins with credentials is a CORS spec violation. Set an explicit origin allowlist to enable credentialed cross-origin requests."}
{"ts": "2026-08-13T07:48:48.560995427Z", "container": "smarthub-mlflow-ui", "msg": "2026/08/13 07:48:48 WARNING mlflow.server.security: MLFLOW_SERVER_CORS_ALLOWED_ORIGINS=* is set; disabling credentialed CORS. Wildcard origins with credentials is a CORS spec violation. Set an explicit origin allowlist to enable credentialed cross-origin requests."}
{"ts": "2026-08-13T07:48:48.562974313Z", "container": "smarthub-mlflow-ui", "msg": "2026/08/13 07:48:48 WARNING mlflow.server.security: MLFLOW_SERVER_CORS_ALLOWED_ORIGINS=* is set; disabling credentialed CORS. Wildcard origins with credentials is a CORS spec violation. Set an explicit origin allowlist to enable credentialed cross-origin requests."}
{"ts": "2026-08-13T07:48:48.707902348Z", "container": "smarthub-mlflow-ui", "msg": "2026/08/13 07:48:48 WARNING mlflow.server.security: MLFLOW_SERVER_CORS_ALLOWED_ORIGINS=* is set; disabling credentialed CORS. Wildcard origins with credentials is a CORS spec violation. Set an explicit origin allowlist to enable credentialed cross-origin requests."}
{"ts": "2026-08-13T07:48:48.723053028Z", "container": "smarthub-mlflow-ui", "msg": "2026/08/13 07:48:48 WARNING mlflow.server.security: MLFLOW_SERVER_CORS_ALLOWED_ORIGINS=* is set; disabling credentialed CORS. Wildcard origins with credentials is a CORS spec violation. Set an explicit origin allowlist to enable credentialed cross-origin requests."}
{"ts": "2026-08-13T07:48:48.742807086Z", "container": "smarthub-mlflow-ui", "msg": "2026/08/13 07:48:48 WARNING mlflow.server.security: MLFLOW_SERVER_CORS_ALLOWED_ORIGINS=* is set; disabling credentialed CORS. Wildcard origins with credentials is a CORS spec violation. Set an explicit origin allowlist to enable credentialed cross-origin requests."}
{"ts": "2026-08-13T07:48:48.919614804Z", "container": "smarthub-mlflow-ui", "msg": "2026/08/13 07:48:48 INFO mlflow.server.jobs.utils: Registered online_scoring_scheduler periodic task (runs every 1 minute)"}
{"ts": "2026-08-13T07:48:48.919644305Z", "container": "smarthub-mlflow-ui", "msg": "2026/08/13 07:48:48 INFO mlflow.server.jobs.utils: Registered trace_archival_scheduler periodic task (polls every 1 minute and no-ops when trace archival is disabled or unconfigured)"}
{"ts": "2026-08-13T07:48:49.007111861Z", "container": "smarthub-mlflow-ui", "msg": "2026/08/13 07:48:49 WARNING mlflow.server.security: MLFLOW_SERVER_CORS_ALLOWED_ORIGINS=* is set; disabling credentialed CORS. Wildcard origins with credentials is a CORS spec violation. Set an explicit origin allowlist to enable credentialed cross-origin requests."}
{"ts": "2026-08-13T11:11:02.799457637Z", "container": "smarthub-mlflow-ui", "msg": "2026/08/13 11:11:02 INFO:     Received SIGTERM, exiting."}
{"ts": "2026-08-13T11:11:02.799474237Z", "container": "smarthub-mlflow-ui", "msg": "2026/08/13 11:11:02 INFO:     Terminated child process [22]"}
{"ts": "2026-08-13T11:11:02.799477937Z", "container": "smarthub-mlflow-ui", "msg": "2026/08/13 11:11:02 INFO:     Terminated child process [23]"}
{"ts": "2026-08-13T11:11:02.799481097Z", "container": "smarthub-mlflow-ui", "msg": "2026/08/13 11:11:02 INFO:     Terminated child process [24]"}
{"ts": "2026-08-13T11:11:02.799484037Z", "container": "smarthub-mlflow-ui", "msg": "2026/08/13 11:11:02 INFO:     Terminated child process [25]"}
{"ts": "2026-08-13T11:11:02.799486987Z", "container": "smarthub-mlflow-ui", "msg": "2026/08/13 11:11:02 INFO:     Waiting for child process [22]"}
{"ts": "2026-08-13T11:11:02.809640378Z", "container": "smarthub-mlflow-ui", "msg": "2026/08/13 11:11:02 INFO:     Shutting down"}
{"ts": "2026-08-13T11:11:02.872011523Z", "container": "smarthub-mlflow-ui", "msg": "2026/08/13 11:11:02 INFO:     Shutting down"}
{"ts": "2026-08-13T11:11:02.881343937Z", "container": "smarthub-mlflow-ui", "msg": "2026/08/13 11:11:02 INFO:     Shutting down"}
{"ts": "2026-08-13T11:11:02.881367757Z", "container": "smarthub-mlflow-ui", "msg": "2026/08/13 11:11:02 INFO:     Shutting down"}
{"ts": "2026-08-13T11:11:02.911406976Z", "container": "smarthub-mlflow-ui", "msg": "2026/08/13 11:11:02 INFO:     Waiting for application shutdown."}
{"ts": "2026-08-13T11:11:02.911433396Z", "container": "smarthub-mlflow-ui", "msg": "2026/08/13 11:11:02 INFO:     Application shutdown complete."}
{"ts": "2026-08-13T11:11:02.911436966Z", "container": "smarthub-mlflow-ui", "msg": "2026/08/13 11:11:02 INFO:     Finished server process [25]"}
{"ts": "2026-08-13T11:11:02.973287207Z", "container": "smarthub-mlflow-ui", "msg": "2026/08/13 11:11:02 INFO:     Waiting for application shutdown."}
{"ts": "2026-08-13T11:11:02.973310828Z", "container": "smarthub-mlflow-ui", "msg": "2026/08/13 11:11:02 INFO:     Application shutdown complete."}
{"ts": "2026-08-13T11:11:02.974442757Z", "container": "smarthub-mlflow-ui", "msg": "2026/08/13 11:11:02 INFO:     Finished server process [22]"}
{"ts": "2026-08-13T11:11:02.979231325Z", "container": "smarthub-mlflow-ui", "msg": "2026/08/13 11:11:02 INFO:     Waiting for application shutdown."}
{"ts": "2026-08-13T11:11:02.979266715Z", "container": "smarthub-mlflow-ui", "msg": "2026/08/13 11:11:02 INFO:     Waiting for application shutdown."}
{"ts": "2026-08-13T11:11:02.983405648Z", "container": "smarthub-mlflow-ui", "msg": "2026/08/13 11:11:02 INFO:     Application shutdown complete."}
{"ts": "2026-08-13T11:11:02.983424018Z", "container": "smarthub-mlflow-ui", "msg": "2026/08/13 11:11:02 INFO:     Finished server process [23]"}
{"ts": "2026-08-13T11:11:02.983427798Z", "container": "smarthub-mlflow-ui", "msg": "2026/08/13 11:11:02 INFO:     Application shutdown complete."}
{"ts": "2026-08-13T11:11:02.983431118Z", "container": "smarthub-mlflow-ui", "msg": "2026/08/13 11:11:02 INFO:     Finished server process [24]"}
{"ts": "2026-08-13T11:11:02.998505238Z", "container": "smarthub-mlflow-ui", "msg": "2026/08/13 11:11:02 INFO:     Waiting for child process [23]"}
{"ts": "2026-08-13T11:11:03.001323290Z", "container": "smarthub-mlflow-ui", "msg": "2026/08/13 11:11:03 INFO:     Waiting for child process [24]"}
{"ts": "2026-08-13T11:11:03.006531192Z", "container": "smarthub-mlflow-ui", "msg": "2026/08/13 11:11:03 INFO:     Waiting for child process [25]"}
{"ts": "2026-08-13T11:11:03.006546562Z", "container": "smarthub-mlflow-ui", "msg": "2026/08/13 11:11:03 INFO:     Stopping parent process [19]"}
{"ts": "2026-08-13T11:27:48.859876019Z", "container": "smarthub-mlflow-ui", "msg": "WARNING: Accepting ALL hosts. This may leave the server vulnerable to DNS rebinding attacks."}
{"ts": "2026-08-13T11:27:48.859915619Z", "container": "smarthub-mlflow-ui", "msg": "WARNING: Allowing ALL origins for CORS. This allows ANY website to access your MLflow data. This configuration is only recommended for local development."}
{"ts": "2026-08-13T11:27:48.859919839Z", "container": "smarthub-mlflow-ui", "msg": "Registry store URI not provided. Using backend store URI."}
{"ts": "2026-08-13T11:27:48.992185366Z", "container": "smarthub-mlflow-ui", "msg": "[MLflow] Security middleware enabled. Allowed hosts: *. CORS origins: *."}
{"ts": "2026-08-13T11:27:49.108705235Z", "container": "smarthub-mlflow-ui", "msg": "2026/08/13 11:27:49 INFO:     Uvicorn running on http://0.0.0.0:5000 (Press CTRL+C to quit)"}
{"ts": "2026-08-13T11:27:49.108758996Z", "container": "smarthub-mlflow-ui", "msg": "2026/08/13 11:27:49 INFO:     Started parent process [19]"}
{"ts": "2026-08-13T11:27:51.015157899Z", "container": "smarthub-mlflow-ui", "msg": "2026/08/13 11:27:51 WARNING mlflow.server.security: MLFLOW_SERVER_CORS_ALLOWED_ORIGINS=* is set; disabling credentialed CORS. Wildcard origins with credentials is a CORS spec violation. Set an explicit origin allowlist to enable credentialed cross-origin requests."}
{"ts": "2026-08-13T11:27:51.113886166Z", "container": "smarthub-mlflow-ui", "msg": "2026/08/13 11:27:51 WARNING mlflow.server.security: MLFLOW_SERVER_CORS_ALLOWED_ORIGINS=* is set; disabling credentialed CORS. Wildcard origins with credentials is a CORS spec violation. Set an explicit origin allowlist to enable credentialed cross-origin requests."}
{"ts": "2026-08-13T11:27:51.127730027Z", "container": "smarthub-mlflow-ui", "msg": "2026/08/13 11:27:51 WARNING mlflow.server.security: MLFLOW_SERVER_CORS_ALLOWED_ORIGINS=* is set; disabling credentialed CORS. Wildcard origins with credentials is a CORS spec violation. Set an explicit origin allowlist to enable credentialed cross-origin requests."}
{"ts": "2026-08-13T11:27:51.158692267Z", "container": "smarthub-mlflow-ui", "msg": "2026/08/13 11:27:51 WARNING mlflow.server.security: MLFLOW_SERVER_CORS_ALLOWED_ORIGINS=* is set; disabling credentialed CORS. Wildcard origins with credentials is a CORS spec violation. Set an explicit origin allowlist to enable credentialed cross-origin requests."}
{"ts": "2026-08-13T11:27:51.193863171Z", "container": "smarthub-mlflow-ui", "msg": "2026/08/13 11:27:51 WARNING mlflow.server.security: MLFLOW_SERVER_CORS_ALLOWED_ORIGINS=* is set; disabling credentialed CORS. Wildcard origins with credentials is a CORS spec violation. Set an explicit origin allowlist to enable credentialed cross-origin requests."}
{"ts": "2026-08-13T11:27:51.209226964Z", "container": "smarthub-mlflow-ui", "msg": "/usr/local/lib/python3.12/site-packages/mlflow/server/fastapi_app.py:19: StarletteDeprecationWarning: starlette.middleware.wsgi is deprecated and will be removed in a future release. Please refer to https://github.com/abersheeran/a2wsgi as a replacement."}
{"ts": "2026-08-13T11:27:51.209254665Z", "container": "smarthub-mlflow-ui", "msg": "  from starlette.middleware.wsgi import WSGIResponder, build_environ"}
{"ts": "2026-08-13T11:27:51.232432172Z", "container": "smarthub-mlflow-ui", "msg": "/usr/local/lib/python3.12/site-packages/mlflow/server/fastapi_app.py:19: StarletteDeprecationWarning: starlette.middleware.wsgi is deprecated and will be removed in a future release. Please refer to https://github.com/abersheeran/a2wsgi as a replacement."}
{"ts": "2026-08-13T11:27:51.232458432Z", "container": "smarthub-mlflow-ui", "msg": "  from starlette.middleware.wsgi import WSGIResponder, build_environ"}
{"ts": "2026-08-13T11:27:51.288791676Z", "container": "smarthub-mlflow-ui", "msg": "/usr/local/lib/python3.12/site-packages/mlflow/server/fastapi_app.py:19: StarletteDeprecationWarning: starlette.middleware.wsgi is deprecated and will be removed in a future release. Please refer to https://github.com/abersheeran/a2wsgi as a replacement."}
{"ts": "2026-08-13T11:27:51.288818606Z", "container": "smarthub-mlflow-ui", "msg": "  from starlette.middleware.wsgi import WSGIResponder, build_environ"}
{"ts": "2026-08-13T11:27:51.301988383Z", "container": "smarthub-mlflow-ui", "msg": "/usr/local/lib/python3.12/site-packages/mlflow/server/fastapi_app.py:19: StarletteDeprecationWarning: starlette.middleware.wsgi is deprecated and will be removed in a future release. Please refer to https://github.com/abersheeran/a2wsgi as a replacement."}
{"ts": "2026-08-13T11:27:51.302026833Z", "container": "smarthub-mlflow-ui", "msg": "  from starlette.middleware.wsgi import WSGIResponder, build_environ"}
{"ts": "2026-08-13T11:27:51.623430514Z", "container": "smarthub-mlflow-ui", "msg": "2026/08/13 11:27:51 WARNING mlflow.server.fastapi_security: MLFLOW_SERVER_CORS_ALLOWED_ORIGINS=* is set; disabling credentialed CORS. Wildcard origins with credentials is a CORS spec violation. Set an explicit origin allowlist to enable credentialed cross-origin requests."}
{"ts": "2026-08-13T11:27:51.624257311Z", "container": "smarthub-mlflow-ui", "msg": "2026/08/13 11:27:51 INFO:     Started server process [23]"}
{"ts": "2026-08-13T11:27:51.624269231Z", "container": "smarthub-mlflow-ui", "msg": "2026/08/13 11:27:51 INFO:     Waiting for application startup."}
{"ts": "2026-08-13T11:27:51.624272991Z", "container": "smarthub-mlflow-ui", "msg": "2026/08/13 11:27:51 INFO:     Application startup complete."}
{"ts": "2026-08-13T11:27:51.658144305Z", "container": "smarthub-mlflow-ui", "msg": "2026/08/13 11:27:51 WARNING mlflow.server.fastapi_security: MLFLOW_SERVER_CORS_ALLOWED_ORIGINS=* is set; disabling credentialed CORS. Wildcard origins with credentials is a CORS spec violation. Set an explicit origin allowlist to enable credentialed cross-origin requests."}
{"ts": "2026-08-13T11:27:51.658183055Z", "container": "smarthub-mlflow-ui", "msg": "2026/08/13 11:27:51 INFO:     Started server process [25]"}
{"ts": "2026-08-13T11:27:51.658186905Z", "container": "smarthub-mlflow-ui", "msg": "2026/08/13 11:27:51 INFO:     Waiting for application startup."}
{"ts": "2026-08-13T11:27:51.658190035Z", "container": "smarthub-mlflow-ui", "msg": "2026/08/13 11:27:51 INFO:     Application startup complete."}
{"ts": "2026-08-13T11:27:51.957085945Z", "container": "smarthub-mlflow-ui", "msg": "2026/08/13 11:27:51 WARNING mlflow.server.fastapi_security: MLFLOW_SERVER_CORS_ALLOWED_ORIGINS=* is set; disabling credentialed CORS. Wildcard origins with credentials is a CORS spec violation. Set an explicit origin allowlist to enable credentialed cross-origin requests."}
{"ts": "2026-08-13T11:27:51.957117476Z", "container": "smarthub-mlflow-ui", "msg": "2026/08/13 11:27:51 INFO:     Started server process [22]"}
{"ts": "2026-08-13T11:27:51.957121226Z", "container": "smarthub-mlflow-ui", "msg": "2026/08/13 11:27:51 INFO:     Waiting for application startup."}
{"ts": "2026-08-13T11:27:51.957124736Z", "container": "smarthub-mlflow-ui", "msg": "2026/08/13 11:27:51 INFO:     Application startup complete."}
{"ts": "2026-08-13T11:27:51.962956963Z", "container": "smarthub-mlflow-ui", "msg": "2026/08/13 11:27:51 WARNING mlflow.server.fastapi_security: MLFLOW_SERVER_CORS_ALLOWED_ORIGINS=* is set; disabling credentialed CORS. Wildcard origins with credentials is a CORS spec violation. Set an explicit origin allowlist to enable credentialed cross-origin requests."}
{"ts": "2026-08-13T11:27:51.962989533Z", "container": "smarthub-mlflow-ui", "msg": "2026/08/13 11:27:51 INFO:     Started server process [24]"}
{"ts": "2026-08-13T11:27:51.962993563Z", "container": "smarthub-mlflow-ui", "msg": "2026/08/13 11:27:51 INFO:     Waiting for application startup."}
{"ts": "2026-08-13T11:27:51.962997043Z", "container": "smarthub-mlflow-ui", "msg": "2026/08/13 11:27:51 INFO:     Application startup complete."}
{"ts": "2026-08-13T11:27:53.574988642Z", "container": "smarthub-mlflow-ui", "msg": "2026/08/13 11:27:53 WARNING mlflow.server.security: MLFLOW_SERVER_CORS_ALLOWED_ORIGINS=* is set; disabling credentialed CORS. Wildcard origins with credentials is a CORS spec violation. Set an explicit origin allowlist to enable credentialed cross-origin requests."}
{"ts": "2026-08-13T11:27:53.641233347Z", "container": "smarthub-mlflow-ui", "msg": "2026/08/13 11:27:53 WARNING mlflow.server.security: MLFLOW_SERVER_CORS_ALLOWED_ORIGINS=* is set; disabling credentialed CORS. Wildcard origins with credentials is a CORS spec violation. Set an explicit origin allowlist to enable credentialed cross-origin requests."}
{"ts": "2026-08-13T11:27:53.694377355Z", "container": "smarthub-mlflow-ui", "msg": "2026/08/13 11:27:53 WARNING mlflow.server.security: MLFLOW_SERVER_CORS_ALLOWED_ORIGINS=* is set; disabling credentialed CORS. Wildcard origins with credentials is a CORS spec violation. Set an explicit origin allowlist to enable credentialed cross-origin requests."}
{"ts": "2026-08-13T11:27:53.867678003Z", "container": "smarthub-mlflow-ui", "msg": "2026/08/13 11:27:53 WARNING mlflow.server.security: MLFLOW_SERVER_CORS_ALLOWED_ORIGINS=* is set; disabling credentialed CORS. Wildcard origins with credentials is a CORS spec violation. Set an explicit origin allowlist to enable credentialed cross-origin requests."}
{"ts": "2026-08-13T11:27:53.898909615Z", "container": "smarthub-mlflow-ui", "msg": "2026/08/13 11:27:53 WARNING mlflow.server.security: MLFLOW_SERVER_CORS_ALLOWED_ORIGINS=* is set; disabling credentialed CORS. Wildcard origins with credentials is a CORS spec violation. Set an explicit origin allowlist to enable credentialed cross-origin requests."}
{"ts": "2026-08-13T11:27:53.985248911Z", "container": "smarthub-mlflow-ui", "msg": "2026/08/13 11:27:53 WARNING mlflow.server.security: MLFLOW_SERVER_CORS_ALLOWED_ORIGINS=* is set; disabling credentialed CORS. Wildcard origins with credentials is a CORS spec violation. Set an explicit origin allowlist to enable credentialed cross-origin requests."}
{"ts": "2026-08-13T11:27:53.996058528Z", "container": "smarthub-mlflow-ui", "msg": "2026/08/13 11:27:53 WARNING mlflow.server.security: MLFLOW_SERVER_CORS_ALLOWED_ORIGINS=* is set; disabling credentialed CORS. Wildcard origins with credentials is a CORS spec violation. Set an explicit origin allowlist to enable credentialed cross-origin requests."}
{"ts": "2026-08-13T11:27:53.999195814Z", "container": "smarthub-mlflow-ui", "msg": "2026/08/13 11:27:53 INFO mlflow.server.jobs.utils: Registered online_scoring_scheduler periodic task (runs every 1 minute)"}
{"ts": "2026-08-13T11:27:53.999499716Z", "container": "smarthub-mlflow-ui", "msg": "2026/08/13 11:27:53 INFO mlflow.server.jobs.utils: Registered trace_archival_scheduler periodic task (polls every 1 minute and no-ops when trace archival is disabled or unconfigured)"}
